Component: ARM Compiler 5.06 update 6 (build 750) Tool: armlink [4d35ed]

==============================================================================

Section Cross References

    main.o(i.PIT_IRQHandler) refers to main.o(.data) for counter
    main.o(i.PORTA_IRQHandler) refers to rtx_semaphore.o(.text.osSemaphoreRelease) for osSemaphoreRelease
    main.o(i.PORTA_IRQHandler) refers to main.o(.data) for ultraFlag
    main.o(i.TPM0_IRQHandler) refers to rtx_semaphore.o(.text.osSemaphoreRelease) for osSemaphoreRelease
    main.o(i.TPM0_IRQHandler) refers to main.o(.data) for consecutive
    main.o(i.UART2_IRQHandler) refers to main.o(.data) for data_to_send
    main.o(i.app_main) refers to main.o(i.__ARM_common_switch8) for __ARM_common_switch8
    main.o(i.app_main) refers to main.o(i.calc_cnv) for calc_cnv
    main.o(i.app_main) refers to fflti.o(.text) for __aeabi_i2f
    main.o(i.app_main) refers to fmul.o(.text) for __aeabi_fmul
    main.o(i.app_main) refers to ffixui.o(.text) for __aeabi_f2uiz
    main.o(i.app_main) refers to main.o(.data) for received_data
    main.o(i.calc_cnv) refers to fflti.o(.text) for __aeabi_i2f
    main.o(i.calc_cnv) refers to fmul.o(.text) for __aeabi_fmul
    main.o(i.calc_cnv) refers to ffixi.o(.text) for __aeabi_f2iz
    main.o(i.calc_mod) refers to idiv.o(.text) for __aeabi_idivmod
    main.o(i.initPIT) refers to main.o(i.__NVIC_ClearPendingIRQ) for __NVIC_ClearPendingIRQ
    main.o(i.initPIT) refers to main.o(i.__NVIC_SetPriority) for __NVIC_SetPriority
    main.o(i.initPIT) refers to main.o(i.__NVIC_EnableIRQ) for __NVIC_EnableIRQ
    main.o(i.initPWM) refers to main.o(i.calc_mod) for calc_mod
    main.o(i.initPWM) refers to main.o(i.calc_cnv) for calc_cnv
    main.o(i.initUART) refers to uidiv.o(.text) for __aeabi_uidivmod
    main.o(i.initUART) refers to main.o(i.__NVIC_ClearPendingIRQ) for __NVIC_ClearPendingIRQ
    main.o(i.initUART) refers to main.o(i.__NVIC_SetPriority) for __NVIC_SetPriority
    main.o(i.initUART) refers to main.o(i.__NVIC_EnableIRQ) for __NVIC_EnableIRQ
    main.o(i.initUltrasound) refers to main.o(i.__NVIC_ClearPendingIRQ) for __NVIC_ClearPendingIRQ
    main.o(i.initUltrasound) refers to main.o(i.__NVIC_SetPriority) for __NVIC_SetPriority
    main.o(i.initUltrasound) refers to main.o(i.__NVIC_EnableIRQ) for __NVIC_EnableIRQ
    main.o(i.main) refers to system_mkl25z4.o(i.SystemCoreClockUpdate) for SystemCoreClockUpdate
    main.o(i.main) refers to main.o(i.InitGPIOMotor) for InitGPIOMotor
    main.o(i.main) refers to main.o(i.initPIT) for initPIT
    main.o(i.main) refers to main.o(i.initUltrasound) for initUltrasound
    main.o(i.main) refers to main.o(i.initUART) for initUART
    main.o(i.main) refers to rtx_kernel.o(.text.osKernelInitialize) for osKernelInitialize
    main.o(i.main) refers to rtx_semaphore.o(.text.osSemaphoreNew) for osSemaphoreNew
    main.o(i.main) refers to rtx_thread.o(.text.osThreadNew) for osThreadNew
    main.o(i.main) refers to rtx_kernel.o(.text.osKernelStart) for osKernelStart
    main.o(i.main) refers to main.o(.data) for ultraSem
    main.o(i.main) refers to main.o(i.ultrasonic) for ultrasonic
    main.o(i.ultrasonic) refers to rtx_delay.o(.text.osDelay) for osDelay
    main.o(i.ultrasonic) refers to rtx_semaphore.o(.text.osSemaphoreAcquire) for osSemaphoreAcquire
    main.o(i.ultrasonic) refers to dflti.o(.text) for __aeabi_i2d
    main.o(i.ultrasonic) refers to dmul.o(.text) for __aeabi_dmul
    main.o(i.ultrasonic) refers to ddiv.o(.text) for __aeabi_ddiv
    main.o(i.ultrasonic) refers to d2f.o(.text) for __aeabi_d2f
    main.o(i.ultrasonic) refers to main.o(.data) for ultraSem
    rtx_lib.o(.constdata) refers to rtx_lib.o(.bss.os.thread.cb) for os_idle_thread_cb
    rtx_lib.o(.constdata) refers to rtx_lib.o(.bss.os.thread.stack) for os_idle_thread_stack
    rtx_lib.o(.constdata) refers to rtx_lib.o(.bss.os.msgqueue.cb) for os_timer_mq_cb
    rtx_lib.o(.constdata) refers to rtx_lib.o(.bss.os.msgqueue.mem) for os_timer_mq_data
    rtx_lib.o(.data) refers to irq_cm0.o(.constdata) for irqRtxLib
    rtx_lib.o(.rodata) refers to rtx_lib.o(.bss.os) for os_isr_queue
    rtx_lib.o(.rodata) refers to rtx_lib.o(.constdata) for os_idle_thread_attr
    rtx_config.o(i.osRtxErrorNotify) refers to main.o(i.__ARM_common_switch8) for __ARM_common_switch8
    startup_mkl25z4.o(RESET) refers to startup_mkl25z4.o(STACK) for __initial_sp
    startup_mkl25z4.o(RESET) refers to startup_mkl25z4.o(.text) for Reset_Handler
    startup_mkl25z4.o(RESET) refers to irq_cm0.o(.text) for SVC_Handler
    startup_mkl25z4.o(RESET) refers to main.o(i.UART2_IRQHandler) for UART2_IRQHandler
    startup_mkl25z4.o(RESET) refers to main.o(i.TPM0_IRQHandler) for TPM0_IRQHandler
    startup_mkl25z4.o(RESET) refers to main.o(i.PIT_IRQHandler) for PIT_IRQHandler
    startup_mkl25z4.o(RESET) refers to main.o(i.PORTA_IRQHandler) for PORTA_IRQHandler
    startup_mkl25z4.o(.text) refers to system_mkl25z4.o(i.SystemInit) for SystemInit
[...]
    Removing rtx_kernel.o(.ARM.exidx.text.svcRtxKernelGetState), (8 bytes).
    Removing rtx_kernel.o(.ARM.exidx.text.osKernelStart), (8 bytes).
    Removing rtx_kernel.o(.text.osKernelLock), (36 bytes).
    Removing rtx_kernel.o(.ARM.exidx.text.osKernelLock), (8 bytes).
    Removing rtx_kernel.o(.text.osKernelUnlock), (36 bytes).
    Removing rtx_kernel.o(.ARM.exidx.text.osKernelUnlock), (8 bytes).
    Removing rtx_kernel.o(.text.osKernelRestoreLock), (40 bytes).
    Removing rtx_kernel.o(.ARM.exidx.text.osKernelRestoreLock), (8 bytes).
    Removing rtx_kernel.o(.text.osKernelSuspend), (32 bytes).
    Removing rtx_kernel.o(.ARM.exidx.text.osKernelSuspend), (8 bytes).
    Removing rtx_kernel.o(.text.osKernelResume), (32 bytes).
    Removing rtx_kernel.o(.ARM.exidx.text.osKernelResume), (8 bytes).
    Removing rtx_kernel.o(.text.osKernelGetTickCount), (40 bytes).
    Removing rtx_kernel.o(.ARM.exidx.text.osKernelGetTickCount), (8 bytes).
    Removing rtx_kernel.o(.text.svcRtxKernelGetTickCount), (12 bytes).
    Removing rtx_kernel.o(.ARM.exidx.text.svcRtxKernelGetTickCount), (8 bytes).
    Removing rtx_kernel.o(.text.osKernelGetTickFreq), (40 bytes).
    Removing rtx_kernel.o(.ARM.exidx.text.osKernelGetTickFreq), (8 bytes).
    Removing rtx_kernel.o(.text.svcRtxKernelGetTickFreq), (12 bytes).
    Removing rtx_kernel.o(.ARM.exidx.text.svcRtxKernelGetTickFreq), (8 bytes).
    Removing rtx_kernel.o(.text.osKernelGetSysTimerCount), (36 bytes).
    Removing rtx_kernel.o(.ARM.exidx.text.osKernelGetSysTimerCount), (8 bytes).
    Removing rtx_kernel.o(.text.svcRtxKernelGetSysTimerCount), (44 bytes).
    Removing rtx_kernel.o(.ARM.exidx.text.svcRtxKernelGetSysTimerCount), (8 bytes).
    Removing rtx_kernel.o(.text.osKernelGetSysTimerFreq), (36 bytes).
    Removing rtx_kernel.o(.ARM.exidx.text.osKernelGetSysTimerFreq), (8 bytes).
    Removing rtx_kernel.o(.text.svcRtxKernelGetSysTimerFreq), (8 bytes).
    Removing rtx_kernel.o(.ARM.exidx.text.svcRtxKernelGetSysTimerFreq), (8 bytes).
    Removing rtx_kernel.o(.ARM.exidx.text.svcRtxKernelInitialize), (8 bytes).
    Removing rtx_kernel.o(.ARM.exidx.text.svcRtxKernelStart), (8 bytes).
    Removing rtx_kernel.o(.text.svcRtxKernelLock), (36 bytes).
    Removing rtx_kernel.o(.ARM.exidx.text.svcRtxKernelLock), (8 bytes).
    Removing rtx_kernel.o(.text.svcRtxKernelUnlock), (36 bytes).
    Removing rtx_kernel.o(.ARM.exidx.text.svcRtxKernelUnlock), (8 bytes).
    Removing rtx_kernel.o(.text.svcRtxKernelRestoreLock), (48 bytes).
    Removing rtx_kernel.o(.ARM.exidx.text.svcRtxKernelRestoreLock), (8 bytes).
    Removing rtx_kernel.o(.text.svcRtxKernelSuspend), (84 bytes).
    Removing rtx_kernel.o(.ARM.exidx.text.svcRtxKernelSuspend), (8 bytes).
    Removing rtx_kernel.o(.text.svcRtxKernelResume), (136 bytes).
    Removing rtx_kernel.o(.ARM.exidx.text.svcRtxKernelResume), (8 bytes).
    Removing rtx_thread.o(.text), (0 bytes).
    Removing rtx_thread.o(.ARM.exidx.text.osRtxThreadListPut), (8 bytes).
    Removing rtx_thread.o(.ARM.exidx.text.osRtxThreadListGet), (8 bytes).
    Removing rtx_thread.o(.text.osRtxThreadListSort), (38 bytes).
    Removing rtx_thread.o(.ARM.exidx.text.osRtxThreadListSort), (8 bytes).
    Removing rtx_thread.o(.ARM.exidx.text.osRtxThreadListRemove), (8 bytes).
    Removing rtx_thread.o(.ARM.exidx.text.osRtxThreadReadyPut), (8 bytes).
    Removing rtx_thread.o(.ARM.exidx.text.osRtxThreadDelayTick), (8 bytes).
    Removing rtx_thread.o(.ARM.exidx.text.osRtxThreadRegPtr), (8 bytes).
    Removing rtx_thread.o(.ARM.exidx.text.osRtxThreadSwitch), (8 bytes).
    Removing rtx_thread.o(.ARM.exidx.text.osRtxThreadStackCheck), (8 bytes).
    Removing rtx_thread.o(.ARM.exidx.text.osRtxThreadDispatch), (8 bytes).
    Removing rtx_thread.o(.ARM.exidx.text.osRtxThreadBlock), (8 bytes).
    Removing rtx_thread.o(.ARM.exidx.text.osRtxThreadWaitExit), (8 bytes).
    Removing rtx_thread.o(.ARM.exidx.text.osRtxThreadDelayRemove), (8 bytes).
    Removing rtx_thread.o(.ARM.exidx.text.osRtxThreadWaitEnter), (8 bytes).
    Removing rtx_thread.o(.ARM.exidx.text.osRtxThreadDelayInsert), (8 bytes).
    Removing rtx_thread.o(.ARM.exidx.text.osRtxThreadStartup), (8 bytes).
    Removing rtx_thread.o(.ARM.exidx.text.svcRtxThreadNew), (8 bytes).
    Removing rtx_thread.o(.ARM.exidx.text.osThreadNew), (8 bytes).
    Removing rtx_thread.o(.text.osThreadGetName), (36 bytes).
    Removing rtx_thread.o(.ARM.exidx.text.osThreadGetName), (8 bytes).
    Removing rtx_thread.o(.text.osThreadGetId), (40 bytes).
    Removing rtx_thread.o(.ARM.exidx.text.osThreadGetId), (8 bytes).
    Removing rtx_thread.o(.text.svcRtxThreadGetId), (12 bytes).
    Removing rtx_thread.o(.ARM.exidx.text.svcRtxThreadGetId), (8 bytes).
    Removing rtx_thread.o(.text.osThreadGetState), (40 bytes).
    Removing rtx_thread.o(.ARM.exidx.text.osThreadGetState), (8 bytes).
    Removing rtx_thread.o(.text.osThreadGetStackSize), (36 bytes).
    Removing rtx_thread.o(.ARM.exidx.text.osThreadGetStackSize), (8 bytes).
    Removing rtx_thread.o(.text.osThreadGetStackSpace), (36 bytes).
    Removing rtx_thread.o(.ARM.exidx.text.osThreadGetStackSpace), (8 bytes).
    Removing rtx_thread.o(.text.osThreadSetPriority), (40 bytes).
    Removing rtx_thread.o(.ARM.exidx.text.osThreadSetPriority), (8 bytes).
    Removing rtx_thread.o(.text.osThreadGetPriority), (40 bytes).
    Removing rtx_thread.o(.ARM.exidx.text.osThreadGetPriority), (8 bytes).
    Removing rtx_thread.o(.text.osThreadYield), (36 bytes).
    Removing rtx_thread.o(.ARM.exidx.text.osThreadYield), (8 bytes).
    Removing rtx_thread.o(.text.osThreadSuspend), (40 bytes).
    Removing rtx_thread.o(.ARM.exidx.text.osThreadSuspend), (8 bytes).
    Removing rtx_thread.o(.text.osThreadResume), (40 bytes).
    Removing rtx_thread.o(.ARM.exidx.text.osThreadResume), (8 bytes).
    Removing rtx_thread.o(.text.osThreadDetach), (40 bytes).
    Removing rtx_thread.o(.ARM.exidx.text.osThreadDetach), (8 bytes).
    Removing rtx_thread.o(.text.osThreadJoin), (40 bytes).
    Removing rtx_thread.o(.ARM.exidx.text.osThreadJoin), (8 bytes).
    Removing rtx_thread.o(.ARM.exidx.text.osThreadExit), (8 bytes).
    Removing rtx_thread.o(.text.osThreadTerminate), (40 bytes).
    Removing rtx_thread.o(.ARM.exidx.text.osThreadTerminate), (8 bytes).
    Removing rtx_thread.o(.text.osThreadGetCount), (32 bytes).
    Removing rtx_thread.o(.ARM.exidx.text.osThreadGetCount), (8 bytes).
    Removing rtx_thread.o(.text.osThreadEnumerate), (36 bytes).
    Removing rtx_thread.o(.ARM.exidx.text.osThreadEnumerate), (8 bytes).
    Removing rtx_thread.o(.text.osThreadFlagsSet), (88 bytes).
    Removing rtx_thread.o(.ARM.exidx.text.osThreadFlagsSet), (8 bytes).
    Removing rtx_thread.o(.text.osThreadFlagsClear), (40 bytes).
    Removing rtx_thread.o(.ARM.exidx.text.osThreadFlagsClear), (8 bytes).
    Removing rtx_thread.o(.text.osThreadFlagsGet), (32 bytes).
    Removing rtx_thread.o(.ARM.exidx.text.osThreadFlagsGet), (8 bytes).
    Removing rtx_thread.o(.text.osThreadFlagsWait), (40 bytes).
    Removing rtx_thread.o(.ARM.exidx.text.osThreadFlagsWait), (8 bytes).
    Removing rtx_thread.o(.ARM.exidx.text.osRtxThreadPostProcess), (8 bytes).
    Removing rtx_thread.o(.ARM.exidx.text.ThreadFlagsCheck), (8 bytes).
    Removing rtx_thread.o(.text.svcRtxThreadGetName), (18 bytes).
    Removing rtx_thread.o(.ARM.exidx.text.svcRtxThreadGetName), (8 bytes).
    Removing rtx_thread.o(.text.svcRtxThreadGetState), (24 bytes).
    Removing rtx_thread.o(.ARM.exidx.text.svcRtxThreadGetState), (8 bytes).
    Removing rtx_thread.o(.text.svcRtxThreadGetStackSize), (18 bytes).
    Removing rtx_thread.o(.ARM.exidx.text.svcRtxThreadGetStackSize), (8 bytes).
    Removing rtx_thread.o(.text.svcRtxThreadGetStackSpace), (68 bytes).
    Removing rtx_thread.o(.ARM.exidx.text.svcRtxThreadGetStackSpace), (8 bytes).
    Removing rtx_thread.o(.text.svcRtxThreadSetPriority), (72 bytes).
    Removing rtx_thread.o(.ARM.exidx.text.svcRtxThreadSetPriority), (8 bytes).
    Removing rtx_thread.o(.text.svcRtxThreadGetPriority), (28 bytes).
    Removing rtx_thread.o(.ARM.exidx.text.svcRtxThreadGetPriority), (8 bytes).
    Removing rtx_thread.o(.text.svcRtxThreadYield), (56 bytes).
    Removing rtx_thread.o(.ARM.exidx.text.svcRtxThreadYield), (8 bytes).
    Removing rtx_thread.o(.text.svcRtxThreadSuspend), (136 bytes).
    Removing rtx_thread.o(.ARM.exidx.text.svcRtxThreadSuspend), (8 bytes).
    Removing rtx_thread.o(.text.svcRtxThreadResume), (54 bytes).
    Removing rtx_thread.o(.ARM.exidx.text.svcRtxThreadResume), (8 bytes).
    Removing rtx_thread.o(.text.svcRtxThreadDetach), (58 bytes).
    Removing rtx_thread.o(.ARM.exidx.text.svcRtxThreadDetach), (8 bytes).
    Removing rtx_thread.o(.text.osRtxThreadListUnlink), (36 bytes).
    Removing rtx_thread.o(.ARM.exidx.text.osRtxThreadListUnlink), (8 bytes).
    Removing rtx_thread.o(.ARM.exidx.text.osRtxThreadFree), (8 bytes).
    Removing rtx_thread.o(.text.svcRtxThreadJoin), (92 bytes).
    Removing rtx_thread.o(.ARM.exidx.text.svcRtxThreadJoin), (8 bytes).
    Removing rtx_thread.o(.ARM.exidx.text.svcRtxThreadExit), (8 bytes).
    Removing rtx_thread.o(.text.svcRtxThreadTerminate), (188 bytes).
    Removing rtx_thread.o(.ARM.exidx.text.svcRtxThreadTerminate), (8 bytes).
    Removing rtx_thread.o(.text.svcRtxThreadGetCount), (56 bytes).
    Removing rtx_thread.o(.ARM.exidx.text.svcRtxThreadGetCount), (8 bytes).
    Removing rtx_thread.o(.text.svcRtxThreadEnumerate), (96 bytes).
    Removing rtx_thread.o(.ARM.exidx.text.svcRtxThreadEnumerate), (8 bytes).
    Removing rtx_thread.o(.text.svcRtxThreadFlagsSet), (108 bytes).
    Removing rtx_thread.o(.ARM.exidx.text.svcRtxThreadFlagsSet), (8 bytes).
    Removing rtx_thread.o(.text.svcRtxThreadFlagsClear), (56 bytes).
    Removing rtx_thread.o(.ARM.exidx.text.svcRtxThreadFlagsClear), (8 bytes).
    Removing rtx_thread.o(.text.svcRtxThreadFlagsGet), (20 bytes).
    Removing rtx_thread.o(.ARM.exidx.text.svcRtxThreadFlagsGet), (8 bytes).
    Removing rtx_thread.o(.text.svcRtxThreadFlagsWait), (80 bytes).
    Removing rtx_thread.o(.ARM.exidx.text.svcRtxThreadFlagsWait), (8 bytes).
    Removing rtx_delay.o(.text), (0 bytes).
    Removing rtx_delay.o(.ARM.exidx.text.osDelay), (8 bytes).
    Removing rtx_delay.o(.text.osDelayUntil), (40 bytes).
    Removing rtx_delay.o(.ARM.exidx.text.osDelayUntil), (8 bytes).
    Removing rtx_delay.o(.ARM.exidx.text.svcRtxDelay), (8 bytes).
    Removing rtx_delay.o(.text.svcRtxDelayUntil), (32 bytes).
    Removing rtx_delay.o(.ARM.exidx.text.svcRtxDelayUntil), (8 bytes).
    Removing rtx_semaphore.o(.text), (0 bytes).
    Removing rtx_semaphore.o(.ARM.exidx.text.osSemaphoreNew), (8 bytes).
    Removing rtx_semaphore.o(.text.osSemaphoreGetName), (36 bytes).
    Removing rtx_semaphore.o(.ARM.exidx.text.osSemaphoreGetName), (8 bytes).
    Removing rtx_semaphore.o(.ARM.exidx.text.osSemaphoreAcquire), (8 bytes).
    Removing rtx_semaphore.o(.ARM.exidx.text.osSemaphoreRelease), (8 bytes).
    Removing rtx_semaphore.o(.text.osSemaphoreGetCount), (48 bytes).
    Removing rtx_semaphore.o(.ARM.exidx.text.osSemaphoreGetCount), (8 bytes).
    Removing rtx_semaphore.o(.text.svcRtxSemaphoreGetCount), (18 bytes).
    Removing rtx_semaphore.o(.ARM.exidx.text.svcRtxSemaphoreGetCount), (8 bytes).
    Removing rtx_semaphore.o(.text.osSemaphoreDelete), (40 bytes).
    Removing rtx_semaphore.o(.ARM.exidx.text.osSemaphoreDelete), (8 bytes).
    Removing rtx_semaphore.o(.ARM.exidx.text.svcRtxSemaphoreNew), (8 bytes).
    Removing rtx_semaphore.o(.ARM.exidx.text.osRtxSemaphorePostProcess), (8 bytes).
    Removing rtx_semaphore.o(.ARM.exidx.text.SemaphoreTokenDecrement), (8 bytes).
    Removing rtx_semaphore.o(.text.svcRtxSemaphoreGetName), (18 bytes).
    Removing rtx_semaphore.o(.ARM.exidx.text.svcRtxSemaphoreGetName), (8 bytes).
    Removing rtx_semaphore.o(.ARM.exidx.text.svcRtxSemaphoreAcquire), (8 bytes).
    Removing rtx_semaphore.o(.ARM.exidx.text.SemaphoreTokenIncrement), (8 bytes).
    Removing rtx_semaphore.o(.ARM.exidx.text.svcRtxSemaphoreRelease), (8 bytes).
    Removing rtx_semaphore.o(.text.svcRtxSemaphoreDelete), (96 bytes).
    Removing rtx_semaphore.o(.ARM.exidx.text.svcRtxSemaphoreDelete), (8 bytes).
    Removing irq_cm0.o(.constdata), (1 bytes).
    Removing rtx_timer.o(.text), (0 bytes).
    Removing rtx_timer.o(.ARM.exidx.text.osRtxTimerThread), (8 bytes).
    Removing rtx_timer.o(.ARM.exidx.text.osRtxTimerTick), (8 bytes).
    Removing rtx_timer.o(.text.osTimerNew), (36 bytes).
    Removing rtx_timer.o(.ARM.exidx.text.osTimerNew), (8 bytes).
    Removing rtx_timer.o(.text.osTimerGetName), (36 bytes).
    Removing rtx_timer.o(.ARM.exidx.text.osTimerGetName), (8 bytes).
    Removing rtx_timer.o(.text.osTimerStart), (40 bytes).
    Removing rtx_timer.o(.ARM.exidx.text.osTimerStart), (8 bytes).
    Removing rtx_timer.o(.text.osTimerStop), (40 bytes).
    Removing rtx_timer.o(.ARM.exidx.text.osTimerStop), (8 bytes).
    Removing rtx_timer.o(.text.osTimerIsRunning), (36 bytes).
    Removing rtx_timer.o(.ARM.exidx.text.osTimerIsRunning), (8 bytes).
    Removing rtx_timer.o(.text.osTimerDelete), (40 bytes).
    Removing rtx_timer.o(.ARM.exidx.text.osTimerDelete), (8 bytes).
    Removing rtx_timer.o(.ARM.exidx.text.TimerInsert), (8 bytes).
    Removing rtx_timer.o(.text.svcRtxTimerNew), (132 bytes).
    Removing rtx_timer.o(.ARM.exidx.text.svcRtxTimerNew), (8 bytes).
    Removing rtx_timer.o(.text.svcRtxTimerGetName), (18 bytes).
    Removing rtx_timer.o(.ARM.exidx.text.svcRtxTimerGetName), (8 bytes).
    Removing rtx_timer.o(.text.svcRtxTimerStart), (72 bytes).
    Removing rtx_timer.o(.ARM.exidx.text.svcRtxTimerStart), (8 bytes).
    Removing rtx_timer.o(.text.TimerRemove), (40 bytes).
    Removing rtx_timer.o(.ARM.exidx.text.TimerRemove), (8 bytes).
    Removing rtx_timer.o(.text.svcRtxTimerStop), (42 bytes).
    Removing rtx_timer.o(.ARM.exidx.text.svcRtxTimerStop), (8 bytes).
    Removing rtx_timer.o(.text.svcRtxTimerIsRunning), (24 bytes).
    Removing rtx_timer.o(.ARM.exidx.text.svcRtxTimerIsRunning), (8 bytes).
    Removing rtx_timer.o(.text.svcRtxTimerDelete), (76 bytes).
    Removing rtx_timer.o(.ARM.exidx.text.svcRtxTimerDelete), (8 bytes).
    Removing rtx_mutex.o(.text), (0 bytes).
    Removing rtx_mutex.o(.ARM.exidx.text.osRtxMutexOwnerRelease), (8 bytes).
    Removing rtx_mutex.o(.text.osMutexNew), (36 bytes).
    Removing rtx_mutex.o(.ARM.exidx.text.osMutexNew), (8 bytes).
    Removing rtx_mutex.o(.text.osMutexGetName), (36 bytes).
    Removing rtx_mutex.o(.ARM.exidx.text.osMutexGetName), (8 bytes).
    Removing rtx_mutex.o(.text.osMutexAcquire), (40 bytes).
    Removing rtx_mutex.o(.ARM.exidx.text.osMutexAcquire), (8 bytes).
    Removing rtx_mutex.o(.text.osMutexRelease), (40 bytes).
    Removing rtx_mutex.o(.ARM.exidx.text.osMutexRelease), (8 bytes).
    Removing rtx_mutex.o(.text.osMutexGetOwner), (36 bytes).
    Removing rtx_mutex.o(.ARM.exidx.text.osMutexGetOwner), (8 bytes).
    Removing rtx_mutex.o(.text.osMutexDelete), (40 bytes).
    Removing rtx_mutex.o(.ARM.exidx.text.osMutexDelete), (8 bytes).
    Removing rtx_mutex.o(.text.svcRtxMutexNew), (112 bytes).
    Removing rtx_mutex.o(.ARM.exidx.text.svcRtxMutexNew), (8 bytes).
    Removing rtx_mutex.o(.text.svcRtxMutexGetName), (18 bytes).
    Removing rtx_mutex.o(.ARM.exidx.text.svcRtxMutexGetName), (8 bytes).
    Removing rtx_mutex.o(.text.svcRtxMutexAcquire), (152 bytes).
    Removing rtx_mutex.o(.ARM.exidx.text.svcRtxMutexAcquire), (8 bytes).
    Removing rtx_mutex.o(.text.svcRtxMutexRelease), (192 bytes).
    Removing rtx_mutex.o(.ARM.exidx.text.svcRtxMutexRelease), (8 bytes).
    Removing rtx_mutex.o(.text.svcRtxMutexGetOwner), (24 bytes).
    Removing rtx_mutex.o(.ARM.exidx.text.svcRtxMutexGetOwner), (8 bytes).
    Removing rtx_mutex.o(.text.svcRtxMutexDelete), (188 bytes).
    Removing rtx_mutex.o(.ARM.exidx.text.svcRtxMutexDelete), (8 bytes).
    Removing rtx_memory.o(.text), (0 bytes).
    Removing rtx_memory.o(.ARM.exidx.text.osRtxMemoryInit), (8 bytes).
    Removing rtx_memory.o(.ARM.exidx.text.osRtxMemoryAlloc), (8 bytes).
    Removing rtx_memory.o(.ARM.exidx.text.osRtxMemoryFree), (8 bytes).
    Removing rtx_mempool.o(.text), (0 bytes).
    Removing rtx_mempool.o(.ARM.exidx.text.osRtxMemoryPoolInit), (8 bytes).
    Removing rtx_mempool.o(.ARM.exidx.text.osRtxMemoryPoolAlloc), (8 bytes).
    Removing rtx_mempool.o(.ARM.exidx.text.osRtxMemoryPoolFree), (8 bytes).
    Removing rtx_mempool.o(.text.osMemoryPoolNew), (36 bytes).
    Removing rtx_mempool.o(.ARM.exidx.text.osMemoryPoolNew), (8 bytes).
    Removing rtx_mempool.o(.text.osMemoryPoolGetName), (36 bytes).
    Removing rtx_mempool.o(.ARM.exidx.text.osMemoryPoolGetName), (8 bytes).
    Removing rtx_mempool.o(.text.osMemoryPoolAlloc), (56 bytes).
    Removing rtx_mempool.o(.ARM.exidx.text.osMemoryPoolAlloc), (8 bytes).
    Removing rtx_mempool.o(.text.osMemoryPoolFree), (72 bytes).
    Removing rtx_mempool.o(.ARM.exidx.text.osMemoryPoolFree), (8 bytes).
    Removing rtx_mempool.o(.text.osMemoryPoolGetCapacity), (48 bytes).
    Removing rtx_mempool.o(.ARM.exidx.text.osMemoryPoolGetCapacity), (8 bytes).
    Removing rtx_mempool.o(.text.svcRtxMemoryPoolGetCapacity), (18 bytes).
    Removing rtx_mempool.o(.ARM.exidx.text.svcRtxMemoryPoolGetCapacity), (8 bytes).
    Removing rtx_mempool.o(.text.osMemoryPoolGetBlockSize), (48 bytes).
    Removing rtx_mempool.o(.ARM.exidx.text.osMemoryPoolGetBlockSize), (8 bytes).
    Removing rtx_mempool.o(.text.svcRtxMemoryPoolGetBlockSize), (18 bytes).
    Removing rtx_mempool.o(.ARM.exidx.text.svcRtxMemoryPoolGetBlockSize), (8 bytes).
    Removing rtx_mempool.o(.text.osMemoryPoolGetCount), (48 bytes).
    Removing rtx_mempool.o(.ARM.exidx.text.osMemoryPoolGetCount), (8 bytes).
    Removing rtx_mempool.o(.text.svcRtxMemoryPoolGetCount), (18 bytes).
    Removing rtx_mempool.o(.ARM.exidx.text.svcRtxMemoryPoolGetCount), (8 bytes).
    Removing rtx_mempool.o(.text.osMemoryPoolGetSpace), (36 bytes).
    Removing rtx_mempool.o(.ARM.exidx.text.osMemoryPoolGetSpace), (8 bytes).
    Removing rtx_mempool.o(.text.svcRtxMemoryPoolGetSpace), (22 bytes).
    Removing rtx_mempool.o(.ARM.exidx.text.svcRtxMemoryPoolGetSpace), (8 bytes).
    Removing rtx_mempool.o(.text.osMemoryPoolDelete), (40 bytes).
    Removing rtx_mempool.o(.ARM.exidx.text.osMemoryPoolDelete), (8 bytes).
    Removing rtx_mempool.o(.text.svcRtxMemoryPoolNew), (444 bytes).
    Removing rtx_mempool.o(.ARM.exidx.text.svcRtxMemoryPoolNew), (8 bytes).
    Removing rtx_mempool.o(.text.osRtxMemoryPoolPostProcess), (40 bytes).
    Removing rtx_mempool.o(.ARM.exidx.text.osRtxMemoryPoolPostProcess), (8 bytes).
    Removing rtx_mempool.o(.text.svcRtxMemoryPoolGetName), (18 bytes).
    Removing rtx_mempool.o(.ARM.exidx.text.svcRtxMemoryPoolGetName), (8 bytes).
    Removing rtx_mempool.o(.text.svcRtxMemoryPoolAlloc), (64 bytes).
    Removing rtx_mempool.o(.ARM.exidx.text.svcRtxMemoryPoolAlloc), (8 bytes).
    Removing rtx_mempool.o(.text.svcRtxMemoryPoolFree), (72 bytes).
    Removing rtx_mempool.o(.ARM.exidx.text.svcRtxMemoryPoolFree), (8 bytes).
    Removing rtx_mempool.o(.text.svcRtxMemoryPoolDelete), (112 bytes).
    Removing rtx_mempool.o(.ARM.exidx.text.svcRtxMemoryPoolDelete), (8 bytes).
    Removing rtx_system.o(.text), (0 bytes).
    Removing rtx_system.o(.ARM.exidx.text.osRtxTick_Handler), (8 bytes).
    Removing rtx_system.o(.ARM.exidx.text.osRtxPendSV_Handler), (8 bytes).
    Removing rtx_system.o(.ARM.exidx.text.osRtxPostProcess), (8 bytes).
    Removing os_systick.o(.text), (0 bytes).
    Removing os_systick.o(.ARM.exidx.text.OS_Tick_Setup), (8 bytes).
    Removing os_systick.o(.ARM.exidx.text.OS_Tick_Enable), (8 bytes).
    Removing os_systick.o(.text.OS_Tick_Disable), (40 bytes).
    Removing os_systick.o(.ARM.exidx.text.OS_Tick_Disable), (8 bytes).
    Removing os_systick.o(.ARM.exidx.text.OS_Tick_AcknowledgeIRQ), (8 bytes).
    Removing os_systick.o(.ARM.exidx.text.OS_Tick_GetIRQn), (8 bytes).
    Removing os_systick.o(.text.OS_Tick_GetClock), (12 bytes).
    Removing os_systick.o(.ARM.exidx.text.OS_Tick_GetClock), (8 bytes).
    Removing os_systick.o(.text.OS_Tick_GetInterval), (12 bytes).
    Removing os_systick.o(.ARM.exidx.text.OS_Tick_GetInterval), (8 bytes).
    Removing os_systick.o(.text.OS_Tick_GetCount), (16 bytes).
    Removing os_systick.o(.ARM.exidx.text.OS_Tick_GetCount), (8 bytes).
    Removing os_systick.o(.text.OS_Tick_GetOverflow), (16 bytes).
    Removing os_systick.o(.ARM.exidx.text.OS_Tick_GetOverflow), (8 bytes).
    Removing rtx_msgqueue.o(.text), (0 bytes).
    Removing rtx_msgqueue.o(.ARM.exidx.text.osMessageQueueNew), (8 bytes).
    Removing rtx_msgqueue.o(.text.osMessageQueueGetName), (36 bytes).
    Removing rtx_msgqueue.o(.ARM.exidx.text.osMessageQueueGetName), (8 bytes).
    Removing rtx_msgqueue.o(.ARM.exidx.text.osMessageQueuePut), (8 bytes).
    Removing rtx_msgqueue.o(.ARM.exidx.text.osMessageQueueGet), (8 bytes).
    Removing rtx_msgqueue.o(.text.osMessageQueueGetCapacity), (48 bytes).
    Removing rtx_msgqueue.o(.ARM.exidx.text.osMessageQueueGetCapacity), (8 bytes).
    Removing rtx_msgqueue.o(.text.svcRtxMessageQueueGetCapacity), (18 bytes).
    Removing rtx_msgqueue.o(.ARM.exidx.text.svcRtxMessageQueueGetCapacity), (8 bytes).
    Removing rtx_msgqueue.o(.text.osMessageQueueGetMsgSize), (48 bytes).
    Removing rtx_msgqueue.o(.ARM.exidx.text.osMessageQueueGetMsgSize), (8 bytes).
    Removing rtx_msgqueue.o(.text.svcRtxMessageQueueGetMsgSize), (18 bytes).
    Removing rtx_msgqueue.o(.ARM.exidx.text.svcRtxMessageQueueGetMsgSize), (8 bytes).
    Removing rtx_msgqueue.o(.text.osMessageQueueGetCount), (48 bytes).
    Removing rtx_msgqueue.o(.ARM.exidx.text.osMessageQueueGetCount), (8 bytes).
    Removing rtx_msgqueue.o(.text.svcRtxMessageQueueGetCount), (18 bytes).
    Removing rtx_msgqueue.o(.ARM.exidx.text.svcRtxMessageQueueGetCount), (8 bytes).
    Removing rtx_msgqueue.o(.text.osMessageQueueGetSpace), (36 bytes).
    Removing rtx_msgqueue.o(.ARM.exidx.text.osMessageQueueGetSpace), (8 bytes).
    Removing rtx_msgqueue.o(.text.svcRtxMessageQueueGetSpace), (22 bytes).
    Removing rtx_msgqueue.o(.ARM.exidx.text.svcRtxMessageQueueGetSpace), (8 bytes).
    Removing rtx_msgqueue.o(.text.osMessageQueueReset), (40 bytes).
    Removing rtx_msgqueue.o(.ARM.exidx.text.osMessageQueueReset), (8 bytes).
    Removing rtx_msgqueue.o(.text.osMessageQueueDelete), (40 bytes).
    Removing rtx_msgqueue.o(.ARM.exidx.text.osMessageQueueDelete), (8 bytes).
    Removing rtx_msgqueue.o(.ARM.exidx.text.svcRtxMessageQueueNew), (8 bytes).
    Removing rtx_msgqueue.o(.ARM.exidx.text.osRtxMessageQueuePostProcess), (8 bytes).
    Removing rtx_msgqueue.o(.ARM.exidx.text.MessageQueueRemove), (8 bytes).
    Removing rtx_msgqueue.o(.ARM.exidx.text.MessageQueuePut), (8 bytes).
    Removing rtx_msgqueue.o(.text.svcRtxMessageQueueGetName), (18 bytes).
    Removing rtx_msgqueue.o(.ARM.exidx.text.svcRtxMessageQueueGetName), (8 bytes).
    Removing rtx_msgqueue.o(.ARM.exidx.text.svcRtxMessageQueuePut), (8 bytes).
    Removing rtx_msgqueue.o(.ARM.exidx.text.MessageQueueGet), (8 bytes).
    Removing rtx_msgqueue.o(.ARM.exidx.text.svcRtxMessageQueueGet), (8 bytes).
    Removing rtx_msgqueue.o(.text.svcRtxMessageQueueReset), (162 bytes).
    Removing rtx_msgqueue.o(.ARM.exidx.text.svcRtxMessageQueueReset), (8 bytes).
    Removing rtx_msgqueue.o(.text.svcRtxMessageQueueDelete), (112 bytes).
    Removing rtx_msgqueue.o(.ARM.exidx.text.svcRtxMessageQueueDelete), (8 bytes).
    Removing fmul.o(.text), (122 bytes).
    Removing fflti.o(.text), (22 bytes).
    Removing ffixi.o(.text), (50 bytes).
    Removing ffixui.o(.text), (40 bytes).

361 unused section(s) (total 9727 bytes) removed from the image.

==============================================================================

Image Symbol Table

    Local Symbols

    Symbol Name                              Value     Ov Type        Size  Object(Section)

    RESET                                    0x00000000   Section      192  startup_mkl25z4.o(RESET)
    ../clib/../cmprslib/zerorunl.c           0x00000000   Number         0  __dczerorl.o ABSOLUTE
    ../clib/microlib/division.c              0x00000000   Number         0  idiv.o ABSOLUTE
    ../clib/microlib/division.c              0x00000000   Number         0  uidiv.o ABSOLUTE
    ../clib/microlib/init/entry.s            0x00000000   Number         0  entry9b.o ABSOLUTE
    ../clib/microlib/init/entry.s            0x00000000   Number         0  entry9a.o ABSOLUTE
    ../clib/microlib/init/entry.s            0x00000000   Number         0  entry11b.o ABSOLUTE
    ../clib/microlib/init/entry.s            0x00000000   Number         0  entry8b.o ABSOLUTE
    ../clib/microlib/init/entry.s            0x00000000   Number         0  entry8a.o ABSOLUTE
    ../clib/microlib/init/entry.s            0x00000000   Number         0  entry7b.o ABSOLUTE
    ../clib/microlib/init/entry.s            0x00000000   Number         0  entry7a.o ABSOLUTE
    ../clib/microlib/init/entry.s            0x00000000   Number         0  entry5.o ABSOLUTE
    ../clib/microlib/init/entry.s            0x00000000   Number         0  entry2.o ABSOLUTE
    ../clib/microlib/init/entry.s            0x00000000   Number         0  entry.o ABSOLUTE
    ../clib/microlib/init/entry.s            0x00000000   Number         0  entry11a.o ABSOLUTE
    ../clib/microlib/init/entry.s            0x00000000   Number         0  entry10b.o ABSOLUTE
    ../clib/microlib/init/entry.s            0x00000000   Number         0  entry10a.o ABSOLUTE
    ../clib/microlib/longlong.c              0x00000000   Number         0  llushr.o ABSOLUTE
    ../clib/microlib/longlong.c              0x00000000   Number         0  llshl.o ABSOLUTE
    ../clib/microlib/string/memcpy.c         0x00000000   Number         0  memcpyb.o ABSOLUTE
    ../clib/microlib/string/memcpy.c         0x00000000   Number         0  memcpya.o ABSOLUTE
    ../clib/microlib/string/memset.c         0x00000000   Number         0  memseta.o ABSOLUTE
    ../clib/microlib/stubs.s                 0x00000000   Number         0  iusefp.o ABSOLUTE
    ../fplib/microlib/d2f.c                  0x00000000   Number         0  d2f.o ABSOLUTE
    ../fplib/microlib/fpdiv.c                0x00000000   Number         0  ddiv.o ABSOLUTE
    ../fplib/microlib/fpepilogue.c           0x00000000   Number         0  depilogue.o ABSOLUTE
    ../fplib/microlib/fpepilogue.c           0x00000000   Number         0  fepilogue.o ABSOLUTE
    ../fplib/microlib/fpfix.c                0x00000000   Number         0  ffixui.o ABSOLUTE
    ../fplib/microlib/fpfix.c                0x00000000   Number         0  ffixi.o ABSOLUTE
    ../fplib/microlib/fpflt.c                0x00000000   Number         0  fflti.o ABSOLUTE
    ../fplib/microlib/fpflt.c                0x00000000   Number         0  dflti.o ABSOLUTE
    ../fplib/microlib/fpmul.c                0x00000000   Number         0  fmul.o ABSOLUTE
    ../fplib/microlib/fpmul.c                0x00000000   Number         0  dmul.o ABSOLUTE
    ..\..\..\Source\ARM\irq_cm0.s            0x00000000   Number         0  irq_cm0.o ABSOLUTE
    C:\Users\arv19\AppData\Local\Arm\Packs\ARM\CMSIS\5.6.0\CMSIS\RTOS2\RTX\Source\rtx_lib.c 0x00000000   Number         0  rtx_lib.o ABSOLUTE
    C:\\Users\\arv19\\AppData\\Local\\Arm\\Packs\\ARM\\CMSIS\\5.6.0\\CMSIS\\RTOS2\\RTX\\Source\\rtx_lib.c 0x00000000   Number         0  rtx_lib.o ABSOLUTE
    RTE\CMSIS\RTX_Config.c                   0x00000000   Number         0  rtx_config.o ABSOLUTE
    RTE\Device\MKL25Z128xxx4\startup_MKL25Z4.s 0x00000000   Number         0  startup_mkl25z4.o ABSOLUTE
    RTE\Device\MKL25Z128xxx4\system_MKL25Z4.c 0x00000000   Number         0  system_mkl25z4.o ABSOLUTE
    RTE\\CMSIS\\RTX_Config.c                 0x00000000   Number         0  rtx_config.o ABSOLUTE
    RTE\\Device\\MKL25Z128xxx4\\system_MKL25Z4.c 0x00000000   Number         0  system_mkl25z4.o ABSOLUTE
    dc.s                                     0x00000000   Number         0  dc.o ABSOLUTE
    handlers.s                               0x00000000   Number         0  handlers.o ABSOLUTE
    init.s                                   0x00000000   Number         0  init.o ABSOLUTE
    main.c                                   0x00000000   Number         0  main.o ABSOLUTE
    main.c                                   0x00000000   Number         0  main.o ABSOLUTE
    os_systick.c                             0x00000000   Number         0  os_systick.o ABSOLUTE
    rtx_delay.c                              0x00000000   Number         0  rtx_delay.o ABSOLUTE
    rtx_kernel.c                             0x00000000   Number         0  rtx_kernel.o ABSOLUTE
    rtx_memory.c                             0x00000000   Number         0  rtx_memory.o ABSOLUTE
    rtx_mempool.c                            0x00000000   Number         0  rtx_mempool.o ABSOLUTE
    rtx_msgqueue.c                           0x00000000   Number         0  rtx_msgqueue.o ABSOLUTE
    rtx_mutex.c                              0x00000000   Number         0  rtx_mutex.o ABSOLUTE
    rtx_semaphore.c                          0x00000000   Number         0  rtx_semaphore.o ABSOLUTE
    rtx_system.c                             0x00000000   Number         0  rtx_system.o ABSOLUTE
    rtx_thread.c                             0x00000000   Number         0  rtx_thread.o ABSOLUTE
    rtx_timer.c                              0x00000000   Number         0  rtx_timer.o ABSOLUTE
    .ARM.Collect$$$$00000000                 0x000000c0   Section        0  entry.o(.ARM.Collect$$$$00000000)
    .ARM.Collect$$$$00000001                 0x000000c0   Section        4  entry2.o(.ARM.Collect$$$$00000001)
    .ARM.Collect$$$$00000004                 0x000000c4   Section        4  entry5.o(.ARM.Collect$$$$00000004)
    .ARM.Collect$$$$00000008                 0x000000c8   Section        0  entry7b.o(.ARM.Collect$$$$00000008)
    .ARM.Collect$$$$0000000A                 0x000000c8   Section        0  entry8b.o(.ARM.Collect$$$$0000000A)
    .ARM.Collect$$$$0000000B                 0x000000c8   Section        8  entry9a.o(.ARM.Collect$$$$0000000B)
    .ARM.Collect$$$$0000000D                 0x000000d0   Section        0  entry10a.o(.ARM.Collect$$$$0000000D)
    .ARM.Collect$$$$0000000F                 0x000000d0   Section        0  entry11a.o(.ARM.Collect$$$$0000000F)
    .ARM.Collect$$$$00002712                 0x000000d0   Section        4  entry2.o(.ARM.Collect$$$$00002712)
    __lit__00000000                          0x000000d0   Data           4  entry2.o(.ARM.Collect$$$$00002712)
    .text                                    0x000000d4   Section       40  startup_mkl25z4.o(.text)
    .text                                    0x000000fc   Section      164  irq_cm0.o(.text)
    .text                                    0x000001a0   Section        0  uidiv.o(.text)
    .text                                    0x000001cc   Section        0  memcpya.o(.text)
    .text                                    0x000001f0   Section        0  memseta.o(.text)
    .text                                    0x00000214   Section        0  dmul.o(.text)
    .text                                    0x000002e4   Section        0  ddiv.o(.text)
    .text                                    0x000003d4   Section        0  dflti.o(.text)
    [Anonymous Symbol]                       0x000003fc   Section        0  rtx_kernel.o(.text.osRtxKernelPreInit)
    .text                                    0x000003fc   Section        0  iusefp.o(.text)
    i.__scatterload_null                     0x000003fe   Section        2  handlers.o(i.__scatterload_null)
    .ARM.__at_0x400                          0x00000400   Section       16  startup_mkl25z4.o(.ARM.__at_0x400)
    .text                                    0x00000410   Section        0  d2f.o(.text)
    .text                                    0x00000448   Section        0  fepilogue.o(.text)
    .text                                    0x000004ca   Section        0  depilogue.o(.text)
    .text                                    0x00000588   Section       36  init.o(.text)
    .text                                    0x000005ac   Section        0  llshl.o(.text)
    .text                                    0x000005cc   Section        0  llushr.o(.text)
    .text                                    0x000005ee   Section        0  __dczerorl.o(.text)
    [Anonymous Symbol]                       0x00000628   Section        0  rtx_msgqueue.o(.text.MessageQueueGet)
    MessageQueueGet                          0x00000629   Thumb Code    76  rtx_msgqueue.o(.text.MessageQueueGet)
    [Anonymous Symbol]                       0x00000674   Section        0  rtx_msgqueue.o(.text.MessageQueuePut)
    MessageQueuePut                          0x00000675   Thumb Code    98  rtx_msgqueue.o(.text.MessageQueuePut)
    [Anonymous Symbol]                       0x000006d6   Section        0  rtx_msgqueue.o(.text.MessageQueueRemove)
    MessageQueueRemove                       0x000006d7   Thumb Code    30  rtx_msgqueue.o(.text.MessageQueueRemove)
    [Anonymous Symbol]                       0x000006f4   Section        0  os_systick.o(.text.OS_Tick_AcknowledgeIRQ)
    __arm_cp.3_0                             0x000006fc   Number         4  os_systick.o(.text.OS_Tick_AcknowledgeIRQ)
    [Anonymous Symbol]                       0x00000700   Section        0  os_systick.o(.text.OS_Tick_Enable)
    __arm_cp.1_0                             0x00000720   Number         4  os_systick.o(.text.OS_Tick_Enable)
    __arm_cp.1_1                             0x00000724   Number         4  os_systick.o(.text.OS_Tick_Enable)
    __arm_cp.1_2                             0x00000728   Number         4  os_systick.o(.text.OS_Tick_Enable)
    [Anonymous Symbol]                       0x0000072c   Section        0  os_systick.o(.text.OS_Tick_GetIRQn)
    [Anonymous Symbol]                       0x00000734   Section        0  os_systick.o(.text.OS_Tick_Setup)
    __arm_cp.0_0                             0x00000770   Number         4  os_systick.o(.text.OS_Tick_Setup)
    __arm_cp.0_1                             0x00000774   Number         4  os_systick.o(.text.OS_Tick_Setup)
    __arm_cp.0_2                             0x00000778   Number         4  os_systick.o(.text.OS_Tick_Setup)
    __arm_cp.0_3                             0x0000077c   Number         4  os_systick.o(.text.OS_Tick_Setup)
    [Anonymous Symbol]                       0x00000780   Section        0  rtx_semaphore.o(.text.SemaphoreTokenDecrement)
    SemaphoreTokenDecrement                  0x00000781   Thumb Code    36  rtx_semaphore.o(.text.SemaphoreTokenDecrement)
    [Anonymous Symbol]                       0x000007a4   Section        0  rtx_semaphore.o(.text.SemaphoreTokenIncrement)
    SemaphoreTokenIncrement                  0x000007a5   Thumb Code    38  rtx_semaphore.o(.text.SemaphoreTokenIncrement)
    [Anonymous Symbol]                       0x000007ca   Section        0  rtx_thread.o(.text.ThreadFlagsCheck)
    ThreadFlagsCheck                         0x000007cb   Thumb Code    78  rtx_thread.o(.text.ThreadFlagsCheck)
    [Anonymous Symbol]                       0x00000818   Section        0  rtx_timer.o(.text.TimerInsert)
    TimerInsert                              0x00000819   Thumb Code    76  rtx_timer.o(.text.TimerInsert)
    __arm_cp.8_0                             0x00000860   Number         4  rtx_timer.o(.text.TimerInsert)
    [Anonymous Symbol]                       0x00000864   Section        0  rtx_delay.o(.text.osDelay)
    __arm_cp.0_0                             0x00000888   Number         4  rtx_delay.o(.text.osDelay)
    [Anonymous Symbol]                       0x0000088c   Section        0  rtx_kernel.o(.text.osKernelInitialize)
    __arm_cp.1_0                             0x000008b0   Number         4  rtx_kernel.o(.text.osKernelInitialize)
    [Anonymous Symbol]                       0x000008b4   Section        0  rtx_kernel.o(.text.osKernelStart)
    __arm_cp.6_0                             0x000008d4   Number         4  rtx_kernel.o(.text.osKernelStart)
    [Anonymous Symbol]                       0x000008d8   Section        0  rtx_msgqueue.o(.text.osMessageQueueGet)
    __arm_cp.3_0                             0x00000948   Number         4  rtx_msgqueue.o(.text.osMessageQueueGet)
    [Anonymous Symbol]                       0x0000094c   Section        0  rtx_msgqueue.o(.text.osMessageQueueNew)
    __arm_cp.0_0                             0x0000096c   Number         4  rtx_msgqueue.o(.text.osMessageQueueNew)
    [Anonymous Symbol]                       0x00000970   Section        0  rtx_msgqueue.o(.text.osMessageQueuePut)
    __arm_cp.2_0                             0x000009e4   Number         4  rtx_msgqueue.o(.text.osMessageQueuePut)
    [Anonymous Symbol]                       0x000009e8   Section        0  rtx_memory.o(.text.osRtxMemoryAlloc)
    [Anonymous Symbol]                       0x00000a64   Section        0  rtx_memory.o(.text.osRtxMemoryFree)
    [Anonymous Symbol]                       0x00000ab2   Section        0  rtx_memory.o(.text.osRtxMemoryInit)
    [Anonymous Symbol]                       0x00000ae4   Section        0  rtx_mempool.o(.text.osRtxMemoryPoolAlloc)
    [Anonymous Symbol]                       0x00000b12   Section        0  rtx_mempool.o(.text.osRtxMemoryPoolFree)
    [Anonymous Symbol]                       0x00000b4c   Section        0  rtx_mempool.o(.text.osRtxMemoryPoolInit)
    [Anonymous Symbol]                       0x00000b8a   Section        0  rtx_msgqueue.o(.text.osRtxMessageQueuePostProcess)
    osRtxMessageQueuePostProcess             0x00000b8b   Thumb Code   188  rtx_msgqueue.o(.text.osRtxMessageQueuePostProcess)
    [Anonymous Symbol]                       0x00000c46   Section        0  rtx_mutex.o(.text.osRtxMutexOwnerRelease)
    [Anonymous Symbol]                       0x00000c8c   Section        0  rtx_system.o(.text.osRtxPendSV_Handler)
    __arm_cp.1_0                             0x00000d08   Number         4  rtx_system.o(.text.osRtxPendSV_Handler)
    [Anonymous Symbol]                       0x00000d0c   Section        0  rtx_system.o(.text.osRtxPostProcess)
    __arm_cp.2_0                             0x00000d70   Number         4  rtx_system.o(.text.osRtxPostProcess)
    __arm_cp.2_1                             0x00000d74   Number         4  rtx_system.o(.text.osRtxPostProcess)
    [Anonymous Symbol]                       0x00000d78   Section        0  rtx_semaphore.o(.text.osRtxSemaphorePostProcess)
    osRtxSemaphorePostProcess                0x00000d79   Thumb Code    36  rtx_semaphore.o(.text.osRtxSemaphorePostProcess)
    [Anonymous Symbol]                       0x00000d9c   Section        0  rtx_thread.o(.text.osRtxThreadBlock)
    osRtxThreadBlock                         0x00000d9d   Thumb Code    56  rtx_thread.o(.text.osRtxThreadBlock)
    __arm_cp.10_0                            0x00000dd0   Number         4  rtx_thread.o(.text.osRtxThreadBlock)
    [Anonymous Symbol]                       0x00000dd4   Section        0  rtx_thread.o(.text.osRtxThreadDelayInsert)
    osRtxThreadDelayInsert                   0x00000dd5   Thumb Code   128  rtx_thread.o(.text.osRtxThreadDelayInsert)
    __arm_cp.14_0                            0x00000e50   Number         4  rtx_thread.o(.text.osRtxThreadDelayInsert)
    [Anonymous Symbol]                       0x00000e54   Section        0  rtx_thread.o(.text.osRtxThreadDelayRemove)
    osRtxThreadDelayRemove                   0x00000e55   Thumb Code    68  rtx_thread.o(.text.osRtxThreadDelayRemove)
    __arm_cp.12_0                            0x00000e94   Number         4  rtx_thread.o(.text.osRtxThreadDelayRemove)
    [Anonymous Symbol]                       0x00000e98   Section        0  rtx_thread.o(.text.osRtxThreadDelayTick)
    __arm_cp.5_0                             0x00000ecc   Number         4  rtx_thread.o(.text.osRtxThreadDelayTick)
    [Anonymous Symbol]                       0x00000ed0   Section        0  rtx_thread.o(.text.osRtxThreadDispatch)
    __arm_cp.9_0                             0x00000f1c   Number         4  rtx_thread.o(.text.osRtxThreadDispatch)
    [Anonymous Symbol]                       0x00000f20   Section        0  rtx_thread.o(.text.osRtxThreadFree)
    osRtxThreadFree                          0x00000f21   Thumb Code    84  rtx_thread.o(.text.osRtxThreadFree)
    __arm_cp.52_0                            0x00000f70   Number         4  rtx_thread.o(.text.osRtxThreadFree)
    [Anonymous Symbol]                       0x00000f74   Section        0  rtx_thread.o(.text.osRtxThreadListGet)
    [Anonymous Symbol]                       0x00000f88   Section        0  rtx_thread.o(.text.osRtxThreadListPut)
    [Anonymous Symbol]                       0x00000fb4   Section        0  rtx_thread.o(.text.osRtxThreadListRemove)
    [Anonymous Symbol]                       0x00000fcc   Section        0  rtx_thread.o(.text.osRtxThreadPostProcess)
    osRtxThreadPostProcess                   0x00000fcd   Thumb Code    38  rtx_thread.o(.text.osRtxThreadPostProcess)
    [Anonymous Symbol]                       0x00000ff4   Section        0  rtx_thread.o(.text.osRtxThreadReadyPut)
    __arm_cp.4_0                             0x00001008   Number         4  rtx_thread.o(.text.osRtxThreadReadyPut)
    [Anonymous Symbol]                       0x0000100c   Section        0  rtx_thread.o(.text.osRtxThreadRegPtr)
    [Anonymous Symbol]                       0x00001014   Section        0  rtx_thread.o(.text.osRtxThreadStackCheck)
    __arm_cp.8_0                             0x00001038   Number         4  rtx_thread.o(.text.osRtxThreadStackCheck)
    __arm_cp.8_1                             0x0000103c   Number         4  rtx_thread.o(.text.osRtxThreadStackCheck)
    [Anonymous Symbol]                       0x00001040   Section        0  rtx_thread.o(.text.osRtxThreadStartup)
    __arm_cp.15_0                            0x00001070   Number         4  rtx_thread.o(.text.osRtxThreadStartup)
    __arm_cp.15_1                            0x00001074   Number         4  rtx_thread.o(.text.osRtxThreadStartup)
    __arm_cp.15_2                            0x00001078   Number         4  rtx_thread.o(.text.osRtxThreadStartup)
    __arm_cp.15_3                            0x0000107c   Number         4  rtx_thread.o(.text.osRtxThreadStartup)
    [Anonymous Symbol]                       0x00001080   Section        0  rtx_thread.o(.text.osRtxThreadSwitch)
    __arm_cp.7_0                             0x00001090   Number         4  rtx_thread.o(.text.osRtxThreadSwitch)
    [Anonymous Symbol]                       0x00001094   Section        0  rtx_thread.o(.text.osRtxThreadWaitEnter)
    __arm_cp.13_0                            0x000010cc   Number         4  rtx_thread.o(.text.osRtxThreadWaitEnter)
    [Anonymous Symbol]                       0x000010d0   Section        0  rtx_thread.o(.text.osRtxThreadWaitExit)
    [Anonymous Symbol]                       0x000010f4   Section        0  rtx_system.o(.text.osRtxTick_Handler)
    __arm_cp.0_0                             0x00001164   Number         4  rtx_system.o(.text.osRtxTick_Handler)
    [Anonymous Symbol]                       0x00001168   Section        0  rtx_timer.o(.text.osRtxTimerThread)
    __arm_cp.0_0                             0x00001198   Number         4  rtx_timer.o(.text.osRtxTimerThread)
    __arm_cp.0_1                             0x0000119c   Number         4  rtx_timer.o(.text.osRtxTimerThread)
    __arm_cp.0_2                             0x000011a0   Number         4  rtx_timer.o(.text.osRtxTimerThread)
    [Anonymous Symbol]                       0x000011a4   Section        0  rtx_timer.o(.text.osRtxTimerTick)
    osRtxTimerTick                           0x000011a5   Thumb Code    96  rtx_timer.o(.text.osRtxTimerTick)
    __arm_cp.1_0                             0x00001200   Number         4  rtx_timer.o(.text.osRtxTimerTick)
    [Anonymous Symbol]                       0x00001204   Section        0  rtx_semaphore.o(.text.osSemaphoreAcquire)
    __arm_cp.2_0                             0x00001244   Number         4  rtx_semaphore.o(.text.osSemaphoreAcquire)
    [Anonymous Symbol]                       0x00001248   Section        0  rtx_semaphore.o(.text.osSemaphoreNew)
    __arm_cp.0_0                             0x00001268   Number         4  rtx_semaphore.o(.text.osSemaphoreNew)
    [Anonymous Symbol]                       0x0000126c   Section        0  rtx_semaphore.o(.text.osSemaphoreRelease)
    __arm_cp.3_0                             0x000012b4   Number         4  rtx_semaphore.o(.text.osSemaphoreRelease)
    [Anonymous Symbol]                       0x000012b8   Section        0  rtx_thread.o(.text.osThreadExit)
    __arm_cp.31_0                            0x000012c0   Number         4  rtx_thread.o(.text.osThreadExit)
    [Anonymous Symbol]                       0x000012c4   Section        0  rtx_thread.o(.text.osThreadNew)
    __arm_cp.17_0                            0x000012e4   Number         4  rtx_thread.o(.text.osThreadNew)
    [Anonymous Symbol]                       0x000012e8   Section        0  rtx_delay.o(.text.svcRtxDelay)
    svcRtxDelay                              0x000012e9   Thumb Code    18  rtx_delay.o(.text.svcRtxDelay)
    [Anonymous Symbol]                       0x000012fc   Section        0  rtx_kernel.o(.text.svcRtxKernelInitialize)
    svcRtxKernelInitialize                   0x000012fd   Thumb Code   328  rtx_kernel.o(.text.svcRtxKernelInitialize)
    __arm_cp.20_0                            0x00001438   Number         4  rtx_kernel.o(.text.svcRtxKernelInitialize)
    __arm_cp.20_1                            0x0000143c   Number         4  rtx_kernel.o(.text.svcRtxKernelInitialize)
    __arm_cp.20_2                            0x00001440   Number         4  rtx_kernel.o(.text.svcRtxKernelInitialize)
    [Anonymous Symbol]                       0x00001444   Section        0  rtx_kernel.o(.text.svcRtxKernelStart)
    svcRtxKernelStart                        0x00001445   Thumb Code   132  rtx_kernel.o(.text.svcRtxKernelStart)
    __arm_cp.21_0                            0x000014b8   Number         4  rtx_kernel.o(.text.svcRtxKernelStart)
    __arm_cp.21_1                            0x000014bc   Number         4  rtx_kernel.o(.text.svcRtxKernelStart)
    __arm_cp.21_2                            0x000014c0   Number         4  rtx_kernel.o(.text.svcRtxKernelStart)
    __arm_cp.21_3                            0x000014c4   Number         4  rtx_kernel.o(.text.svcRtxKernelStart)
    [Anonymous Symbol]                       0x000014c8   Section        0  rtx_msgqueue.o(.text.svcRtxMessageQueueGet)
    svcRtxMessageQueueGet                    0x000014c9   Thumb Code   232  rtx_msgqueue.o(.text.svcRtxMessageQueueGet)
    __arm_cp.21_0                            0x000015ac   Number         4  rtx_msgqueue.o(.text.svcRtxMessageQueueGet)
    [Anonymous Symbol]                       0x000015b0   Section        0  rtx_msgqueue.o(.text.svcRtxMessageQueueNew)
    svcRtxMessageQueueNew                    0x000015b1   Thumb Code   484  rtx_msgqueue.o(.text.svcRtxMessageQueueNew)
    __arm_cp.14_0                            0x0000177c   Number         4  rtx_msgqueue.o(.text.svcRtxMessageQueueNew)
    __arm_cp.14_1                            0x00001780   Number         4  rtx_msgqueue.o(.text.svcRtxMessageQueueNew)
    __arm_cp.14_2                            0x00001784   Number         4  rtx_msgqueue.o(.text.svcRtxMessageQueueNew)
    __arm_cp.14_3                            0x00001788   Number         4  rtx_msgqueue.o(.text.svcRtxMessageQueueNew)
    __arm_cp.14_4                            0x0000178c   Number         4  rtx_msgqueue.o(.text.svcRtxMessageQueueNew)
    __arm_cp.14_5                            0x00001790   Number         4  rtx_msgqueue.o(.text.svcRtxMessageQueueNew)
    [Anonymous Symbol]                       0x00001794   Section        0  rtx_msgqueue.o(.text.svcRtxMessageQueuePut)
    svcRtxMessageQueuePut                    0x00001795   Thumb Code   188  rtx_msgqueue.o(.text.svcRtxMessageQueuePut)
    __arm_cp.19_0                            0x0000184c   Number         4  rtx_msgqueue.o(.text.svcRtxMessageQueuePut)
    [Anonymous Symbol]                       0x00001850   Section        0  rtx_semaphore.o(.text.svcRtxSemaphoreAcquire)
    svcRtxSemaphoreAcquire                   0x00001851   Thumb Code    76  rtx_semaphore.o(.text.svcRtxSemaphoreAcquire)
    __arm_cp.11_0                            0x00001898   Number         4  rtx_semaphore.o(.text.svcRtxSemaphoreAcquire)
    [Anonymous Symbol]                       0x0000189c   Section        0  rtx_semaphore.o(.text.svcRtxSemaphoreNew)
    svcRtxSemaphoreNew                       0x0000189d   Thumb Code   136  rtx_semaphore.o(.text.svcRtxSemaphoreNew)
    __arm_cp.7_0                             0x00001918   Number         4  rtx_semaphore.o(.text.svcRtxSemaphoreNew)
    __arm_cp.7_1                             0x0000191c   Number         4  rtx_semaphore.o(.text.svcRtxSemaphoreNew)
    __arm_cp.7_2                             0x00001920   Number         4  rtx_semaphore.o(.text.svcRtxSemaphoreNew)
    [Anonymous Symbol]                       0x00001924   Section        0  rtx_semaphore.o(.text.svcRtxSemaphoreRelease)
    svcRtxSemaphoreRelease                   0x00001925   Thumb Code    56  rtx_semaphore.o(.text.svcRtxSemaphoreRelease)
    [Anonymous Symbol]                       0x0000195c   Section        0  rtx_thread.o(.text.svcRtxThreadExit)
    svcRtxThreadExit                         0x0000195d   Thumb Code   108  rtx_thread.o(.text.svcRtxThreadExit)
    __arm_cp.54_0                            0x000019c4   Number         4  rtx_thread.o(.text.svcRtxThreadExit)
    [Anonymous Symbol]                       0x000019c8   Section        0  rtx_thread.o(.text.svcRtxThreadNew)
    svcRtxThreadNew                          0x000019c9   Thumb Code   492  rtx_thread.o(.text.svcRtxThreadNew)
    __arm_cp.16_0                            0x00001b9c   Number         4  rtx_thread.o(.text.svcRtxThreadNew)
    __arm_cp.16_1                            0x00001ba0   Number         4  rtx_thread.o(.text.svcRtxThreadNew)
    __arm_cp.16_2                            0x00001ba4   Number         4  rtx_thread.o(.text.svcRtxThreadNew)
    __arm_cp.16_3                            0x00001ba8   Number         4  rtx_thread.o(.text.svcRtxThreadNew)
    __arm_cp.16_4                            0x00001bac   Number         4  rtx_thread.o(.text.svcRtxThreadNew)
    __arm_cp.16_5                            0x00001bb0   Number         4  rtx_thread.o(.text.svcRtxThreadNew)
    i.InitGPIOMotor                          0x00001bb4   Section        0  main.o(i.InitGPIOMotor)
    i.PIT_IRQHandler                         0x00001c3c   Section        0  main.o(i.PIT_IRQHandler)
    i.PORTA_IRQHandler                       0x00001c58   Section        0  main.o(i.PORTA_IRQHandler)
    i.SystemCoreClockUpdate                  0x00001cc4   Section        0  system_mkl25z4.o(i.SystemCoreClockUpdate)
    i.SystemInit                             0x00001e54   Section        0  system_mkl25z4.o(i.SystemInit)
    i.TPM0_IRQHandler                        0x00001f8c   Section        0  main.o(i.TPM0_IRQHandler)
    i.UART2_IRQHandler                       0x00001ffc   Section        0  main.o(i.UART2_IRQHandler)
    i.__ARM_clz                              0x00002034   Section        0  depilogue.o(i.__ARM_clz)
    i.__ARM_common_switch8                   0x00002062   Section        0  main.o(i.__ARM_common_switch8)
    i.__NVIC_ClearPendingIRQ                 0x00002080   Section        0  main.o(i.__NVIC_ClearPendingIRQ)
    __NVIC_ClearPendingIRQ                   0x00002081   Thumb Code    18  main.o(i.__NVIC_ClearPendingIRQ)
    i.__NVIC_EnableIRQ                       0x00002098   Section        0  main.o(i.__NVIC_EnableIRQ)
    __NVIC_EnableIRQ                         0x00002099   Thumb Code    26  main.o(i.__NVIC_EnableIRQ)
    i.__NVIC_SetPriority                     0x000020b8   Section        0  main.o(i.__NVIC_SetPriority)
    __NVIC_SetPriority                       0x000020b9   Thumb Code   110  main.o(i.__NVIC_SetPriority)
    i.__scatterload_copy                     0x00002130   Section       14  handlers.o(i.__scatterload_copy)
    i.__scatterload_zeroinit                 0x0000213e   Section       14  handlers.o(i.__scatterload_zeroinit)
    i.initPIT                                0x0000214c   Section        0  main.o(i.initPIT)
    i.initUART                               0x000021a0   Section        0  main.o(i.initUART)
    i.initUltrasound                         0x00002254   Section        0  main.o(i.initUltrasound)
    i.main                                   0x00002360   Section        0  main.o(i.main)
    i.osRtxErrorNotify                       0x000023a4   Section        0  rtx_config.o(i.osRtxErrorNotify)
    i.osRtxIdleThread                        0x000023c4   Section        0  rtx_config.o(i.osRtxIdleThread)
    i.ultrasonic                             0x000023c8   Section        0  main.o(i.ultrasonic)
    .constdata                               0x0000243c   Section      100  rtx_lib.o(.constdata)
    os_idle_thread_attr                      0x0000243c   Data          36  rtx_lib.o(.constdata)
    os_timer_thread_attr                     0x00002460   Data          36  rtx_lib.o(.constdata)
    os_timer_mq_attr                         0x00002484   Data          24  rtx_lib.o(.constdata)
    .rodata                                  0x000024a0   Section      160  rtx_lib.o(.rodata)
    __tagsym$$used                           0x000024a0   Number         0  rtx_lib.o(.rodata)
    __tagsym$$used                           0x00002508   Number         0  rtx_lib.o(.rodata)
    [Anonymous Symbol]                       0x00002540   Section        0  rtx_kernel.o(.rodata.str1.4)
    .L.str                                   0x00002540   Data          11  rtx_kernel.o(.rodata.str1.4)
    .bss.os                                  0x1ffff000   Section     4160  rtx_lib.o(.bss.os)
    os_mem                                   0x1ffff000   Data        4096  rtx_lib.o(.bss.os)
    os_isr_queue                             0x20000000   Data          64  rtx_lib.o(.bss.os)
    .bss.os.msgqueue.cb                      0x20000040   Section       52  rtx_lib.o(.bss.os.msgqueue.cb)
    os_timer_mq_cb                           0x20000040   Data          52  rtx_lib.o(.bss.os.msgqueue.cb)
    .bss.os.msgqueue.mem                     0x20000074   Section       80  rtx_lib.o(.bss.os.msgqueue.mem)
    os_timer_mq_data                         0x20000074   Data          80  rtx_lib.o(.bss.os.msgqueue.mem)
    .bss.os.thread.cb                        0x200000c4   Section      136  rtx_lib.o(.bss.os.thread.cb)
    os_idle_thread_cb                        0x200000c4   Data          68  rtx_lib.o(.bss.os.thread.cb)
    os_timer_thread_cb                       0x20000108   Data          68  rtx_lib.o(.bss.os.thread.cb)
    .bss.os.thread.stack                     0x20000150   Section      512  rtx_lib.o(.bss.os.thread.stack)
    os_idle_thread_stack                     0x20000150   Data         256  rtx_lib.o(.bss.os.thread.stack)
    os_timer_thread_stack                    0x20000250   Data         256  rtx_lib.o(.bss.os.thread.stack)
    .data                                    0x20000350   Section       40  main.o(.data)
    .data                                    0x20000378   Section        4  system_mkl25z4.o(.data)
    [Anonymous Symbol]                       0x20000420   Section        0  os_systick.o(.bss.PendST)
    PendST                                   0x20000420   Data           1  os_systick.o(.bss.PendST)
    STACK                                    0x20000428   Section      256  startup_mkl25z4.o(STACK)

    Global Symbols

    Symbol Name                              Value     Ov Type        Size  Object(Section)

    BuildAttributes$$THM_ISAv3M$S$PE$A:L22$X:L11$S22$IEEE1$IW$~IW$USESV6$~STKCKD$USESV7$~SHL$OTIME$ROPI$EBA8$MICROLIB$REQ8$PRES8$EABIv2 0x00000000   Number         0  anon$$obj.o ABSOLUTE
    __ARM_use_no_argv                        0x00000000   Number         0  main.o ABSOLUTE
    __Vectors                                0x00000000   Data           4  startup_mkl25z4.o(RESET)
    .bss.os.evflags.cb$$Base                  - Undefined Weak Reference
    .bss.os.evflags.cb$$Limit                 - Undefined Weak Reference
    .bss.os.mempool.cb$$Base                  - Undefined Weak Reference
    .bss.os.mempool.cb$$Limit                 - Undefined Weak Reference
    .bss.os.mutex.cb$$Base                    - Undefined Weak Reference
    .bss.os.mutex.cb$$Limit                   - Undefined Weak Reference
    .bss.os.semaphore.cb$$Base                - Undefined Weak Reference
    .bss.os.semaphore.cb$$Limit               - Undefined Weak Reference
    .bss.os.timer.cb$$Base                    - Undefined Weak Reference
    .bss.os.timer.cb$$Limit                   - Undefined Weak Reference
    __cpp_initialize__aeabi_                  - Undefined Weak Reference
    __cxa_finalize                            - Undefined Weak Reference
    _clock_init                               - Undefined Weak Reference
    _microlib_exit                            - Undefined Weak Reference
    __Vectors_End                            0x000000c0   Data           0  startup_mkl25z4.o(RESET)
    __Vectors_Size                           0x000000c0   Number         0  startup_mkl25z4.o ABSOLUTE
    __main                                   0x000000c1   Thumb Code     0  entry.o(.ARM.Collect$$$$00000000)
    _main_stk                                0x000000c1   Thumb Code     0  entry2.o(.ARM.Collect$$$$00000001)
    _main_scatterload                        0x000000c5   Thumb Code     0  entry5.o(.ARM.Collect$$$$00000004)
    __main_after_scatterload                 0x000000c9   Thumb Code     0  entry5.o(.ARM.Collect$$$$00000004)
    _main_clock                              0x000000c9   Thumb Code     0  entry7b.o(.ARM.Collect$$$$00000008)
    _main_cpp_init                           0x000000c9   Thumb Code     0  entry8b.o(.ARM.Collect$$$$0000000A)
    _main_init                               0x000000c9   Thumb Code     0  entry9a.o(.ARM.Collect$$$$0000000B)
    __rt_final_cpp                           0x000000d1   Thumb Code     0  entry10a.o(.ARM.Collect$$$$0000000D)
    __rt_final_exit                          0x000000d1   Thumb Code     0  entry11a.o(.ARM.Collect$$$$0000000F)
    Reset_Handler                            0x000000d5   Thumb Code    12  startup_mkl25z4.o(.text)
    NMI_Handler                              0x000000e1   Thumb Code     2  startup_mkl25z4.o(.text)
    HardFault_Handler                        0x000000e3   Thumb Code     2  startup_mkl25z4.o(.text)
    ADC0_IRQHandler                          0x000000eb   Thumb Code     0  startup_mkl25z4.o(.text)
    CMP0_IRQHandler                          0x000000eb   Thumb Code     0  startup_mkl25z4.o(.text)
    DAC0_IRQHandler                          0x000000eb   Thumb Code     0  startup_mkl25z4.o(.text)
    DMA0_IRQHandler                          0x000000eb   Thumb Code     0  startup_mkl25z4.o(.text)
    DMA1_IRQHandler                          0x000000eb   Thumb Code     0  startup_mkl25z4.o(.text)
    DMA2_IRQHandler                          0x000000eb   Thumb Code     0  startup_mkl25z4.o(.text)
    DMA3_IRQHandler                          0x000000eb   Thumb Code     0  startup_mkl25z4.o(.text)
    DefaultISR                               0x000000eb   Thumb Code     0  startup_mkl25z4.o(.text)
    FTFA_IRQHandler                          0x000000eb   Thumb Code     0  startup_mkl25z4.o(.text)
    I2C0_IRQHandler                          0x000000eb   Thumb Code     0  startup_mkl25z4.o(.text)
    I2C1_IRQHandler                          0x000000eb   Thumb Code     0  startup_mkl25z4.o(.text)
    LLWU_IRQHandler                          0x000000eb   Thumb Code     0  startup_mkl25z4.o(.text)
    LPTMR0_IRQHandler                        0x000000eb   Thumb Code     0  startup_mkl25z4.o(.text)
    LVD_LVW_IRQHandler                       0x000000eb   Thumb Code     0  startup_mkl25z4.o(.text)
    MCG_IRQHandler                           0x000000eb   Thumb Code     0  startup_mkl25z4.o(.text)
    PORTD_IRQHandler                         0x000000eb   Thumb Code     0  startup_mkl25z4.o(.text)
    RTC_IRQHandler                           0x000000eb   Thumb Code     0  startup_mkl25z4.o(.text)
    RTC_Seconds_IRQHandler                   0x000000eb   Thumb Code     0  startup_mkl25z4.o(.text)
    Reserved20_IRQHandler                    0x000000eb   Thumb Code     0  startup_mkl25z4.o(.text)
    Reserved39_IRQHandler                    0x000000eb   Thumb Code     0  startup_mkl25z4.o(.text)
    Reserved45_IRQHandler                    0x000000eb   Thumb Code     0  startup_mkl25z4.o(.text)
    SPI0_IRQHandler                          0x000000eb   Thumb Code     0  startup_mkl25z4.o(.text)
    SPI1_IRQHandler                          0x000000eb   Thumb Code     0  startup_mkl25z4.o(.text)
    TPM1_IRQHandler                          0x000000eb   Thumb Code     0  startup_mkl25z4.o(.text)
    TPM2_IRQHandler                          0x000000eb   Thumb Code     0  startup_mkl25z4.o(.text)
    TSI0_IRQHandler                          0x000000eb   Thumb Code     0  startup_mkl25z4.o(.text)
    UART0_IRQHandler                         0x000000eb   Thumb Code     0  startup_mkl25z4.o(.text)
    UART1_IRQHandler                         0x000000eb   Thumb Code     0  startup_mkl25z4.o(.text)
    USB0_IRQHandler                          0x000000eb   Thumb Code     0  startup_mkl25z4.o(.text)
    SVC_Handler                              0x000000fd   Thumb Code   132  irq_cm0.o(.text)
    PendSV_Handler                           0x00000181   Thumb Code    12  irq_cm0.o(.text)
    SysTick_Handler                          0x0000018d   Thumb Code    12  irq_cm0.o(.text)
    __aeabi_uidiv                            0x000001a1   Thumb Code     0  uidiv.o(.text)
    __aeabi_uidivmod                         0x000001a1   Thumb Code    44  uidiv.o(.text)
    __aeabi_memcpy                           0x000001cd   Thumb Code    36  memcpya.o(.text)
    __aeabi_memcpy4                          0x000001cd   Thumb Code     0  memcpya.o(.text)
    __aeabi_memcpy8                          0x000001cd   Thumb Code     0  memcpya.o(.text)
    __aeabi_memset                           0x000001f1   Thumb Code    14  memseta.o(.text)
    __aeabi_memset4                          0x000001f1   Thumb Code     0  memseta.o(.text)
    __aeabi_memset8                          0x000001f1   Thumb Code     0  memseta.o(.text)
    __aeabi_memclr                           0x000001ff   Thumb Code     4  memseta.o(.text)
    __aeabi_memclr4                          0x000001ff   Thumb Code     0  memseta.o(.text)
    __aeabi_memclr8                          0x000001ff   Thumb Code     0  memseta.o(.text)
    _memset$wrapper                          0x00000203   Thumb Code    18  memseta.o(.text)
    __aeabi_dmul                             0x00000215   Thumb Code   202  dmul.o(.text)
    __aeabi_ddiv                             0x000002e5   Thumb Code   234  ddiv.o(.text)
    __aeabi_i2d                              0x000003d5   Thumb Code    34  dflti.o(.text)
    __I$use$fp                               0x000003fd   Thumb Code     0  iusefp.o(.text)
    osRtxKernelPreInit                       0x000003fd   Thumb Code     2  rtx_kernel.o(.text.osRtxKernelPreInit)
    __scatterload_null                       0x000003ff   Thumb Code     2  handlers.o(i.__scatterload_null)
    __aeabi_d2f                              0x00000411   Thumb Code    56  d2f.o(.text)
    _float_round                             0x00000449   Thumb Code    16  fepilogue.o(.text)
    _float_epilogue                          0x00000459   Thumb Code   114  fepilogue.o(.text)
    _double_round                            0x000004cb   Thumb Code    26  depilogue.o(.text)
    _double_epilogue                         0x000004e5   Thumb Code   164  depilogue.o(.text)
    __scatterload                            0x00000589   Thumb Code    28  init.o(.text)
    __scatterload_rt2                        0x00000589   Thumb Code     0  init.o(.text)
    __aeabi_llsl                             0x000005ad   Thumb Code    32  llshl.o(.text)
    _ll_shift_l                              0x000005ad   Thumb Code     0  llshl.o(.text)
    __aeabi_llsr                             0x000005cd   Thumb Code    34  llushr.o(.text)
    _ll_ushift_r                             0x000005cd   Thumb Code     0  llushr.o(.text)
    __decompress                             0x000005ef   Thumb Code     0  __dczerorl.o(.text)
    __decompress0                            0x000005ef   Thumb Code    58  __dczerorl.o(.text)
    OS_Tick_AcknowledgeIRQ                   0x000006f5   Thumb Code    12  os_systick.o(.text.OS_Tick_AcknowledgeIRQ)
    OS_Tick_Enable                           0x00000701   Thumb Code    44  os_systick.o(.text.OS_Tick_Enable)
    OS_Tick_GetIRQn                          0x0000072d   Thumb Code     6  os_systick.o(.text.OS_Tick_GetIRQn)
    OS_Tick_Setup                            0x00000735   Thumb Code    76  os_systick.o(.text.OS_Tick_Setup)
    osDelay                                  0x00000865   Thumb Code    40  rtx_delay.o(.text.osDelay)
    osKernelInitialize                       0x0000088d   Thumb Code    40  rtx_kernel.o(.text.osKernelInitialize)
    osKernelStart                            0x000008b5   Thumb Code    36  rtx_kernel.o(.text.osKernelStart)
    osMessageQueueGet                        0x000008d9   Thumb Code   116  rtx_msgqueue.o(.text.osMessageQueueGet)
    osMessageQueueNew                        0x0000094d   Thumb Code    36  rtx_msgqueue.o(.text.osMessageQueueNew)
    osMessageQueuePut                        0x00000971   Thumb Code   120  rtx_msgqueue.o(.text.osMessageQueuePut)
    osRtxMemoryAlloc                         0x000009e9   Thumb Code   124  rtx_memory.o(.text.osRtxMemoryAlloc)
    osRtxMemoryFree                          0x00000a65   Thumb Code    78  rtx_memory.o(.text.osRtxMemoryFree)
    osRtxMemoryInit                          0x00000ab3   Thumb Code    50  rtx_memory.o(.text.osRtxMemoryInit)
    osRtxMemoryPoolAlloc                     0x00000ae5   Thumb Code    46  rtx_mempool.o(.text.osRtxMemoryPoolAlloc)
    osRtxMemoryPoolFree                      0x00000b13   Thumb Code    58  rtx_mempool.o(.text.osRtxMemoryPoolFree)
    osRtxMemoryPoolInit                      0x00000b4d   Thumb Code    62  rtx_mempool.o(.text.osRtxMemoryPoolInit)
    osRtxMutexOwnerRelease                   0x00000c47   Thumb Code    68  rtx_mutex.o(.text.osRtxMutexOwnerRelease)
    osRtxPendSV_Handler                      0x00000c8d   Thumb Code   128  rtx_system.o(.text.osRtxPendSV_Handler)
    osRtxPostProcess                         0x00000d0d   Thumb Code   108  rtx_system.o(.text.osRtxPostProcess)
    osRtxThreadDelayTick                     0x00000e99   Thumb Code    56  rtx_thread.o(.text.osRtxThreadDelayTick)
    osRtxThreadDispatch                      0x00000ed1   Thumb Code    80  rtx_thread.o(.text.osRtxThreadDispatch)
    osRtxThreadListGet                       0x00000f75   Thumb Code    20  rtx_thread.o(.text.osRtxThreadListGet)
    osRtxThreadListPut                       0x00000f89   Thumb Code    44  rtx_thread.o(.text.osRtxThreadListPut)
    osRtxThreadListRemove                    0x00000fb5   Thumb Code    24  rtx_thread.o(.text.osRtxThreadListRemove)
    osRtxThreadReadyPut                      0x00000ff5   Thumb Code    24  rtx_thread.o(.text.osRtxThreadReadyPut)
    osRtxThreadRegPtr                        0x0000100d   Thumb Code     6  rtx_thread.o(.text.osRtxThreadRegPtr)
    osRtxThreadStackCheck                    0x00001015   Thumb Code    44  rtx_thread.o(.text.osRtxThreadStackCheck)
    osRtxThreadStartup                       0x00001041   Thumb Code    64  rtx_thread.o(.text.osRtxThreadStartup)
    osRtxThreadSwitch                        0x00001081   Thumb Code    20  rtx_thread.o(.text.osRtxThreadSwitch)
    osRtxThreadWaitEnter                     0x00001095   Thumb Code    60  rtx_thread.o(.text.osRtxThreadWaitEnter)
    osRtxThreadWaitExit                      0x000010d1   Thumb Code    34  rtx_thread.o(.text.osRtxThreadWaitExit)
    osRtxTick_Handler                        0x000010f5   Thumb Code   116  rtx_system.o(.text.osRtxTick_Handler)
    osRtxTimerThread                         0x00001169   Thumb Code    60  rtx_timer.o(.text.osRtxTimerThread)
    osSemaphoreAcquire                       0x00001205   Thumb Code    68  rtx_semaphore.o(.text.osSemaphoreAcquire)
    osSemaphoreNew                           0x00001249   Thumb Code    36  rtx_semaphore.o(.text.osSemaphoreNew)
    osSemaphoreRelease                       0x0000126d   Thumb Code    76  rtx_semaphore.o(.text.osSemaphoreRelease)
    osThreadExit                             0x000012b9   Thumb Code    12  rtx_thread.o(.text.osThreadExit)
    osThreadNew                              0x000012c5   Thumb Code    36  rtx_thread.o(.text.osThreadNew)
    InitGPIOMotor                            0x00001bb5   Thumb Code   124  main.o(i.InitGPIOMotor)
    PIT_IRQHandler                           0x00001c3d   Thumb Code    20  main.o(i.PIT_IRQHandler)
    PORTA_IRQHandler                         0x00001c59   Thumb Code    82  main.o(i.PORTA_IRQHandler)
    SystemCoreClockUpdate                    0x00001cc5   Thumb Code   372  system_mkl25z4.o(i.SystemCoreClockUpdate)
    SystemInit                               0x00001e55   Thumb Code   266  system_mkl25z4.o(i.SystemInit)
    TPM0_IRQHandler                          0x00001f8d   Thumb Code    90  main.o(i.TPM0_IRQHandler)
    UART2_IRQHandler                         0x00001ffd   Thumb Code    44  main.o(i.UART2_IRQHandler)
    __ARM_clz                                0x00002035   Thumb Code    46  depilogue.o(i.__ARM_clz)
    __ARM_common_switch8                     0x00002063   Thumb Code    28  main.o(i.__ARM_common_switch8)
    __scatterload_copy                       0x00002131   Thumb Code    14  handlers.o(i.__scatterload_copy)
    __scatterload_zeroinit                   0x0000213f   Thumb Code    14  handlers.o(i.__scatterload_zeroinit)
    initPIT                                  0x0000214d   Thumb Code    70  main.o(i.initPIT)
    initUART                                 0x000021a1   Thumb Code   164  main.o(i.initUART)
    initUltrasound                           0x00002255   Thumb Code   242  main.o(i.initUltrasound)
    main                                     0x00002361   Thumb Code    60  main.o(i.main)
    osRtxErrorNotify                         0x000023a5   Thumb Code    32  rtx_config.o(i.osRtxErrorNotify)
    osRtxIdleThread                          0x000023c5   Thumb Code     4  rtx_config.o(i.osRtxIdleThread)
    ultrasonic                               0x000023c9   Thumb Code    90  main.o(i.ultrasonic)
    osRtxUserSVC                             0x0000249c   Data           4  rtx_lib.o(.constdata)
    osRtxConfig                              0x000024a0   Data         104  rtx_lib.o(.rodata)
    os_cb_sections                           0x00002508   Data          56  rtx_lib.o(.rodata)
    Region$$Table$$Base                      0x0000254c   Number         0  anon$$obj.o(Region$$Table)
    Region$$Table$$Limit                     0x0000256c   Number         0  anon$$obj.o(Region$$Table)
    .bss.os.msgqueue.cb$$Base                0x20000040   Number         0  rtx_lib.o(.bss.os.msgqueue.cb)
    .bss.os.msgqueue.cb$$Limit               0x20000074   Number         0  rtx_lib.o(.bss.os.msgqueue.cb)
    .bss.os.thread.cb$$Base                  0x200000c4   Number         0  rtx_lib.o(.bss.os.thread.cb)
    .bss.os.thread.cb$$Limit                 0x2000014c   Number         0  rtx_lib.o(.bss.os.thread.cb)
    data_to_send                             0x20000350   Data           1  main.o(.data)
    received_data                            0x20000351   Data           1  main.o(.data)
    counter                                  0x20000354   Data           4  main.o(.data)
    ultraFlag                                0x20000358   Data           4  main.o(.data)
    ultraSem                                 0x2000035c   Data           4  main.o(.data)
    check                                    0x20000360   Data           4  main.o(.data)
    consecutive                              0x20000364   Data           4  main.o(.data)
    value                                    0x20000368   Data           4  main.o(.data)
    distance                                 0x2000036c   Data           4  main.o(.data)
    count                                    0x20000370   Data           4  main.o(.data)
    trimming                                 0x20000374   Data           4  main.o(.data)
    SystemCoreClock                          0x20000378   Data           4  system_mkl25z4.o(.data)
    osRtxInfo                                0x2000037c   Data         164  rtx_kernel.o(.data.os)
    __initial_sp                             0x20000528   Data           0  startup_mkl25z4.o(STACK)



==============================================================================

Memory Map of the image

  Image Entry point : 0x000000d5

  Load Region LR_1 (Base: 0x00000000, Size: 0x0000398c, Max: 0xffffffff, ABSOLUTE, COMPRESSED[0x000025a8])

    Execution Region ER_RO (Exec base: 0x00000000, Load base: 0x00000000, Size: 0x0000256c, Max: 0xffffffff, ABSOLUTE)

    Exec Addr    Load Addr    Size         Type   Attr      Idx    E Section Name        Object

    0x00000000   0x00000000   0x000000c0   Data   RO          220    RESET               startup_mkl25z4.o
    0x000000c0   0x000000c0   0x00000000   Code   RO          766  * .ARM.Collect$$$$00000000  mc_p.l(entry.o)
    0x000000c0   0x000000c0   0x00000004   Code   RO          795    .ARM.Collect$$$$00000001  mc_p.l(entry2.o)
    0x000000c4   0x000000c4   0x00000004   Code   RO          798    .ARM.Collect$$$$00000004  mc_p.l(entry5.o)
    0x000000c8   0x000000c8   0x00000000   Code   RO          800    .ARM.Collect$$$$00000008  mc_p.l(entry7b.o)
    0x000000c8   0x000000c8   0x00000000   Code   RO          802    .ARM.Collect$$$$0000000A  mc_p.l(entry8b.o)
    0x000000c8   0x000000c8   0x00000008   Code   RO          803    .ARM.Collect$$$$0000000B  mc_p.l(entry9a.o)
    0x000000d0   0x000000d0   0x00000000   Code   RO          805    .ARM.Collect$$$$0000000D  mc_p.l(entry10a.o)
    0x000000d0   0x000000d0   0x00000000   Code   RO          807    .ARM.Collect$$$$0000000F  mc_p.l(entry11a.o)
    0x000000d0   0x000000d0   0x00000004   Code   RO          796    .ARM.Collect$$$$00002712  mc_p.l(entry2.o)
    0x000000d4   0x000000d4   0x00000028   Code   RO          222  * .text               startup_mkl25z4.o
    0x000000fc   0x000000fc   0x000000a4   Code   RO          518    .text               RTX_CM0.lib(irq_cm0.o)
    0x000001a0   0x000001a0   0x0000002c   Code   RO          769    .text               mc_p.l(uidiv.o)
    0x000001cc   0x000001cc   0x00000024   Code   RO          773    .text               mc_p.l(memcpya.o)
    0x000001f0   0x000001f0   0x00000024   Code   RO          775    .text               mc_p.l(memseta.o)
    0x00000214   0x00000214   0x000000d0   Code   RO          781    .text               mf_p.l(dmul.o)
    0x000002e4   0x000002e4   0x000000f0   Code   RO          783    .text               mf_p.l(ddiv.o)
    0x000003d4   0x000003d4   0x00000028   Code   RO          787    .text               mf_p.l(dflti.o)
    0x000003fc   0x000003fc   0x00000000   Code   RO          809    .text               mc_p.l(iusefp.o)
    0x000003fc   0x000003fc   0x00000002   Code   RO          264    .text.osRtxKernelPreInit  RTX_CM0.lib(rtx_kernel.o)
    0x000003fe   0x000003fe   0x00000002   Code   RO          825    i.__scatterload_null  mc_p.l(handlers.o)
    0x00000400   0x00000400   0x00000010   Code   RO          221    .ARM.__at_0x400     startup_mkl25z4.o
    0x00000410   0x00000410   0x00000038   Code   RO          793    .text               mf_p.l(d2f.o)
    0x00000448   0x00000448   0x00000082   Code   RO          810    .text               mf_p.l(fepilogue.o)
    0x000004ca   0x000004ca   0x000000be   Code   RO          812    .text               mf_p.l(depilogue.o)
    0x00000588   0x00000588   0x00000024   Code   RO          816    .text               mc_p.l(init.o)
    0x000005ac   0x000005ac   0x00000020   Code   RO          818    .text               mc_p.l(llshl.o)
    0x000005cc   0x000005cc   0x00000022   Code   RO          820    .text               mc_p.l(llushr.o)
    0x000005ee   0x000005ee   0x0000003a   Code   RO          830    .text               mc_p.l(__dczerorl.o)
    0x00000628   0x00000628   0x0000004c   Code   RO          750    .text.MessageQueueGet  RTX_CM0.lib(rtx_msgqueue.o)
    0x00000674   0x00000674   0x00000062   Code   RO          744    .text.MessageQueuePut  RTX_CM0.lib(rtx_msgqueue.o)
    0x000006d6   0x000006d6   0x0000001e   Code   RO          742    .text.MessageQueueRemove  RTX_CM0.lib(rtx_msgqueue.o)
    0x000006f4   0x000006f4   0x0000000c   Code   RO          688    .text.OS_Tick_AcknowledgeIRQ  RTX_CM0.lib(os_systick.o)
    0x00000700   0x00000700   0x0000002c   Code   RO          684    .text.OS_Tick_Enable  RTX_CM0.lib(os_systick.o)
    0x0000072c   0x0000072c   0x00000006   Code   RO          690    .text.OS_Tick_GetIRQn  RTX_CM0.lib(os_systick.o)
    0x00000732   0x00000732   0x00000002   PAD
    0x00000734   0x00000734   0x0000004c   Code   RO          682    .text.OS_Tick_Setup  RTX_CM0.lib(os_systick.o)
    0x00000780   0x00000780   0x00000024   Code   RO          497    .text.SemaphoreTokenDecrement  RTX_CM0.lib(rtx_semaphore.o)
    0x000007a4   0x000007a4   0x00000026   Code   RO          503    .text.SemaphoreTokenIncrement  RTX_CM0.lib(rtx_semaphore.o)
    0x000007ca   0x000007ca   0x0000004e   Code   RO          409    .text.ThreadFlagsCheck  RTX_CM0.lib(rtx_thread.o)
    0x00000818   0x00000818   0x0000004c   Code   RO          539    .text.TimerInsert   RTX_CM0.lib(rtx_timer.o)
    0x00000864   0x00000864   0x00000028   Code   RO          462    .text.osDelay       RTX_CM0.lib(rtx_delay.o)
    0x0000088c   0x0000088c   0x00000028   Code   RO          266    .text.osKernelInitialize  RTX_CM0.lib(rtx_kernel.o)
    0x000008b4   0x000008b4   0x00000024   Code   RO          276    .text.osKernelStart  RTX_CM0.lib(rtx_kernel.o)
    0x000008d8   0x000008d8   0x00000074   Code   RO          716    .text.osMessageQueueGet  RTX_CM0.lib(rtx_msgqueue.o)
    0x0000094c   0x0000094c   0x00000024   Code   RO          710    .text.osMessageQueueNew  RTX_CM0.lib(rtx_msgqueue.o)
    0x00000970   0x00000970   0x00000078   Code   RO          714    .text.osMessageQueuePut  RTX_CM0.lib(rtx_msgqueue.o)
    0x000009e8   0x000009e8   0x0000007c   Code   RO          601    .text.osRtxMemoryAlloc  RTX_CM0.lib(rtx_memory.o)
    0x00000a64   0x00000a64   0x0000004e   Code   RO          603    .text.osRtxMemoryFree  RTX_CM0.lib(rtx_memory.o)
    0x00000ab2   0x00000ab2   0x00000032   Code   RO          599    .text.osRtxMemoryInit  RTX_CM0.lib(rtx_memory.o)
    0x00000ae4   0x00000ae4   0x0000002e   Code   RO          616    .text.osRtxMemoryPoolAlloc  RTX_CM0.lib(rtx_mempool.o)
    0x00000b12   0x00000b12   0x0000003a   Code   RO          618    .text.osRtxMemoryPoolFree  RTX_CM0.lib(rtx_mempool.o)
    0x00000b4c   0x00000b4c   0x0000003e   Code   RO          614    .text.osRtxMemoryPoolInit  RTX_CM0.lib(rtx_mempool.o)
    0x00000b8a   0x00000b8a   0x000000bc   Code   RO          740    .text.osRtxMessageQueuePostProcess  RTX_CM0.lib(rtx_msgqueue.o)
    0x00000c46   0x00000c46   0x00000044   Code   RO          564    .text.osRtxMutexOwnerRelease  RTX_CM0.lib(rtx_mutex.o)
    0x00000c8a   0x00000c8a   0x00000002   PAD
    0x00000c8c   0x00000c8c   0x00000080   Code   RO          669    .text.osRtxPendSV_Handler  RTX_CM0.lib(rtx_system.o)
    0x00000d0c   0x00000d0c   0x0000006c   Code   RO          671    .text.osRtxPostProcess  RTX_CM0.lib(rtx_system.o)
    0x00000d78   0x00000d78   0x00000024   Code   RO          495    .text.osRtxSemaphorePostProcess  RTX_CM0.lib(rtx_semaphore.o)
    0x00000d9c   0x00000d9c   0x00000038   Code   RO          349    .text.osRtxThreadBlock  RTX_CM0.lib(rtx_thread.o)
    0x00000dd4   0x00000dd4   0x00000080   Code   RO          357    .text.osRtxThreadDelayInsert  RTX_CM0.lib(rtx_thread.o)
    0x00000e54   0x00000e54   0x00000044   Code   RO          353    .text.osRtxThreadDelayRemove  RTX_CM0.lib(rtx_thread.o)
    0x00000e98   0x00000e98   0x00000038   Code   RO          339    .text.osRtxThreadDelayTick  RTX_CM0.lib(rtx_thread.o)
    0x00000ed0   0x00000ed0   0x00000050   Code   RO          347    .text.osRtxThreadDispatch  RTX_CM0.lib(rtx_thread.o)
    0x00000f20   0x00000f20   0x00000054   Code   RO          433    .text.osRtxThreadFree  RTX_CM0.lib(rtx_thread.o)
    0x00000f74   0x00000f74   0x00000014   Code   RO          331    .text.osRtxThreadListGet  RTX_CM0.lib(rtx_thread.o)
    0x00000f88   0x00000f88   0x0000002c   Code   RO          329    .text.osRtxThreadListPut  RTX_CM0.lib(rtx_thread.o)
    0x00000fb4   0x00000fb4   0x00000018   Code   RO          335    .text.osRtxThreadListRemove  RTX_CM0.lib(rtx_thread.o)
    0x00000fcc   0x00000fcc   0x00000026   Code   RO          407    .text.osRtxThreadPostProcess  RTX_CM0.lib(rtx_thread.o)
    0x00000ff2   0x00000ff2   0x00000002   PAD
    0x00000ff4   0x00000ff4   0x00000018   Code   RO          337    .text.osRtxThreadReadyPut  RTX_CM0.lib(rtx_thread.o)
    0x0000100c   0x0000100c   0x00000006   Code   RO          341    .text.osRtxThreadRegPtr  RTX_CM0.lib(rtx_thread.o)
    0x00001012   0x00001012   0x00000002   PAD
    0x00001014   0x00001014   0x0000002c   Code   RO          345    .text.osRtxThreadStackCheck  RTX_CM0.lib(rtx_thread.o)
    0x00001040   0x00001040   0x00000040   Code   RO          359    .text.osRtxThreadStartup  RTX_CM0.lib(rtx_thread.o)
    0x00001080   0x00001080   0x00000014   Code   RO          343    .text.osRtxThreadSwitch  RTX_CM0.lib(rtx_thread.o)
    0x00001094   0x00001094   0x0000003c   Code   RO          355    .text.osRtxThreadWaitEnter  RTX_CM0.lib(rtx_thread.o)
    0x000010d0   0x000010d0   0x00000022   Code   RO          351    .text.osRtxThreadWaitExit  RTX_CM0.lib(rtx_thread.o)
    0x000010f2   0x000010f2   0x00000002   PAD
    0x000010f4   0x000010f4   0x00000074   Code   RO          667    .text.osRtxTick_Handler  RTX_CM0.lib(rtx_system.o)
    0x00001168   0x00001168   0x0000003c   Code   RO          523    .text.osRtxTimerThread  RTX_CM0.lib(rtx_timer.o)
    0x000011a4   0x000011a4   0x00000060   Code   RO          525    .text.osRtxTimerTick  RTX_CM0.lib(rtx_timer.o)
    0x00001204   0x00001204   0x00000044   Code   RO          483    .text.osSemaphoreAcquire  RTX_CM0.lib(rtx_semaphore.o)
    0x00001248   0x00001248   0x00000024   Code   RO          479    .text.osSemaphoreNew  RTX_CM0.lib(rtx_semaphore.o)
    0x0000126c   0x0000126c   0x0000004c   Code   RO          485    .text.osSemaphoreRelease  RTX_CM0.lib(rtx_semaphore.o)
    0x000012b8   0x000012b8   0x0000000c   Code   RO          391    .text.osThreadExit  RTX_CM0.lib(rtx_thread.o)
    0x000012c4   0x000012c4   0x00000024   Code   RO          363    .text.osThreadNew   RTX_CM0.lib(rtx_thread.o)
    0x000012e8   0x000012e8   0x00000012   Code   RO          466    .text.svcRtxDelay   RTX_CM0.lib(rtx_delay.o)
    0x000012fa   0x000012fa   0x00000002   PAD
    0x000012fc   0x000012fc   0x00000148   Code   RO          304    .text.svcRtxKernelInitialize  RTX_CM0.lib(rtx_kernel.o)
    0x00001444   0x00001444   0x00000084   Code   RO          306    .text.svcRtxKernelStart  RTX_CM0.lib(rtx_kernel.o)
    0x000014c8   0x000014c8   0x000000e8   Code   RO          752    .text.svcRtxMessageQueueGet  RTX_CM0.lib(rtx_msgqueue.o)
    0x000015b0   0x000015b0   0x000001e4   Code   RO          738    .text.svcRtxMessageQueueNew  RTX_CM0.lib(rtx_msgqueue.o)
    0x00001794   0x00001794   0x000000bc   Code   RO          748    .text.svcRtxMessageQueuePut  RTX_CM0.lib(rtx_msgqueue.o)
    0x00001850   0x00001850   0x0000004c   Code   RO          501    .text.svcRtxSemaphoreAcquire  RTX_CM0.lib(rtx_semaphore.o)
    0x0000189c   0x0000189c   0x00000088   Code   RO          493    .text.svcRtxSemaphoreNew  RTX_CM0.lib(rtx_semaphore.o)
    0x00001924   0x00001924   0x00000038   Code   RO          505    .text.svcRtxSemaphoreRelease  RTX_CM0.lib(rtx_semaphore.o)
    0x0000195c   0x0000195c   0x0000006c   Code   RO          437    .text.svcRtxThreadExit  RTX_CM0.lib(rtx_thread.o)
    0x000019c8   0x000019c8   0x000001ec   Code   RO          361    .text.svcRtxThreadNew  RTX_CM0.lib(rtx_thread.o)
    0x00001bb4   0x00001bb4   0x00000088   Code   RO            3    i.InitGPIOMotor     main.o
    0x00001c3c   0x00001c3c   0x0000001c   Code   RO            4    i.PIT_IRQHandler    main.o
    0x00001c58   0x00001c58   0x0000006c   Code   RO            5    i.PORTA_IRQHandler  main.o
    0x00001cc4   0x00001cc4   0x00000190   Code   RO          230    i.SystemCoreClockUpdate  system_mkl25z4.o
    0x00001e54   0x00001e54   0x00000138   Code   RO          231    i.SystemInit        system_mkl25z4.o
    0x00001f8c   0x00001f8c   0x00000070   Code   RO            6    i.TPM0_IRQHandler   main.o
    0x00001ffc   0x00001ffc   0x00000038   Code   RO            7    i.UART2_IRQHandler  main.o
    0x00002034   0x00002034   0x0000002e   Code   RO          814    i.__ARM_clz         mf_p.l(depilogue.o)
    0x00002062   0x00002062   0x0000001c   Code   RO          115    i.__ARM_common_switch8  main.o
    0x0000207e   0x0000207e   0x00000002   PAD
    0x00002080   0x00002080   0x00000018   Code   RO            8    i.__NVIC_ClearPendingIRQ  main.o
    0x00002098   0x00002098   0x00000020   Code   RO            9    i.__NVIC_EnableIRQ  main.o
    0x000020b8   0x000020b8   0x00000078   Code   RO           10    i.__NVIC_SetPriority  main.o
    0x00002130   0x00002130   0x0000000e   Code   RO          824    i.__scatterload_copy  mc_p.l(handlers.o)
    0x0000213e   0x0000213e   0x0000000e   Code   RO          826    i.__scatterload_zeroinit  mc_p.l(handlers.o)
    0x0000214c   0x0000214c   0x00000054   Code   RO           14    i.initPIT           main.o
    0x000021a0   0x000021a0   0x000000b4   Code   RO           16    i.initUART          main.o
    0x00002254   0x00002254   0x0000010c   Code   RO           17    i.initUltrasound    main.o
    0x00002360   0x00002360   0x00000044   Code   RO           18    i.main              main.o
    0x000023a4   0x000023a4   0x00000020   Code   RO          190    i.osRtxErrorNotify  rtx_config.o
    0x000023c4   0x000023c4   0x00000004   Code   RO          191    i.osRtxIdleThread   rtx_config.o
    0x000023c8   0x000023c8   0x00000074   Code   RO           19    i.ultrasonic        main.o
    0x0000243c   0x0000243c   0x00000064   Data   RO          160    .constdata          rtx_lib.o
    0x000024a0   0x000024a0   0x000000a0   Data   RO          162    .rodata             rtx_lib.o
    0x00002540   0x00002540   0x0000000b   Data   RO          318    .rodata.str1.4      RTX_CM0.lib(rtx_kernel.o)
    0x0000254b   0x0000254b   0x00000001   PAD
    0x0000254c   0x0000254c   0x00000020   Data   RO          822    Region$$Table       anon$$obj.o


    Execution Region ER_RW (Exec base: 0x1ffff000, Load base: 0x0000256c, Size: 0x00001420, Max: 0xffffffff, ABSOLUTE, COMPRESSED[0x0000003c])

    Exec Addr    Load Addr    Size         Type   Attr      Idx    E Section Name        Object

    0x1ffff000   COMPRESSED   0x00001040   Data   RW          155    .bss.os             rtx_lib.o
    0x20000040   COMPRESSED   0x00000034   Data   RW          156    .bss.os.msgqueue.cb  rtx_lib.o
    0x20000074   COMPRESSED   0x00000050   Data   RW          157    .bss.os.msgqueue.mem  rtx_lib.o
    0x200000c4   COMPRESSED   0x00000088   Data   RW          158    .bss.os.thread.cb   rtx_lib.o
    0x2000014c   COMPRESSED   0x00000004   PAD
    0x20000150   COMPRESSED   0x00000200   Data   RW          159    .bss.os.thread.stack  rtx_lib.o
    0x20000350   COMPRESSED   0x00000028   Data   RW           20    .data               main.o
    0x20000378   COMPRESSED   0x00000004   Data   RW          232    .data               system_mkl25z4.o
    0x2000037c   COMPRESSED   0x000000a4   Data   RW          319    .data.os            RTX_CM0.lib(rtx_kernel.o)


    Execution Region ER_ZI (Exec base: 0x20000420, Load base: 0x000025a8, Size: 0x00000108, Max: 0xffffffff, ABSOLUTE)

    Exec Addr    Load Addr    Size         Type   Attr      Idx    E Section Name        Object

    0x20000420        -       0x00000001   Zero   RW          700    .bss.PendST         RTX_CM0.lib(os_systick.o)
    0x20000421   0x000025a8   0x00000007   PAD
    0x20000428        -       0x00000100   Zero   RW          218    STACK               startup_mkl25z4.o


==============================================================================

Image component sizes


      Code (inc. data)   RO Data    RW Data    ZI Data      Debug   Object Name

      1360        192          0         40          0     235235   main.o
        36          8          0          0          0        973   rtx_config.o
         0          0        260       4940          0       9178   rtx_lib.o
        56         30        192          0        256        876   startup_mkl25z4.o
       712         84          0          4          0       1667   system_mkl25z4.o

    ----------------------------------------------------------------------
      2166        314        484       4988        256     247929   Object Totals
         0          0         32          0          0          0   (incl. Generated)
         2          0          0          4          0          0   (incl. Padding)

    ----------------------------------------------------------------------

      Code (inc. data)   RO Data    RW Data    ZI Data      Debug   Library Member Name

       164          8          0          0          0        496   irq_cm0.o
       138         32          0          0          1       2766   os_systick.o
        58          4          0          0          0       2753   rtx_delay.o
       538         36         11        164          0      16105   rtx_kernel.o
       252          0          0          0          0       2564   rtx_memory.o
       166          0          0          0          0      14282   rtx_mempool.o
      1568         44          0          0          0      17889   rtx_msgqueue.o
        68          0          0          0          0       9201   rtx_mutex.o
       558         28          0          0          0      10054   rtx_semaphore.o
       352         26          0          0          0       4635   rtx_system.o
      1576         96          0          0          0      30867   rtx_thread.o
       232         20          0          0          0      10018   rtx_timer.o
        58          0          0          0          0          0   __dczerorl.o
         0          0          0          0          0          0   entry.o
         0          0          0          0          0          0   entry10a.o
         0          0          0          0          0          0   entry11a.o
         8          4          0          0          0          0   entry2.o
         4          0          0          0          0          0   entry5.o
         0          0          0          0          0          0   entry7b.o
         0          0          0          0          0          0   entry8b.o
         8          4          0          0          0          0   entry9a.o
        30          0          0          0          0          0   handlers.o
        36          8          0          0          0         68   init.o
         0          0          0          0          0          0   iusefp.o
        32          0          0          0          0         68   llshl.o
        34          0          0          0          0         68   llushr.o
        36          0          0          0          0         60   memcpya.o
        36          0          0          0          0        100   memseta.o
        44          0          0          0          0         72   uidiv.o
        56          0          0          0          0         68   d2f.o
       240          6          0          0          0         84   ddiv.o
       236          0          0          0          0        216   depilogue.o
        40          6          0          0          0         68   dflti.o
       208          6          0          0          0         88   dmul.o
       130          0          0          0          0        144   fepilogue.o

    ----------------------------------------------------------------------
      6918        328         12        164          8     122734   Library Totals
        12          0          1          0          7          0   (incl. Padding)

    ----------------------------------------------------------------------

      Code (inc. data)   RO Data    RW Data    ZI Data      Debug   Library Name

      5670        294         11        164          1     121630   RTX_CM0.lib
       326         16          0          0          0        436   mc_p.l
       910         18          0          0          0        668   mf_p.l

    ----------------------------------------------------------------------
      6918        328         12        164          8     122734   Library Totals

    ----------------------------------------------------------------------

==============================================================================


      Code (inc. data)   RO Data    RW Data    ZI Data      Debug   

      9084        642        496       5152        264     369443   Grand Totals
      9084        642        496         60        264     369443   ELF Image Totals (compressed)
      9084        642        496         60          0          0   ROM Totals

==============================================================================

    Total RO  Size (Code + RO Data)                 9580 (   9.36kB)
    Total RW  Size (RW Data + ZI Data)              5416 (   5.29kB)
    Total ROM Size (Code + RO Data + RW Data)       9640 (   9.41kB)

==============================================================================

