Component: ARM Compiler 5.06 update 6 (build 750) Tool: armlink [4d35ed]

==============================================================================

Section Cross References

    main.o(i.PIT_IRQHandler) refers to main.o(.data) for counter
    main.o(i.PORTD_IRQHandler) refers to rtx_semaphore.o(.text.osSemaphoreRelease) for osSemaphoreRelease
    main.o(i.PORTD_IRQHandler) refers to main.o(.data) for ultraFlag
    main.o(i.app_main) refers to uart.o(i.returnData) for returnData
    main.o(i.app_main) refers to motors.o(i.setDirection) for setDirection
    main.o(i.app_main) refers to rtx_semaphore.o(.text.osSemaphoreRelease) for osSemaphoreRelease
    main.o(i.app_main) refers to main.o(.data) for data
    main.o(i.autonomous_thread) refers to rtx_semaphore.o(.text.osSemaphoreAcquire) for osSemaphoreAcquire
    main.o(i.autonomous_thread) refers to memcpya.o(.text) for __aeabi_memcpy4
    main.o(i.autonomous_thread) refers to motors.o(i.setDirection) for setDirection
    main.o(i.autonomous_thread) refers to rtx_delay.o(.text.osDelay) for osDelay
    main.o(i.autonomous_thread) refers to main.o(i.runCommand) for runCommand
    main.o(i.autonomous_thread) refers to main.o(.data) for autoSem
    main.o(i.autonomous_thread) refers to main.o(.constdata) for .constdata
    main.o(i.buzzer_thread) refers to uart.o(i.returnData) for returnData
    main.o(i.buzzer_thread) refers to buzzer.o(i.getNumNotes) for getNumNotes
    main.o(i.buzzer_thread) refers to buzzer.o(i.playNote) for playNote
    main.o(i.buzzer_thread) refers to rtx_delay.o(.text.osDelay) for osDelay
    main.o(i.buzzer_thread) refers to buzzer.o(i.playEndNote) for playEndNote
    main.o(i.buzzer_thread) refers to pwm.o(i.calc_cnv) for calc_cnv
    main.o(i.buzzer_thread) refers to main.o(.data) for numNotes
    main.o(i.initPIT) refers to main.o(i.__NVIC_ClearPendingIRQ) for __NVIC_ClearPendingIRQ
    main.o(i.initPIT) refers to main.o(i.__NVIC_SetPriority) for __NVIC_SetPriority
    main.o(i.initPIT) refers to main.o(i.__NVIC_EnableIRQ) for __NVIC_EnableIRQ
    main.o(i.initUltrasound) refers to main.o(i.__NVIC_ClearPendingIRQ) for __NVIC_ClearPendingIRQ
    main.o(i.initUltrasound) refers to main.o(i.__NVIC_SetPriority) for __NVIC_SetPriority
    main.o(i.initUltrasound) refers to main.o(i.__NVIC_EnableIRQ) for __NVIC_EnableIRQ
    main.o(i.led_green_thread) refers to led.o(i.playGreenLedSeq) for playGreenLedSeq
    main.o(i.led_green_thread) refers to rtx_delay.o(.text.osDelay) for osDelay
    main.o(i.led_green_thread) refers to main.o(.data) for data
    main.o(i.led_red_thread) refers to led.o(i.returnDelay) for returnDelay
    main.o(i.led_red_thread) refers to led.o(i.playRedLedSeq) for playRedLedSeq
    main.o(i.led_red_thread) refers to main.o(.data) for data
    main.o(i.main) refers to system_mkl25z4.o(i.SystemCoreClockUpdate) for SystemCoreClockUpdate
    main.o(i.main) refers to uart.o(i.initUART) for initUART
    main.o(i.main) refers to motors.o(i.initMotors) for initMotors
    main.o(i.main) refers to buzzer.o(i.initBuzzer) for initBuzzer
    main.o(i.main) refers to led.o(i.InitGPIOGreenLED) for InitGPIOGreenLED
    main.o(i.main) refers to led.o(i.InitGPIORedLED) for InitGPIORedLED
    main.o(i.main) refers to main.o(i.initPIT) for initPIT
    main.o(i.main) refers to main.o(i.initUltrasound) for initUltrasound
    main.o(i.main) refers to rtx_kernel.o(.text.osKernelInitialize) for osKernelInitialize
    main.o(i.main) refers to rtx_semaphore.o(.text.osSemaphoreNew) for osSemaphoreNew
    main.o(i.main) refers to rtx_thread.o(.text.osThreadNew) for osThreadNew
    main.o(i.main) refers to rtx_kernel.o(.text.osKernelStart) for osKernelStart
    main.o(i.main) refers to main.o(.data) for ultraSem
    main.o(i.main) refers to main.o(i.buzzer_thread) for buzzer_thread
    main.o(i.main) refers to main.o(i.led_red_thread) for led_red_thread
    main.o(i.main) refers to main.o(i.led_green_thread) for led_green_thread
    main.o(i.main) refers to main.o(i.app_main) for app_main
    main.o(i.main) refers to main.o(i.ultrasonic) for ultrasonic
    main.o(i.main) refers to main.o(i.autonomous_thread) for autonomous_thread
    main.o(i.runCommand) refers to motors.o(i.setDirection) for setDirection
    main.o(i.runCommand) refers to rtx_delay.o(.text.osDelay) for osDelay
    main.o(i.runCommand) refers to main.o(.data) for time
    main.o(i.ultrasonic) refers to rtx_delay.o(.text.osDelay) for osDelay
    main.o(i.ultrasonic) refers to rtx_semaphore.o(.text.osSemaphoreAcquire) for osSemaphoreAcquire
    main.o(i.ultrasonic) refers to dflti.o(.text) for __aeabi_i2d
    main.o(i.ultrasonic) refers to dmul.o(.text) for __aeabi_dmul
    main.o(i.ultrasonic) refers to ddiv.o(.text) for __aeabi_ddiv
    main.o(i.ultrasonic) refers to d2f.o(.text) for __aeabi_d2f
    main.o(i.ultrasonic) refers to cfcmple.o(.text) for __aeabi_cfcmple
    main.o(i.ultrasonic) refers to main.o(.data) for ultraSem
[...]
    Removing rtx_timer.o(.text.osTimerNew), (36 bytes).
    Removing rtx_timer.o(.ARM.exidx.text.osTimerNew), (8 bytes).
    Removing rtx_timer.o(.text.osTimerGetName), (36 bytes).
    Removing rtx_timer.o(.ARM.exidx.text.osTimerGetName), (8 bytes).
    Removing rtx_timer.o(.text.osTimerStart), (40 bytes).
    Removing rtx_timer.o(.ARM.exidx.text.osTimerStart), (8 bytes).
    Removing rtx_timer.o(.text.osTimerStop), (40 bytes).
    Removing rtx_timer.o(.ARM.exidx.text.osTimerStop), (8 bytes).
    Removing rtx_timer.o(.text.osTimerIsRunning), (36 bytes).
    Removing rtx_timer.o(.ARM.exidx.text.osTimerIsRunning), (8 bytes).
    Removing rtx_timer.o(.text.osTimerDelete), (40 bytes).
    Removing rtx_timer.o(.ARM.exidx.text.osTimerDelete), (8 bytes).
    Removing rtx_timer.o(.ARM.exidx.text.TimerInsert), (8 bytes).
    Removing rtx_timer.o(.text.svcRtxTimerNew), (132 bytes).
    Removing rtx_timer.o(.ARM.exidx.text.svcRtxTimerNew), (8 bytes).
    Removing rtx_timer.o(.text.svcRtxTimerGetName), (18 bytes).
    Removing rtx_timer.o(.ARM.exidx.text.svcRtxTimerGetName), (8 bytes).
    Removing rtx_timer.o(.text.svcRtxTimerStart), (72 bytes).
    Removing rtx_timer.o(.ARM.exidx.text.svcRtxTimerStart), (8 bytes).
    Removing rtx_timer.o(.text.TimerRemove), (40 bytes).
    Removing rtx_timer.o(.ARM.exidx.text.TimerRemove), (8 bytes).
    Removing rtx_timer.o(.text.svcRtxTimerStop), (42 bytes).
    Removing rtx_timer.o(.ARM.exidx.text.svcRtxTimerStop), (8 bytes).
    Removing rtx_timer.o(.text.svcRtxTimerIsRunning), (24 bytes).
    Removing rtx_timer.o(.ARM.exidx.text.svcRtxTimerIsRunning), (8 bytes).
    Removing rtx_timer.o(.text.svcRtxTimerDelete), (76 bytes).
    Removing rtx_timer.o(.ARM.exidx.text.svcRtxTimerDelete), (8 bytes).
    Removing rtx_mutex.o(.text), (0 bytes).
    Removing rtx_mutex.o(.ARM.exidx.text.osRtxMutexOwnerRelease), (8 bytes).
    Removing rtx_mutex.o(.text.osMutexNew), (36 bytes).
    Removing rtx_mutex.o(.ARM.exidx.text.osMutexNew), (8 bytes).
    Removing rtx_mutex.o(.text.osMutexGetName), (36 bytes).
    Removing rtx_mutex.o(.ARM.exidx.text.osMutexGetName), (8 bytes).
    Removing rtx_mutex.o(.text.osMutexAcquire), (40 bytes).
    Removing rtx_mutex.o(.ARM.exidx.text.osMutexAcquire), (8 bytes).
    Removing rtx_mutex.o(.text.osMutexRelease), (40 bytes).
    Removing rtx_mutex.o(.ARM.exidx.text.osMutexRelease), (8 bytes).
    Removing rtx_mutex.o(.text.osMutexGetOwner), (36 bytes).
    Removing rtx_mutex.o(.ARM.exidx.text.osMutexGetOwner), (8 bytes).
    Removing rtx_mutex.o(.text.osMutexDelete), (40 bytes).
    Removing rtx_mutex.o(.ARM.exidx.text.osMutexDelete), (8 bytes).
    Removing rtx_mutex.o(.text.svcRtxMutexNew), (112 bytes).
    Removing rtx_mutex.o(.ARM.exidx.text.svcRtxMutexNew), (8 bytes).
    Removing rtx_mutex.o(.text.svcRtxMutexGetName), (18 bytes).
    Removing rtx_mutex.o(.ARM.exidx.text.svcRtxMutexGetName), (8 bytes).
    Removing rtx_mutex.o(.text.svcRtxMutexAcquire), (152 bytes).
    Removing rtx_mutex.o(.ARM.exidx.text.svcRtxMutexAcquire), (8 bytes).
    Removing rtx_mutex.o(.text.svcRtxMutexRelease), (192 bytes).
    Removing rtx_mutex.o(.ARM.exidx.text.svcRtxMutexRelease), (8 bytes).
    Removing rtx_mutex.o(.text.svcRtxMutexGetOwner), (24 bytes).
    Removing rtx_mutex.o(.ARM.exidx.text.svcRtxMutexGetOwner), (8 bytes).
    Removing rtx_mutex.o(.text.svcRtxMutexDelete), (188 bytes).
    Removing rtx_mutex.o(.ARM.exidx.text.svcRtxMutexDelete), (8 bytes).
    Removing rtx_memory.o(.text), (0 bytes).
    Removing rtx_memory.o(.ARM.exidx.text.osRtxMemoryInit), (8 bytes).
    Removing rtx_memory.o(.ARM.exidx.text.osRtxMemoryAlloc), (8 bytes).
    Removing rtx_memory.o(.ARM.exidx.text.osRtxMemoryFree), (8 bytes).
    Removing rtx_mempool.o(.text), (0 bytes).
    Removing rtx_mempool.o(.ARM.exidx.text.osRtxMemoryPoolInit), (8 bytes).
    Removing rtx_mempool.o(.ARM.exidx.text.osRtxMemoryPoolAlloc), (8 bytes).
    Removing rtx_mempool.o(.ARM.exidx.text.osRtxMemoryPoolFree), (8 bytes).
    Removing rtx_mempool.o(.text.osMemoryPoolNew), (36 bytes).
    Removing rtx_mempool.o(.ARM.exidx.text.osMemoryPoolNew), (8 bytes).
    Removing rtx_mempool.o(.text.osMemoryPoolGetName), (36 bytes).
    Removing rtx_mempool.o(.ARM.exidx.text.osMemoryPoolGetName), (8 bytes).
    Removing rtx_mempool.o(.text.osMemoryPoolAlloc), (56 bytes).
    Removing rtx_mempool.o(.ARM.exidx.text.osMemoryPoolAlloc), (8 bytes).
    Removing rtx_mempool.o(.text.osMemoryPoolFree), (72 bytes).
    Removing rtx_mempool.o(.ARM.exidx.text.osMemoryPoolFree), (8 bytes).
    Removing rtx_mempool.o(.text.osMemoryPoolGetCapacity), (48 bytes).
    Removing rtx_mempool.o(.ARM.exidx.text.osMemoryPoolGetCapacity), (8 bytes).
    Removing rtx_mempool.o(.text.svcRtxMemoryPoolGetCapacity), (18 bytes).
    Removing rtx_mempool.o(.ARM.exidx.text.svcRtxMemoryPoolGetCapacity), (8 bytes).
    Removing rtx_mempool.o(.text.osMemoryPoolGetBlockSize), (48 bytes).
    Removing rtx_mempool.o(.ARM.exidx.text.osMemoryPoolGetBlockSize), (8 bytes).
    Removing rtx_mempool.o(.text.svcRtxMemoryPoolGetBlockSize), (18 bytes).
    Removing rtx_mempool.o(.ARM.exidx.text.svcRtxMemoryPoolGetBlockSize), (8 bytes).
    Removing rtx_mempool.o(.text.osMemoryPoolGetCount), (48 bytes).
    Removing rtx_mempool.o(.ARM.exidx.text.osMemoryPoolGetCount), (8 bytes).
    Removing rtx_mempool.o(.text.svcRtxMemoryPoolGetCount), (18 bytes).
    Removing rtx_mempool.o(.ARM.exidx.text.svcRtxMemoryPoolGetCount), (8 bytes).
    Removing rtx_mempool.o(.text.osMemoryPoolGetSpace), (36 bytes).
    Removing rtx_mempool.o(.ARM.exidx.text.osMemoryPoolGetSpace), (8 bytes).
    Removing rtx_mempool.o(.text.svcRtxMemoryPoolGetSpace), (22 bytes).
    Removing rtx_mempool.o(.ARM.exidx.text.svcRtxMemoryPoolGetSpace), (8 bytes).
    Removing rtx_mempool.o(.text.osMemoryPoolDelete), (40 bytes).
    Removing rtx_mempool.o(.ARM.exidx.text.osMemoryPoolDelete), (8 bytes).
    Removing rtx_mempool.o(.text.svcRtxMemoryPoolNew), (444 bytes).
    Removing rtx_mempool.o(.ARM.exidx.text.svcRtxMemoryPoolNew), (8 bytes).
    Removing rtx_mempool.o(.text.osRtxMemoryPoolPostProcess), (40 bytes).
    Removing rtx_mempool.o(.ARM.exidx.text.osRtxMemoryPoolPostProcess), (8 bytes).
    Removing rtx_mempool.o(.text.svcRtxMemoryPoolGetName), (18 bytes).
    Removing rtx_mempool.o(.ARM.exidx.text.svcRtxMemoryPoolGetName), (8 bytes).
    Removing rtx_mempool.o(.text.svcRtxMemoryPoolAlloc), (64 bytes).
    Removing rtx_mempool.o(.ARM.exidx.text.svcRtxMemoryPoolAlloc), (8 bytes).
    Removing rtx_mempool.o(.text.svcRtxMemoryPoolFree), (72 bytes).
    Removing rtx_mempool.o(.ARM.exidx.text.svcRtxMemoryPoolFree), (8 bytes).
    Removing rtx_mempool.o(.text.svcRtxMemoryPoolDelete), (112 bytes).
    Removing rtx_mempool.o(.ARM.exidx.text.svcRtxMemoryPoolDelete), (8 bytes).
    Removing rtx_system.o(.text), (0 bytes).
    Removing rtx_system.o(.ARM.exidx.text.osRtxTick_Handler), (8 bytes).
    Removing rtx_system.o(.ARM.exidx.text.osRtxPendSV_Handler), (8 bytes).
    Removing rtx_system.o(.ARM.exidx.text.osRtxPostProcess), (8 bytes).
    Removing os_systick.o(.text), (0 bytes).
    Removing os_systick.o(.ARM.exidx.text.OS_Tick_Setup), (8 bytes).
    Removing os_systick.o(.ARM.exidx.text.OS_Tick_Enable), (8 bytes).
    Removing os_systick.o(.text.OS_Tick_Disable), (40 bytes).
    Removing os_systick.o(.ARM.exidx.text.OS_Tick_Disable), (8 bytes).
    Removing os_systick.o(.ARM.exidx.text.OS_Tick_AcknowledgeIRQ), (8 bytes).
    Removing os_systick.o(.ARM.exidx.text.OS_Tick_GetIRQn), (8 bytes).
    Removing os_systick.o(.text.OS_Tick_GetClock), (12 bytes).
    Removing os_systick.o(.ARM.exidx.text.OS_Tick_GetClock), (8 bytes).
    Removing os_systick.o(.text.OS_Tick_GetInterval), (12 bytes).
    Removing os_systick.o(.ARM.exidx.text.OS_Tick_GetInterval), (8 bytes).
    Removing os_systick.o(.text.OS_Tick_GetCount), (16 bytes).
    Removing os_systick.o(.ARM.exidx.text.OS_Tick_GetCount), (8 bytes).
    Removing os_systick.o(.text.OS_Tick_GetOverflow), (16 bytes).
    Removing os_systick.o(.ARM.exidx.text.OS_Tick_GetOverflow), (8 bytes).
    Removing rtx_msgqueue.o(.text), (0 bytes).
    Removing rtx_msgqueue.o(.ARM.exidx.text.osMessageQueueNew), (8 bytes).
    Removing rtx_msgqueue.o(.text.osMessageQueueGetName), (36 bytes).
    Removing rtx_msgqueue.o(.ARM.exidx.text.osMessageQueueGetName), (8 bytes).
    Removing rtx_msgqueue.o(.ARM.exidx.text.osMessageQueuePut), (8 bytes).
    Removing rtx_msgqueue.o(.ARM.exidx.text.osMessageQueueGet), (8 bytes).
    Removing rtx_msgqueue.o(.text.osMessageQueueGetCapacity), (48 bytes).
    Removing rtx_msgqueue.o(.ARM.exidx.text.osMessageQueueGetCapacity), (8 bytes).
    Removing rtx_msgqueue.o(.text.svcRtxMessageQueueGetCapacity), (18 bytes).
    Removing rtx_msgqueue.o(.ARM.exidx.text.svcRtxMessageQueueGetCapacity), (8 bytes).
    Removing rtx_msgqueue.o(.text.osMessageQueueGetMsgSize), (48 bytes).
    Removing rtx_msgqueue.o(.ARM.exidx.text.osMessageQueueGetMsgSize), (8 bytes).
    Removing rtx_msgqueue.o(.text.svcRtxMessageQueueGetMsgSize), (18 bytes).
    Removing rtx_msgqueue.o(.ARM.exidx.text.svcRtxMessageQueueGetMsgSize), (8 bytes).
    Removing rtx_msgqueue.o(.text.osMessageQueueGetCount), (48 bytes).
    Removing rtx_msgqueue.o(.ARM.exidx.text.osMessageQueueGetCount), (8 bytes).
    Removing rtx_msgqueue.o(.text.svcRtxMessageQueueGetCount), (18 bytes).
    Removing rtx_msgqueue.o(.ARM.exidx.text.svcRtxMessageQueueGetCount), (8 bytes).
    Removing rtx_msgqueue.o(.text.osMessageQueueGetSpace), (36 bytes).
    Removing rtx_msgqueue.o(.ARM.exidx.text.osMessageQueueGetSpace), (8 bytes).
    Removing rtx_msgqueue.o(.text.svcRtxMessageQueueGetSpace), (22 bytes).
    Removing rtx_msgqueue.o(.ARM.exidx.text.svcRtxMessageQueueGetSpace), (8 bytes).
    Removing rtx_msgqueue.o(.text.osMessageQueueReset), (40 bytes).
    Removing rtx_msgqueue.o(.ARM.exidx.text.osMessageQueueReset), (8 bytes).
    Removing rtx_msgqueue.o(.text.osMessageQueueDelete), (40 bytes).
    Removing rtx_msgqueue.o(.ARM.exidx.text.osMessageQueueDelete), (8 bytes).
    Removing rtx_msgqueue.o(.ARM.exidx.text.svcRtxMessageQueueNew), (8 bytes).
    Removing rtx_msgqueue.o(.ARM.exidx.text.osRtxMessageQueuePostProcess), (8 bytes).
    Removing rtx_msgqueue.o(.ARM.exidx.text.MessageQueueRemove), (8 bytes).
    Removing rtx_msgqueue.o(.ARM.exidx.text.MessageQueuePut), (8 bytes).
    Removing rtx_msgqueue.o(.text.svcRtxMessageQueueGetName), (18 bytes).
    Removing rtx_msgqueue.o(.ARM.exidx.text.svcRtxMessageQueueGetName), (8 bytes).
    Removing rtx_msgqueue.o(.ARM.exidx.text.svcRtxMessageQueuePut), (8 bytes).
    Removing rtx_msgqueue.o(.ARM.exidx.text.MessageQueueGet), (8 bytes).
    Removing rtx_msgqueue.o(.ARM.exidx.text.svcRtxMessageQueueGet), (8 bytes).
    Removing rtx_msgqueue.o(.text.svcRtxMessageQueueReset), (162 bytes).
    Removing rtx_msgqueue.o(.ARM.exidx.text.svcRtxMessageQueueReset), (8 bytes).
    Removing rtx_msgqueue.o(.text.svcRtxMessageQueueDelete), (112 bytes).
    Removing rtx_msgqueue.o(.ARM.exidx.text.svcRtxMessageQueueDelete), (8 bytes).

365 unused section(s) (total 9335 bytes) removed from the image.

==============================================================================

Image Symbol Table

    Local Symbols

    Symbol Name                              Value     Ov Type        Size  Object(Section)

    RESET                                    0x00000000   Section      192  startup_mkl25z4.o(RESET)
    ../clib/../cmprslib/zerorunl2.c          0x00000000   Number         0  __dczerorl2.o ABSOLUTE
    ../clib/microlib/division.c              0x00000000   Number         0  idiv.o ABSOLUTE
    ../clib/microlib/division.c              0x00000000   Number         0  uidiv.o ABSOLUTE
    ../clib/microlib/init/entry.s            0x00000000   Number         0  entry11b.o ABSOLUTE
    ../clib/microlib/init/entry.s            0x00000000   Number         0  entry.o ABSOLUTE
    ../clib/microlib/init/entry.s            0x00000000   Number         0  entry11a.o ABSOLUTE
    ../clib/microlib/init/entry.s            0x00000000   Number         0  entry10b.o ABSOLUTE
    ../clib/microlib/init/entry.s            0x00000000   Number         0  entry10a.o ABSOLUTE
    ../clib/microlib/init/entry.s            0x00000000   Number         0  entry9b.o ABSOLUTE
    ../clib/microlib/init/entry.s            0x00000000   Number         0  entry9a.o ABSOLUTE
    ../clib/microlib/init/entry.s            0x00000000   Number         0  entry8b.o ABSOLUTE
    ../clib/microlib/init/entry.s            0x00000000   Number         0  entry8a.o ABSOLUTE
    ../clib/microlib/init/entry.s            0x00000000   Number         0  entry7b.o ABSOLUTE
    ../clib/microlib/init/entry.s            0x00000000   Number         0  entry7a.o ABSOLUTE
    ../clib/microlib/init/entry.s            0x00000000   Number         0  entry5.o ABSOLUTE
    ../clib/microlib/init/entry.s            0x00000000   Number         0  entry2.o ABSOLUTE
    ../clib/microlib/longlong.c              0x00000000   Number         0  llushr.o ABSOLUTE
    ../clib/microlib/longlong.c              0x00000000   Number         0  llshl.o ABSOLUTE
    ../clib/microlib/string/memcpy.c         0x00000000   Number         0  memcpya.o ABSOLUTE
    ../clib/microlib/string/memcpy.c         0x00000000   Number         0  memcpyb.o ABSOLUTE
    ../clib/microlib/string/memset.c         0x00000000   Number         0  memseta.o ABSOLUTE
    ../clib/microlib/stubs.s                 0x00000000   Number         0  iusefp.o ABSOLUTE
    ../fplib/microlib/d2f.c                  0x00000000   Number         0  d2f.o ABSOLUTE
    ../fplib/microlib/fpdiv.c                0x00000000   Number         0  ddiv.o ABSOLUTE
    ../fplib/microlib/fpepilogue.c           0x00000000   Number         0  fepilogue.o ABSOLUTE
    ../fplib/microlib/fpepilogue.c           0x00000000   Number         0  depilogue.o ABSOLUTE
    ../fplib/microlib/fpfix.c                0x00000000   Number         0  ffixui.o ABSOLUTE
    ../fplib/microlib/fpfix.c                0x00000000   Number         0  ffixi.o ABSOLUTE
    ../fplib/microlib/fpfix.c                0x00000000   Number         0  dfixi.o ABSOLUTE
    ../fplib/microlib/fpflt.c                0x00000000   Number         0  dflti.o ABSOLUTE
    ../fplib/microlib/fpflt.c                0x00000000   Number         0  fflti.o ABSOLUTE
    ../fplib/microlib/fpmul.c                0x00000000   Number         0  fmul.o ABSOLUTE
    ../fplib/microlib/fpmul.c                0x00000000   Number         0  dmul.o ABSOLUTE
    ..\..\..\Source\ARM\irq_cm0.s            0x00000000   Number         0  irq_cm0.o ABSOLUTE
    Buzzer.c                                 0x00000000   Number         0  buzzer.o ABSOLUTE
    Buzzer.c                                 0x00000000   Number         0  buzzer.o ABSOLUTE
    C:\Users\jianh\AppData\Local\Arm\Packs\ARM\CMSIS\5.6.0\CMSIS\RTOS2\RTX\Source\rtx_lib.c 0x00000000   Number         0  rtx_lib.o ABSOLUTE
    C:\\Users\\jianh\\AppData\\Local\\Arm\\Packs\\ARM\\CMSIS\\5.6.0\\CMSIS\\RTOS2\\RTX\\Source\\rtx_lib.c 0x00000000   Number         0  rtx_lib.o ABSOLUTE
    LED.c                                    0x00000000   Number         0  led.o ABSOLUTE
    LED.c                                    0x00000000   Number         0  led.o ABSOLUTE
    Motors.c                                 0x00000000   Number         0  motors.o ABSOLUTE
    Motors.c                                 0x00000000   Number         0  motors.o ABSOLUTE
    PWM.c                                    0x00000000   Number         0  pwm.o ABSOLUTE
    RTE\CMSIS\RTX_Config.c                   0x00000000   Number         0  rtx_config.o ABSOLUTE
    RTE\Device\MKL25Z128xxx4\startup_MKL25Z4.s 0x00000000   Number         0  startup_mkl25z4.o ABSOLUTE
    RTE\Device\MKL25Z128xxx4\system_MKL25Z4.c 0x00000000   Number         0  system_mkl25z4.o ABSOLUTE
    RTE\\CMSIS\\RTX_Config.c                 0x00000000   Number         0  rtx_config.o ABSOLUTE
    RTE\\Device\\MKL25Z128xxx4\\system_MKL25Z4.c 0x00000000   Number         0  system_mkl25z4.o ABSOLUTE
    UART.c                                   0x00000000   Number         0  uart.o ABSOLUTE
    UART.c                                   0x00000000   Number         0  uart.o ABSOLUTE
    cfcmple.s                                0x00000000   Number         0  cfcmple.o ABSOLUTE
    dc.s                                     0x00000000   Number         0  dc.o ABSOLUTE
    handlers.s                               0x00000000   Number         0  handlers.o ABSOLUTE
    init.s                                   0x00000000   Number         0  init.o ABSOLUTE
    main.c                                   0x00000000   Number         0  main.o ABSOLUTE
    main.c                                   0x00000000   Number         0  main.o ABSOLUTE
    os_systick.c                             0x00000000   Number         0  os_systick.o ABSOLUTE
    rtx_delay.c                              0x00000000   Number         0  rtx_delay.o ABSOLUTE
    rtx_kernel.c                             0x00000000   Number         0  rtx_kernel.o ABSOLUTE
    rtx_memory.c                             0x00000000   Number         0  rtx_memory.o ABSOLUTE
    rtx_mempool.c                            0x00000000   Number         0  rtx_mempool.o ABSOLUTE
    rtx_msgqueue.c                           0x00000000   Number         0  rtx_msgqueue.o ABSOLUTE
    rtx_mutex.c                              0x00000000   Number         0  rtx_mutex.o ABSOLUTE
    rtx_semaphore.c                          0x00000000   Number         0  rtx_semaphore.o ABSOLUTE
    rtx_system.c                             0x00000000   Number         0  rtx_system.o ABSOLUTE
    rtx_thread.c                             0x00000000   Number         0  rtx_thread.o ABSOLUTE
    rtx_timer.c                              0x00000000   Number         0  rtx_timer.o ABSOLUTE
    .ARM.Collect$$$$00000000                 0x000000c0   Section        0  entry.o(.ARM.Collect$$$$00000000)
    .ARM.Collect$$$$00000001                 0x000000c0   Section        4  entry2.o(.ARM.Collect$$$$00000001)
    .ARM.Collect$$$$00000004                 0x000000c4   Section        4  entry5.o(.ARM.Collect$$$$00000004)
    .ARM.Collect$$$$00000008                 0x000000c8   Section        0  entry7b.o(.ARM.Collect$$$$00000008)
    .ARM.Collect$$$$0000000A                 0x000000c8   Section        0  entry8b.o(.ARM.Collect$$$$0000000A)
    .ARM.Collect$$$$0000000B                 0x000000c8   Section        8  entry9a.o(.ARM.Collect$$$$0000000B)
    .ARM.Collect$$$$0000000D                 0x000000d0   Section        0  entry10a.o(.ARM.Collect$$$$0000000D)
    .ARM.Collect$$$$0000000F                 0x000000d0   Section        0  entry11a.o(.ARM.Collect$$$$0000000F)
    .ARM.Collect$$$$00002712                 0x000000d0   Section        4  entry2.o(.ARM.Collect$$$$00002712)
    __lit__00000000                          0x000000d0   Data           4  entry2.o(.ARM.Collect$$$$00002712)
    .text                                    0x000000d4   Section       40  startup_mkl25z4.o(.text)
    .text                                    0x000000fc   Section      164  irq_cm0.o(.text)
    .text                                    0x000001a0   Section        0  uidiv.o(.text)
    .text                                    0x000001cc   Section        0  idiv.o(.text)
    .text                                    0x000001f4   Section        0  memcpya.o(.text)
    .text                                    0x00000218   Section        0  memseta.o(.text)
    .text                                    0x0000023c   Section        0  fmul.o(.text)
    .text                                    0x000002b8   Section        0  dmul.o(.text)
    .text                                    0x00000388   Section        0  fflti.o(.text)
    .text                                    0x000003a0   Section        0  dflti.o(.text)
    .text                                    0x000003c8   Section        0  ffixi.o(.text)
    [Anonymous Symbol]                       0x000003fa   Section        0  os_systick.o(.text.OS_Tick_GetIRQn)
    .text                                    0x000003fa   Section        0  iusefp.o(.text)
    .ARM.__at_0x400                          0x00000400   Section       16  startup_mkl25z4.o(.ARM.__at_0x400)
    .text                                    0x00000410   Section        0  ddiv.o(.text)
    .text                                    0x00000500   Section        0  ffixui.o(.text)
    .text                                    0x00000528   Section        0  dfixi.o(.text)
    .text                                    0x00000570   Section        0  d2f.o(.text)
    .text                                    0x000005a8   Section       20  cfcmple.o(.text)
    .text                                    0x000005bc   Section        0  llushr.o(.text)
    .text                                    0x000005de   Section        0  fepilogue.o(.text)
    .text                                    0x00000660   Section        0  depilogue.o(.text)
    .text                                    0x00000720   Section       36  init.o(.text)
    .text                                    0x00000744   Section        0  llshl.o(.text)
    .text                                    0x00000764   Section        0  __dczerorl2.o(.text)
    [Anonymous Symbol]                       0x000007ba   Section        0  rtx_msgqueue.o(.text.MessageQueueGet)
    MessageQueueGet                          0x000007bb   Thumb Code    76  rtx_msgqueue.o(.text.MessageQueueGet)
    [Anonymous Symbol]                       0x00000806   Section        0  rtx_msgqueue.o(.text.MessageQueuePut)
    MessageQueuePut                          0x00000807   Thumb Code    98  rtx_msgqueue.o(.text.MessageQueuePut)
    [Anonymous Symbol]                       0x00000868   Section        0  rtx_msgqueue.o(.text.MessageQueueRemove)
    MessageQueueRemove                       0x00000869   Thumb Code    30  rtx_msgqueue.o(.text.MessageQueueRemove)
    [Anonymous Symbol]                       0x00000888   Section        0  os_systick.o(.text.OS_Tick_AcknowledgeIRQ)
    __arm_cp.3_0                             0x00000890   Number         4  os_systick.o(.text.OS_Tick_AcknowledgeIRQ)
    [Anonymous Symbol]                       0x00000894   Section        0  os_systick.o(.text.OS_Tick_Enable)
    __arm_cp.1_0                             0x000008b4   Number         4  os_systick.o(.text.OS_Tick_Enable)
    __arm_cp.1_1                             0x000008b8   Number         4  os_systick.o(.text.OS_Tick_Enable)
    __arm_cp.1_2                             0x000008bc   Number         4  os_systick.o(.text.OS_Tick_Enable)
    [Anonymous Symbol]                       0x000008c0   Section        0  os_systick.o(.text.OS_Tick_Setup)
    __arm_cp.0_0                             0x000008fc   Number         4  os_systick.o(.text.OS_Tick_Setup)
    __arm_cp.0_1                             0x00000900   Number         4  os_systick.o(.text.OS_Tick_Setup)
    __arm_cp.0_2                             0x00000904   Number         4  os_systick.o(.text.OS_Tick_Setup)
    __arm_cp.0_3                             0x00000908   Number         4  os_systick.o(.text.OS_Tick_Setup)
    [Anonymous Symbol]                       0x0000090c   Section        0  rtx_semaphore.o(.text.SemaphoreTokenDecrement)
    SemaphoreTokenDecrement                  0x0000090d   Thumb Code    36  rtx_semaphore.o(.text.SemaphoreTokenDecrement)
    [Anonymous Symbol]                       0x00000930   Section        0  rtx_semaphore.o(.text.SemaphoreTokenIncrement)
    SemaphoreTokenIncrement                  0x00000931   Thumb Code    38  rtx_semaphore.o(.text.SemaphoreTokenIncrement)
    [Anonymous Symbol]                       0x00000956   Section        0  rtx_thread.o(.text.ThreadFlagsCheck)
    ThreadFlagsCheck                         0x00000957   Thumb Code    78  rtx_thread.o(.text.ThreadFlagsCheck)
    [Anonymous Symbol]                       0x000009a4   Section        0  rtx_timer.o(.text.TimerInsert)
    TimerInsert                              0x000009a5   Thumb Code    76  rtx_timer.o(.text.TimerInsert)
    __arm_cp.8_0                             0x000009ec   Number         4  rtx_timer.o(.text.TimerInsert)
    [Anonymous Symbol]                       0x000009f0   Section        0  rtx_delay.o(.text.osDelay)
    __arm_cp.0_0                             0x00000a14   Number         4  rtx_delay.o(.text.osDelay)
    [Anonymous Symbol]                       0x00000a18   Section        0  rtx_kernel.o(.text.osKernelInitialize)
    __arm_cp.1_0                             0x00000a3c   Number         4  rtx_kernel.o(.text.osKernelInitialize)
    [Anonymous Symbol]                       0x00000a40   Section        0  rtx_kernel.o(.text.osKernelStart)
    __arm_cp.6_0                             0x00000a60   Number         4  rtx_kernel.o(.text.osKernelStart)
    [Anonymous Symbol]                       0x00000a64   Section        0  rtx_msgqueue.o(.text.osMessageQueueGet)
    __arm_cp.3_0                             0x00000ad4   Number         4  rtx_msgqueue.o(.text.osMessageQueueGet)
    [Anonymous Symbol]                       0x00000ad8   Section        0  rtx_msgqueue.o(.text.osMessageQueueNew)
    __arm_cp.0_0                             0x00000af8   Number         4  rtx_msgqueue.o(.text.osMessageQueueNew)
    [Anonymous Symbol]                       0x00000afc   Section        0  rtx_msgqueue.o(.text.osMessageQueuePut)
    __arm_cp.2_0                             0x00000b70   Number         4  rtx_msgqueue.o(.text.osMessageQueuePut)
    [Anonymous Symbol]                       0x00000b74   Section        0  rtx_kernel.o(.text.osRtxKernelPreInit)
    [Anonymous Symbol]                       0x00000b76   Section        0  rtx_memory.o(.text.osRtxMemoryAlloc)
    [Anonymous Symbol]                       0x00000bf2   Section        0  rtx_memory.o(.text.osRtxMemoryFree)
    [Anonymous Symbol]                       0x00000c40   Section        0  rtx_memory.o(.text.osRtxMemoryInit)
    [Anonymous Symbol]                       0x00000c72   Section        0  rtx_mempool.o(.text.osRtxMemoryPoolAlloc)
    [Anonymous Symbol]                       0x00000ca0   Section        0  rtx_mempool.o(.text.osRtxMemoryPoolFree)
    [Anonymous Symbol]                       0x00000cda   Section        0  rtx_mempool.o(.text.osRtxMemoryPoolInit)
    [Anonymous Symbol]                       0x00000d18   Section        0  rtx_msgqueue.o(.text.osRtxMessageQueuePostProcess)
    osRtxMessageQueuePostProcess             0x00000d19   Thumb Code   188  rtx_msgqueue.o(.text.osRtxMessageQueuePostProcess)
    [Anonymous Symbol]                       0x00000dd4   Section        0  rtx_mutex.o(.text.osRtxMutexOwnerRelease)
    [Anonymous Symbol]                       0x00000e18   Section        0  rtx_system.o(.text.osRtxPendSV_Handler)
    __arm_cp.1_0                             0x00000e94   Number         4  rtx_system.o(.text.osRtxPendSV_Handler)
    [Anonymous Symbol]                       0x00000e98   Section        0  rtx_system.o(.text.osRtxPostProcess)
    __arm_cp.2_0                             0x00000efc   Number         4  rtx_system.o(.text.osRtxPostProcess)
    __arm_cp.2_1                             0x00000f00   Number         4  rtx_system.o(.text.osRtxPostProcess)
    [Anonymous Symbol]                       0x00000f04   Section        0  rtx_semaphore.o(.text.osRtxSemaphorePostProcess)
    osRtxSemaphorePostProcess                0x00000f05   Thumb Code    36  rtx_semaphore.o(.text.osRtxSemaphorePostProcess)
    [Anonymous Symbol]                       0x00000f28   Section        0  rtx_thread.o(.text.osRtxThreadBlock)
    osRtxThreadBlock                         0x00000f29   Thumb Code    56  rtx_thread.o(.text.osRtxThreadBlock)
    __arm_cp.10_0                            0x00000f5c   Number         4  rtx_thread.o(.text.osRtxThreadBlock)
    [Anonymous Symbol]                       0x00000f60   Section        0  rtx_thread.o(.text.osRtxThreadDelayInsert)
    osRtxThreadDelayInsert                   0x00000f61   Thumb Code   128  rtx_thread.o(.text.osRtxThreadDelayInsert)
    __arm_cp.14_0                            0x00000fdc   Number         4  rtx_thread.o(.text.osRtxThreadDelayInsert)
    [Anonymous Symbol]                       0x00000fe0   Section        0  rtx_thread.o(.text.osRtxThreadDelayRemove)
    osRtxThreadDelayRemove                   0x00000fe1   Thumb Code    68  rtx_thread.o(.text.osRtxThreadDelayRemove)
    __arm_cp.12_0                            0x00001020   Number         4  rtx_thread.o(.text.osRtxThreadDelayRemove)
    [Anonymous Symbol]                       0x00001024   Section        0  rtx_thread.o(.text.osRtxThreadDelayTick)
    __arm_cp.5_0                             0x00001058   Number         4  rtx_thread.o(.text.osRtxThreadDelayTick)
    [Anonymous Symbol]                       0x0000105c   Section        0  rtx_thread.o(.text.osRtxThreadDispatch)
    __arm_cp.9_0                             0x000010a8   Number         4  rtx_thread.o(.text.osRtxThreadDispatch)
    [Anonymous Symbol]                       0x000010ac   Section        0  rtx_thread.o(.text.osRtxThreadFree)
    osRtxThreadFree                          0x000010ad   Thumb Code    84  rtx_thread.o(.text.osRtxThreadFree)
    __arm_cp.52_0                            0x000010fc   Number         4  rtx_thread.o(.text.osRtxThreadFree)
    [Anonymous Symbol]                       0x00001100   Section        0  rtx_thread.o(.text.osRtxThreadListGet)
    [Anonymous Symbol]                       0x00001114   Section        0  rtx_thread.o(.text.osRtxThreadListPut)
    [Anonymous Symbol]                       0x00001140   Section        0  rtx_thread.o(.text.osRtxThreadListRemove)
    [Anonymous Symbol]                       0x00001158   Section        0  rtx_thread.o(.text.osRtxThreadPostProcess)
    osRtxThreadPostProcess                   0x00001159   Thumb Code    38  rtx_thread.o(.text.osRtxThreadPostProcess)
    [Anonymous Symbol]                       0x00001180   Section        0  rtx_thread.o(.text.osRtxThreadReadyPut)
    __arm_cp.4_0                             0x00001194   Number         4  rtx_thread.o(.text.osRtxThreadReadyPut)
    [Anonymous Symbol]                       0x00001198   Section        0  rtx_thread.o(.text.osRtxThreadRegPtr)
    [Anonymous Symbol]                       0x000011a0   Section        0  rtx_thread.o(.text.osRtxThreadStackCheck)
    __arm_cp.8_0                             0x000011c4   Number         4  rtx_thread.o(.text.osRtxThreadStackCheck)
    __arm_cp.8_1                             0x000011c8   Number         4  rtx_thread.o(.text.osRtxThreadStackCheck)
    [Anonymous Symbol]                       0x000011cc   Section        0  rtx_thread.o(.text.osRtxThreadStartup)
    __arm_cp.15_0                            0x000011fc   Number         4  rtx_thread.o(.text.osRtxThreadStartup)
    __arm_cp.15_1                            0x00001200   Number         4  rtx_thread.o(.text.osRtxThreadStartup)
    __arm_cp.15_2                            0x00001204   Number         4  rtx_thread.o(.text.osRtxThreadStartup)
    __arm_cp.15_3                            0x00001208   Number         4  rtx_thread.o(.text.osRtxThreadStartup)
    [Anonymous Symbol]                       0x0000120c   Section        0  rtx_thread.o(.text.osRtxThreadSwitch)
    __arm_cp.7_0                             0x0000121c   Number         4  rtx_thread.o(.text.osRtxThreadSwitch)
    [Anonymous Symbol]                       0x00001220   Section        0  rtx_thread.o(.text.osRtxThreadWaitEnter)
    __arm_cp.13_0                            0x00001258   Number         4  rtx_thread.o(.text.osRtxThreadWaitEnter)
    [Anonymous Symbol]                       0x0000125c   Section        0  rtx_thread.o(.text.osRtxThreadWaitExit)
    [Anonymous Symbol]                       0x00001280   Section        0  rtx_system.o(.text.osRtxTick_Handler)
    __arm_cp.0_0                             0x000012f0   Number         4  rtx_system.o(.text.osRtxTick_Handler)
    [Anonymous Symbol]                       0x000012f4   Section        0  rtx_timer.o(.text.osRtxTimerThread)
    __arm_cp.0_0                             0x00001324   Number         4  rtx_timer.o(.text.osRtxTimerThread)
    __arm_cp.0_1                             0x00001328   Number         4  rtx_timer.o(.text.osRtxTimerThread)
    __arm_cp.0_2                             0x0000132c   Number         4  rtx_timer.o(.text.osRtxTimerThread)
    [Anonymous Symbol]                       0x00001330   Section        0  rtx_timer.o(.text.osRtxTimerTick)
    osRtxTimerTick                           0x00001331   Thumb Code    96  rtx_timer.o(.text.osRtxTimerTick)
    __arm_cp.1_0                             0x0000138c   Number         4  rtx_timer.o(.text.osRtxTimerTick)
    [Anonymous Symbol]                       0x00001390   Section        0  rtx_semaphore.o(.text.osSemaphoreAcquire)
    __arm_cp.2_0                             0x000013d0   Number         4  rtx_semaphore.o(.text.osSemaphoreAcquire)
    [Anonymous Symbol]                       0x000013d4   Section        0  rtx_semaphore.o(.text.osSemaphoreNew)
    __arm_cp.0_0                             0x000013f4   Number         4  rtx_semaphore.o(.text.osSemaphoreNew)
    [Anonymous Symbol]                       0x000013f8   Section        0  rtx_semaphore.o(.text.osSemaphoreRelease)
    __arm_cp.3_0                             0x00001440   Number         4  rtx_semaphore.o(.text.osSemaphoreRelease)
    [Anonymous Symbol]                       0x00001444   Section        0  rtx_thread.o(.text.osThreadExit)
    __arm_cp.31_0                            0x0000144c   Number         4  rtx_thread.o(.text.osThreadExit)
    [Anonymous Symbol]                       0x00001450   Section        0  rtx_thread.o(.text.osThreadNew)
    __arm_cp.17_0                            0x00001470   Number         4  rtx_thread.o(.text.osThreadNew)
    [Anonymous Symbol]                       0x00001474   Section        0  rtx_delay.o(.text.svcRtxDelay)
    svcRtxDelay                              0x00001475   Thumb Code    18  rtx_delay.o(.text.svcRtxDelay)
    [Anonymous Symbol]                       0x00001488   Section        0  rtx_kernel.o(.text.svcRtxKernelInitialize)
    svcRtxKernelInitialize                   0x00001489   Thumb Code   328  rtx_kernel.o(.text.svcRtxKernelInitialize)
    __arm_cp.20_0                            0x000015c4   Number         4  rtx_kernel.o(.text.svcRtxKernelInitialize)
    __arm_cp.20_1                            0x000015c8   Number         4  rtx_kernel.o(.text.svcRtxKernelInitialize)
    __arm_cp.20_2                            0x000015cc   Number         4  rtx_kernel.o(.text.svcRtxKernelInitialize)
    [Anonymous Symbol]                       0x000015d0   Section        0  rtx_kernel.o(.text.svcRtxKernelStart)
    svcRtxKernelStart                        0x000015d1   Thumb Code   132  rtx_kernel.o(.text.svcRtxKernelStart)
    __arm_cp.21_0                            0x00001644   Number         4  rtx_kernel.o(.text.svcRtxKernelStart)
    __arm_cp.21_1                            0x00001648   Number         4  rtx_kernel.o(.text.svcRtxKernelStart)
    __arm_cp.21_2                            0x0000164c   Number         4  rtx_kernel.o(.text.svcRtxKernelStart)
    __arm_cp.21_3                            0x00001650   Number         4  rtx_kernel.o(.text.svcRtxKernelStart)
    [Anonymous Symbol]                       0x00001654   Section        0  rtx_msgqueue.o(.text.svcRtxMessageQueueGet)
    svcRtxMessageQueueGet                    0x00001655   Thumb Code   232  rtx_msgqueue.o(.text.svcRtxMessageQueueGet)
    __arm_cp.21_0                            0x00001738   Number         4  rtx_msgqueue.o(.text.svcRtxMessageQueueGet)
    [Anonymous Symbol]                       0x0000173c   Section        0  rtx_msgqueue.o(.text.svcRtxMessageQueueNew)
    svcRtxMessageQueueNew                    0x0000173d   Thumb Code   484  rtx_msgqueue.o(.text.svcRtxMessageQueueNew)
    __arm_cp.14_0                            0x00001908   Number         4  rtx_msgqueue.o(.text.svcRtxMessageQueueNew)
    __arm_cp.14_1                            0x0000190c   Number         4  rtx_msgqueue.o(.text.svcRtxMessageQueueNew)
    __arm_cp.14_2                            0x00001910   Number         4  rtx_msgqueue.o(.text.svcRtxMessageQueueNew)
    __arm_cp.14_3                            0x00001914   Number         4  rtx_msgqueue.o(.text.svcRtxMessageQueueNew)
    __arm_cp.14_4                            0x00001918   Number         4  rtx_msgqueue.o(.text.svcRtxMessageQueueNew)
    __arm_cp.14_5                            0x0000191c   Number         4  rtx_msgqueue.o(.text.svcRtxMessageQueueNew)
    [Anonymous Symbol]                       0x00001920   Section        0  rtx_msgqueue.o(.text.svcRtxMessageQueuePut)
    svcRtxMessageQueuePut                    0x00001921   Thumb Code   188  rtx_msgqueue.o(.text.svcRtxMessageQueuePut)
    __arm_cp.19_0                            0x000019d8   Number         4  rtx_msgqueue.o(.text.svcRtxMessageQueuePut)
    [Anonymous Symbol]                       0x000019dc   Section        0  rtx_semaphore.o(.text.svcRtxSemaphoreAcquire)
    svcRtxSemaphoreAcquire                   0x000019dd   Thumb Code    76  rtx_semaphore.o(.text.svcRtxSemaphoreAcquire)
    __arm_cp.11_0                            0x00001a24   Number         4  rtx_semaphore.o(.text.svcRtxSemaphoreAcquire)
    [Anonymous Symbol]                       0x00001a28   Section        0  rtx_semaphore.o(.text.svcRtxSemaphoreNew)
    svcRtxSemaphoreNew                       0x00001a29   Thumb Code   136  rtx_semaphore.o(.text.svcRtxSemaphoreNew)
    __arm_cp.7_0                             0x00001aa4   Number         4  rtx_semaphore.o(.text.svcRtxSemaphoreNew)
    __arm_cp.7_1                             0x00001aa8   Number         4  rtx_semaphore.o(.text.svcRtxSemaphoreNew)
    __arm_cp.7_2                             0x00001aac   Number         4  rtx_semaphore.o(.text.svcRtxSemaphoreNew)
    [Anonymous Symbol]                       0x00001ab0   Section        0  rtx_semaphore.o(.text.svcRtxSemaphoreRelease)
    svcRtxSemaphoreRelease                   0x00001ab1   Thumb Code    56  rtx_semaphore.o(.text.svcRtxSemaphoreRelease)
    [Anonymous Symbol]                       0x00001ae8   Section        0  rtx_thread.o(.text.svcRtxThreadExit)
    svcRtxThreadExit                         0x00001ae9   Thumb Code   108  rtx_thread.o(.text.svcRtxThreadExit)
    __arm_cp.54_0                            0x00001b50   Number         4  rtx_thread.o(.text.svcRtxThreadExit)
    [Anonymous Symbol]                       0x00001b54   Section        0  rtx_thread.o(.text.svcRtxThreadNew)
    svcRtxThreadNew                          0x00001b55   Thumb Code   492  rtx_thread.o(.text.svcRtxThreadNew)
    __arm_cp.16_0                            0x00001d28   Number         4  rtx_thread.o(.text.svcRtxThreadNew)
    __arm_cp.16_1                            0x00001d2c   Number         4  rtx_thread.o(.text.svcRtxThreadNew)
    __arm_cp.16_2                            0x00001d30   Number         4  rtx_thread.o(.text.svcRtxThreadNew)
    __arm_cp.16_3                            0x00001d34   Number         4  rtx_thread.o(.text.svcRtxThreadNew)
    __arm_cp.16_4                            0x00001d38   Number         4  rtx_thread.o(.text.svcRtxThreadNew)
    __arm_cp.16_5                            0x00001d3c   Number         4  rtx_thread.o(.text.svcRtxThreadNew)
    i.InitGPIOGreenLED                       0x00001d40   Section        0  led.o(i.InitGPIOGreenLED)
    i.InitGPIORedLED                         0x00001e5c   Section        0  led.o(i.InitGPIORedLED)
    i.PIT_IRQHandler                         0x00001eb8   Section        0  main.o(i.PIT_IRQHandler)
    i.PORTD_IRQHandler                       0x00001ed4   Section        0  main.o(i.PORTD_IRQHandler)
    i.SystemCoreClockUpdate                  0x00001f40   Section        0  system_mkl25z4.o(i.SystemCoreClockUpdate)
    i.SystemInit                             0x000020d0   Section        0  system_mkl25z4.o(i.SystemInit)
    i.UART2_IRQHandler                       0x00002208   Section        0  uart.o(i.UART2_IRQHandler)
    i.__ARM_clz                              0x00002240   Section        0  depilogue.o(i.__ARM_clz)
    i.__ARM_common_switch8                   0x0000226e   Section        0  motors.o(i.__ARM_common_switch8)
    i.__NVIC_ClearPendingIRQ                 0x0000228c   Section        0  main.o(i.__NVIC_ClearPendingIRQ)
    __NVIC_ClearPendingIRQ                   0x0000228d   Thumb Code    18  main.o(i.__NVIC_ClearPendingIRQ)
    i.__NVIC_EnableIRQ                       0x000022a4   Section        0  main.o(i.__NVIC_EnableIRQ)
    __NVIC_EnableIRQ                         0x000022a5   Thumb Code    26  main.o(i.__NVIC_EnableIRQ)
    i.__NVIC_SetPriority                     0x000022c4   Section        0  main.o(i.__NVIC_SetPriority)
    __NVIC_SetPriority                       0x000022c5   Thumb Code   110  main.o(i.__NVIC_SetPriority)
    i.__NVIC_SetPriority                     0x0000233c   Section        0  uart.o(i.__NVIC_SetPriority)
    __NVIC_SetPriority                       0x0000233d   Thumb Code   110  uart.o(i.__NVIC_SetPriority)
    i.__scatterload_copy                     0x000023b4   Section       14  handlers.o(i.__scatterload_copy)
    i.__scatterload_null                     0x000023c2   Section        2  handlers.o(i.__scatterload_null)
    i.__scatterload_zeroinit                 0x000023c4   Section       14  handlers.o(i.__scatterload_zeroinit)
    i.app_main                               0x000023d4   Section        0  main.o(i.app_main)
    i.autonomous_thread                      0x00002408   Section        0  main.o(i.autonomous_thread)
    i.buzzer_thread                          0x000024ec   Section        0  main.o(i.buzzer_thread)
    i.calc_cnv                               0x000025b0   Section        0  pwm.o(i.calc_cnv)
    i.calc_mod                               0x000025cc   Section        0  pwm.o(i.calc_mod)
    i.getNumNotes                            0x000025ea   Section        0  buzzer.o(i.getNumNotes)
    i.initBuzzer                             0x000025fc   Section        0  buzzer.o(i.initBuzzer)
    i.initMotors                             0x000026bc   Section        0  motors.o(i.initMotors)
    i.initPIT                                0x00002878   Section        0  main.o(i.initPIT)
    i.initUART                               0x000028cc   Section        0  uart.o(i.initUART)
    i.initUltrasound                         0x000029ac   Section        0  main.o(i.initUltrasound)
    i.led_green_thread                       0x00002a3c   Section        0  main.o(i.led_green_thread)
    i.led_red_thread                         0x00002a58   Section        0  main.o(i.led_red_thread)
    i.main                                   0x00002a70   Section        0  main.o(i.main)
    i.osRtxErrorNotify                       0x00002b1c   Section        0  rtx_config.o(i.osRtxErrorNotify)
    i.osRtxIdleThread                        0x00002b3c   Section        0  rtx_config.o(i.osRtxIdleThread)
    i.playEndNote                            0x00002b40   Section        0  buzzer.o(i.playEndNote)
    i.playGreenLedSeq                        0x00002bf0   Section        0  led.o(i.playGreenLedSeq)
    i.playNote                               0x00002c98   Section        0  buzzer.o(i.playNote)
    i.playRedLedSeq                          0x00002d48   Section        0  led.o(i.playRedLedSeq)
    i.returnData                             0x00002d9c   Section        0  uart.o(i.returnData)
    i.returnDelay                            0x00002da8   Section        0  led.o(i.returnDelay)
    i.runCommand                             0x00002dd0   Section        0  main.o(i.runCommand)
    i.setDirection                           0x00002e40   Section        0  motors.o(i.setDirection)
    i.ultrasonic                             0x000030c4   Section        0  main.o(i.ultrasonic)
    .constdata                               0x00003164   Section       72  main.o(.constdata)
    .constdata                               0x000031ac   Section       64  led.o(.constdata)
    .constdata                               0x000031ec   Section      100  rtx_lib.o(.constdata)
    os_idle_thread_attr                      0x000031ec   Data          36  rtx_lib.o(.constdata)
    os_timer_thread_attr                     0x00003210   Data          36  rtx_lib.o(.constdata)
    os_timer_mq_attr                         0x00003234   Data          24  rtx_lib.o(.constdata)
    .rodata                                  0x00003250   Section      160  rtx_lib.o(.rodata)
    __tagsym$$used                           0x00003250   Number         0  rtx_lib.o(.rodata)
    __tagsym$$used                           0x000032b8   Number         0  rtx_lib.o(.rodata)
    [Anonymous Symbol]                       0x000032f0   Section        0  rtx_kernel.o(.rodata.str1.4)
    .L.str                                   0x000032f0   Data          11  rtx_kernel.o(.rodata.str1.4)
    .bss.os                                  0x1ffff000   Section     4160  rtx_lib.o(.bss.os)
    os_mem                                   0x1ffff000   Data        4096  rtx_lib.o(.bss.os)
    os_isr_queue                             0x20000000   Data          64  rtx_lib.o(.bss.os)
    .bss.os.msgqueue.cb                      0x20000040   Section       52  rtx_lib.o(.bss.os.msgqueue.cb)
    os_timer_mq_cb                           0x20000040   Data          52  rtx_lib.o(.bss.os.msgqueue.cb)
    .bss.os.msgqueue.mem                     0x20000074   Section       80  rtx_lib.o(.bss.os.msgqueue.mem)
    os_timer_mq_data                         0x20000074   Data          80  rtx_lib.o(.bss.os.msgqueue.mem)
    .bss.os.thread.cb                        0x200000c4   Section      136  rtx_lib.o(.bss.os.thread.cb)
    os_idle_thread_cb                        0x200000c4   Data          68  rtx_lib.o(.bss.os.thread.cb)
    os_timer_thread_cb                       0x20000108   Data          68  rtx_lib.o(.bss.os.thread.cb)
    .bss.os.thread.stack                     0x20000150   Section      512  rtx_lib.o(.bss.os.thread.stack)
    os_idle_thread_stack                     0x20000150   Data         256  rtx_lib.o(.bss.os.thread.stack)
    os_timer_thread_stack                    0x20000250   Data         256  rtx_lib.o(.bss.os.thread.stack)
    .data                                    0x20000350   Section      100  main.o(.data)
    .data                                    0x200003b4   Section        2  uart.o(.data)
    .data                                    0x200003b8   Section       12  motors.o(.data)
    .data                                    0x200003c4   Section     2572  buzzer.o(.data)
    .data                                    0x20000dd0   Section        8  led.o(.data)
    .data                                    0x20000dd8   Section        4  system_mkl25z4.o(.data)
    [Anonymous Symbol]                       0x20000e80   Section        0  os_systick.o(.bss.PendST)
    PendST                                   0x20000e80   Data           1  os_systick.o(.bss.PendST)
    STACK                                    0x20000e88   Section      256  startup_mkl25z4.o(STACK)

    Global Symbols

    Symbol Name                              Value     Ov Type        Size  Object(Section)

    BuildAttributes$$THM_ISAv3M$S$PE$A:L22$X:L11$S22$IEEE1$IW$~IW$USESV6$~STKCKD$USESV7$~SHL$OTIME$ROPI$EBA8$MICROLIB$REQ8$PRES8$EABIv2 0x00000000   Number         0  anon$$obj.o ABSOLUTE
    __ARM_use_no_argv                        0x00000000   Number         0  main.o ABSOLUTE
    __Vectors                                0x00000000   Data           4  startup_mkl25z4.o(RESET)
    .bss.os.evflags.cb$$Base                  - Undefined Weak Reference
    .bss.os.evflags.cb$$Limit                 - Undefined Weak Reference
    .bss.os.mempool.cb$$Base                  - Undefined Weak Reference
    .bss.os.mempool.cb$$Limit                 - Undefined Weak Reference
    .bss.os.mutex.cb$$Base                    - Undefined Weak Reference
    .bss.os.mutex.cb$$Limit                   - Undefined Weak Reference
    .bss.os.semaphore.cb$$Base                - Undefined Weak Reference
    .bss.os.semaphore.cb$$Limit               - Undefined Weak Reference
    .bss.os.timer.cb$$Base                    - Undefined Weak Reference
    .bss.os.timer.cb$$Limit                   - Undefined Weak Reference
    __cpp_initialize__aeabi_                  - Undefined Weak Reference
    __cxa_finalize                            - Undefined Weak Reference
    _clock_init                               - Undefined Weak Reference
    _microlib_exit                            - Undefined Weak Reference
    __Vectors_End                            0x000000c0   Data           0  startup_mkl25z4.o(RESET)
    __Vectors_Size                           0x000000c0   Number         0  startup_mkl25z4.o ABSOLUTE
    __main                                   0x000000c1   Thumb Code     0  entry.o(.ARM.Collect$$$$00000000)
    _main_stk                                0x000000c1   Thumb Code     0  entry2.o(.ARM.Collect$$$$00000001)
    _main_scatterload                        0x000000c5   Thumb Code     0  entry5.o(.ARM.Collect$$$$00000004)
    __main_after_scatterload                 0x000000c9   Thumb Code     0  entry5.o(.ARM.Collect$$$$00000004)
    _main_clock                              0x000000c9   Thumb Code     0  entry7b.o(.ARM.Collect$$$$00000008)
    _main_cpp_init                           0x000000c9   Thumb Code     0  entry8b.o(.ARM.Collect$$$$0000000A)
    _main_init                               0x000000c9   Thumb Code     0  entry9a.o(.ARM.Collect$$$$0000000B)
    __rt_final_cpp                           0x000000d1   Thumb Code     0  entry10a.o(.ARM.Collect$$$$0000000D)
    __rt_final_exit                          0x000000d1   Thumb Code     0  entry11a.o(.ARM.Collect$$$$0000000F)
    Reset_Handler                            0x000000d5   Thumb Code    12  startup_mkl25z4.o(.text)
    NMI_Handler                              0x000000e1   Thumb Code     2  startup_mkl25z4.o(.text)
    HardFault_Handler                        0x000000e3   Thumb Code     2  startup_mkl25z4.o(.text)
    ADC0_IRQHandler                          0x000000eb   Thumb Code     0  startup_mkl25z4.o(.text)
    CMP0_IRQHandler                          0x000000eb   Thumb Code     0  startup_mkl25z4.o(.text)
    DAC0_IRQHandler                          0x000000eb   Thumb Code     0  startup_mkl25z4.o(.text)
    DMA0_IRQHandler                          0x000000eb   Thumb Code     0  startup_mkl25z4.o(.text)
    DMA1_IRQHandler                          0x000000eb   Thumb Code     0  startup_mkl25z4.o(.text)
    DMA2_IRQHandler                          0x000000eb   Thumb Code     0  startup_mkl25z4.o(.text)
    DMA3_IRQHandler                          0x000000eb   Thumb Code     0  startup_mkl25z4.o(.text)
    DefaultISR                               0x000000eb   Thumb Code     0  startup_mkl25z4.o(.text)
    FTFA_IRQHandler                          0x000000eb   Thumb Code     0  startup_mkl25z4.o(.text)
    I2C0_IRQHandler                          0x000000eb   Thumb Code     0  startup_mkl25z4.o(.text)
    I2C1_IRQHandler                          0x000000eb   Thumb Code     0  startup_mkl25z4.o(.text)
    LLWU_IRQHandler                          0x000000eb   Thumb Code     0  startup_mkl25z4.o(.text)
    LPTMR0_IRQHandler                        0x000000eb   Thumb Code     0  startup_mkl25z4.o(.text)
    LVD_LVW_IRQHandler                       0x000000eb   Thumb Code     0  startup_mkl25z4.o(.text)
    MCG_IRQHandler                           0x000000eb   Thumb Code     0  startup_mkl25z4.o(.text)
    PORTA_IRQHandler                         0x000000eb   Thumb Code     0  startup_mkl25z4.o(.text)
    RTC_IRQHandler                           0x000000eb   Thumb Code     0  startup_mkl25z4.o(.text)
    RTC_Seconds_IRQHandler                   0x000000eb   Thumb Code     0  startup_mkl25z4.o(.text)
    Reserved20_IRQHandler                    0x000000eb   Thumb Code     0  startup_mkl25z4.o(.text)
    Reserved39_IRQHandler                    0x000000eb   Thumb Code     0  startup_mkl25z4.o(.text)
    Reserved45_IRQHandler                    0x000000eb   Thumb Code     0  startup_mkl25z4.o(.text)
    SPI0_IRQHandler                          0x000000eb   Thumb Code     0  startup_mkl25z4.o(.text)
    SPI1_IRQHandler                          0x000000eb   Thumb Code     0  startup_mkl25z4.o(.text)
    TPM0_IRQHandler                          0x000000eb   Thumb Code     0  startup_mkl25z4.o(.text)
    TPM1_IRQHandler                          0x000000eb   Thumb Code     0  startup_mkl25z4.o(.text)
    TPM2_IRQHandler                          0x000000eb   Thumb Code     0  startup_mkl25z4.o(.text)
    TSI0_IRQHandler                          0x000000eb   Thumb Code     0  startup_mkl25z4.o(.text)
    UART0_IRQHandler                         0x000000eb   Thumb Code     0  startup_mkl25z4.o(.text)
    UART1_IRQHandler                         0x000000eb   Thumb Code     0  startup_mkl25z4.o(.text)
    USB0_IRQHandler                          0x000000eb   Thumb Code     0  startup_mkl25z4.o(.text)
    SVC_Handler                              0x000000fd   Thumb Code   132  irq_cm0.o(.text)
    PendSV_Handler                           0x00000181   Thumb Code    12  irq_cm0.o(.text)
    SysTick_Handler                          0x0000018d   Thumb Code    12  irq_cm0.o(.text)
    __aeabi_uidiv                            0x000001a1   Thumb Code     0  uidiv.o(.text)
    __aeabi_uidivmod                         0x000001a1   Thumb Code    44  uidiv.o(.text)
    __aeabi_idiv                             0x000001cd   Thumb Code     0  idiv.o(.text)
    __aeabi_idivmod                          0x000001cd   Thumb Code    40  idiv.o(.text)
    __aeabi_memcpy                           0x000001f5   Thumb Code    36  memcpya.o(.text)
    __aeabi_memcpy4                          0x000001f5   Thumb Code     0  memcpya.o(.text)
    __aeabi_memcpy8                          0x000001f5   Thumb Code     0  memcpya.o(.text)
    __aeabi_memset                           0x00000219   Thumb Code    14  memseta.o(.text)
    __aeabi_memset4                          0x00000219   Thumb Code     0  memseta.o(.text)
    __aeabi_memset8                          0x00000219   Thumb Code     0  memseta.o(.text)
    __aeabi_memclr                           0x00000227   Thumb Code     4  memseta.o(.text)
    __aeabi_memclr4                          0x00000227   Thumb Code     0  memseta.o(.text)
    __aeabi_memclr8                          0x00000227   Thumb Code     0  memseta.o(.text)
    _memset$wrapper                          0x0000022b   Thumb Code    18  memseta.o(.text)
    __aeabi_fmul                             0x0000023d   Thumb Code   122  fmul.o(.text)
    __aeabi_dmul                             0x000002b9   Thumb Code   202  dmul.o(.text)
    __aeabi_i2f                              0x00000389   Thumb Code    22  fflti.o(.text)
    __aeabi_i2d                              0x000003a1   Thumb Code    34  dflti.o(.text)
    __aeabi_f2iz                             0x000003c9   Thumb Code    50  ffixi.o(.text)
    OS_Tick_GetIRQn                          0x000003fb   Thumb Code     6  os_systick.o(.text.OS_Tick_GetIRQn)
    __I$use$fp                               0x000003fb   Thumb Code     0  iusefp.o(.text)
    __aeabi_ddiv                             0x00000411   Thumb Code   234  ddiv.o(.text)
    __aeabi_f2uiz                            0x00000501   Thumb Code    40  ffixui.o(.text)
    __aeabi_d2iz                             0x00000529   Thumb Code    62  dfixi.o(.text)
    __aeabi_d2f                              0x00000571   Thumb Code    56  d2f.o(.text)
    __aeabi_cfcmpeq                          0x000005a9   Thumb Code     0  cfcmple.o(.text)
    __aeabi_cfcmple                          0x000005a9   Thumb Code    20  cfcmple.o(.text)
    __aeabi_llsr                             0x000005bd   Thumb Code    34  llushr.o(.text)
    _ll_ushift_r                             0x000005bd   Thumb Code     0  llushr.o(.text)
    _float_round                             0x000005df   Thumb Code    16  fepilogue.o(.text)
    _float_epilogue                          0x000005ef   Thumb Code   114  fepilogue.o(.text)
    _double_round                            0x00000661   Thumb Code    26  depilogue.o(.text)
    _double_epilogue                         0x0000067b   Thumb Code   164  depilogue.o(.text)
    __scatterload                            0x00000721   Thumb Code    28  init.o(.text)
    __scatterload_rt2                        0x00000721   Thumb Code     0  init.o(.text)
    __aeabi_llsl                             0x00000745   Thumb Code    32  llshl.o(.text)
    _ll_shift_l                              0x00000745   Thumb Code     0  llshl.o(.text)
    __decompress                             0x00000765   Thumb Code     0  __dczerorl2.o(.text)
    __decompress1                            0x00000765   Thumb Code    86  __dczerorl2.o(.text)
    OS_Tick_AcknowledgeIRQ                   0x00000889   Thumb Code    12  os_systick.o(.text.OS_Tick_AcknowledgeIRQ)
    OS_Tick_Enable                           0x00000895   Thumb Code    44  os_systick.o(.text.OS_Tick_Enable)
    OS_Tick_Setup                            0x000008c1   Thumb Code    76  os_systick.o(.text.OS_Tick_Setup)
    osDelay                                  0x000009f1   Thumb Code    40  rtx_delay.o(.text.osDelay)
    osKernelInitialize                       0x00000a19   Thumb Code    40  rtx_kernel.o(.text.osKernelInitialize)
    osKernelStart                            0x00000a41   Thumb Code    36  rtx_kernel.o(.text.osKernelStart)
    osMessageQueueGet                        0x00000a65   Thumb Code   116  rtx_msgqueue.o(.text.osMessageQueueGet)
    osMessageQueueNew                        0x00000ad9   Thumb Code    36  rtx_msgqueue.o(.text.osMessageQueueNew)
    osMessageQueuePut                        0x00000afd   Thumb Code   120  rtx_msgqueue.o(.text.osMessageQueuePut)
    osRtxKernelPreInit                       0x00000b75   Thumb Code     2  rtx_kernel.o(.text.osRtxKernelPreInit)
    osRtxMemoryAlloc                         0x00000b77   Thumb Code   124  rtx_memory.o(.text.osRtxMemoryAlloc)
    osRtxMemoryFree                          0x00000bf3   Thumb Code    78  rtx_memory.o(.text.osRtxMemoryFree)
    osRtxMemoryInit                          0x00000c41   Thumb Code    50  rtx_memory.o(.text.osRtxMemoryInit)
    osRtxMemoryPoolAlloc                     0x00000c73   Thumb Code    46  rtx_mempool.o(.text.osRtxMemoryPoolAlloc)
    osRtxMemoryPoolFree                      0x00000ca1   Thumb Code    58  rtx_mempool.o(.text.osRtxMemoryPoolFree)
    osRtxMemoryPoolInit                      0x00000cdb   Thumb Code    62  rtx_mempool.o(.text.osRtxMemoryPoolInit)
    osRtxMutexOwnerRelease                   0x00000dd5   Thumb Code    68  rtx_mutex.o(.text.osRtxMutexOwnerRelease)
    osRtxPendSV_Handler                      0x00000e19   Thumb Code   128  rtx_system.o(.text.osRtxPendSV_Handler)
    osRtxPostProcess                         0x00000e99   Thumb Code   108  rtx_system.o(.text.osRtxPostProcess)
    osRtxThreadDelayTick                     0x00001025   Thumb Code    56  rtx_thread.o(.text.osRtxThreadDelayTick)
    osRtxThreadDispatch                      0x0000105d   Thumb Code    80  rtx_thread.o(.text.osRtxThreadDispatch)
    osRtxThreadListGet                       0x00001101   Thumb Code    20  rtx_thread.o(.text.osRtxThreadListGet)
    osRtxThreadListPut                       0x00001115   Thumb Code    44  rtx_thread.o(.text.osRtxThreadListPut)
    osRtxThreadListRemove                    0x00001141   Thumb Code    24  rtx_thread.o(.text.osRtxThreadListRemove)
    osRtxThreadReadyPut                      0x00001181   Thumb Code    24  rtx_thread.o(.text.osRtxThreadReadyPut)
    osRtxThreadRegPtr                        0x00001199   Thumb Code     6  rtx_thread.o(.text.osRtxThreadRegPtr)
    osRtxThreadStackCheck                    0x000011a1   Thumb Code    44  rtx_thread.o(.text.osRtxThreadStackCheck)
    osRtxThreadStartup                       0x000011cd   Thumb Code    64  rtx_thread.o(.text.osRtxThreadStartup)
    osRtxThreadSwitch                        0x0000120d   Thumb Code    20  rtx_thread.o(.text.osRtxThreadSwitch)
    osRtxThreadWaitEnter                     0x00001221   Thumb Code    60  rtx_thread.o(.text.osRtxThreadWaitEnter)
    osRtxThreadWaitExit                      0x0000125d   Thumb Code    34  rtx_thread.o(.text.osRtxThreadWaitExit)
    osRtxTick_Handler                        0x00001281   Thumb Code   116  rtx_system.o(.text.osRtxTick_Handler)
    osRtxTimerThread                         0x000012f5   Thumb Code    60  rtx_timer.o(.text.osRtxTimerThread)
    osSemaphoreAcquire                       0x00001391   Thumb Code    68  rtx_semaphore.o(.text.osSemaphoreAcquire)
    osSemaphoreNew                           0x000013d5   Thumb Code    36  rtx_semaphore.o(.text.osSemaphoreNew)
    osSemaphoreRelease                       0x000013f9   Thumb Code    76  rtx_semaphore.o(.text.osSemaphoreRelease)
    osThreadExit                             0x00001445   Thumb Code    12  rtx_thread.o(.text.osThreadExit)
    osThreadNew                              0x00001451   Thumb Code    36  rtx_thread.o(.text.osThreadNew)
    InitGPIOGreenLED                         0x00001d41   Thumb Code   262  led.o(i.InitGPIOGreenLED)
    InitGPIORedLED                           0x00001e5d   Thumb Code    80  led.o(i.InitGPIORedLED)
    PIT_IRQHandler                           0x00001eb9   Thumb Code    20  main.o(i.PIT_IRQHandler)
    PORTD_IRQHandler                         0x00001ed5   Thumb Code    82  main.o(i.PORTD_IRQHandler)
    SystemCoreClockUpdate                    0x00001f41   Thumb Code   372  system_mkl25z4.o(i.SystemCoreClockUpdate)
    SystemInit                               0x000020d1   Thumb Code   266  system_mkl25z4.o(i.SystemInit)
    UART2_IRQHandler                         0x00002209   Thumb Code    44  uart.o(i.UART2_IRQHandler)
    __ARM_clz                                0x00002241   Thumb Code    46  depilogue.o(i.__ARM_clz)
    __ARM_common_switch8                     0x0000226f   Thumb Code    28  motors.o(i.__ARM_common_switch8)
    __scatterload_copy                       0x000023b5   Thumb Code    14  handlers.o(i.__scatterload_copy)
    __scatterload_null                       0x000023c3   Thumb Code     2  handlers.o(i.__scatterload_null)
    __scatterload_zeroinit                   0x000023c5   Thumb Code    14  handlers.o(i.__scatterload_zeroinit)
    app_main                                 0x000023d5   Thumb Code    44  main.o(i.app_main)
    autonomous_thread                        0x00002409   Thumb Code   208  main.o(i.autonomous_thread)
    buzzer_thread                            0x000024ed   Thumb Code   172  main.o(i.buzzer_thread)
    calc_cnv                                 0x000025b1   Thumb Code    28  pwm.o(i.calc_cnv)
    calc_mod                                 0x000025cd   Thumb Code    30  pwm.o(i.calc_mod)
    getNumNotes                              0x000025eb   Thumb Code    18  buzzer.o(i.getNumNotes)
    initBuzzer                               0x000025fd   Thumb Code   170  buzzer.o(i.initBuzzer)
    initMotors                               0x000026bd   Thumb Code   420  motors.o(i.initMotors)
    initPIT                                  0x00002879   Thumb Code    70  main.o(i.initPIT)
    initUART                                 0x000028cd   Thumb Code   200  uart.o(i.initUART)
    initUltrasound                           0x000029ad   Thumb Code   124  main.o(i.initUltrasound)
    led_green_thread                         0x00002a3d   Thumb Code    20  main.o(i.led_green_thread)
    led_red_thread                           0x00002a59   Thumb Code    18  main.o(i.led_red_thread)
    main                                     0x00002a71   Thumb Code   136  main.o(i.main)
    osRtxErrorNotify                         0x00002b1d   Thumb Code    32  rtx_config.o(i.osRtxErrorNotify)
    osRtxIdleThread                          0x00002b3d   Thumb Code     4  rtx_config.o(i.osRtxIdleThread)
    playEndNote                              0x00002b41   Thumb Code   156  buzzer.o(i.playEndNote)
    playGreenLedSeq                          0x00002bf1   Thumb Code   156  led.o(i.playGreenLedSeq)
    playNote                                 0x00002c99   Thumb Code   156  buzzer.o(i.playNote)
    playRedLedSeq                            0x00002d49   Thumb Code    76  led.o(i.playRedLedSeq)
    returnData                               0x00002d9d   Thumb Code     6  uart.o(i.returnData)
    returnDelay                              0x00002da9   Thumb Code    36  led.o(i.returnDelay)
    runCommand                               0x00002dd1   Thumb Code   102  main.o(i.runCommand)
    setDirection                             0x00002e41   Thumb Code   618  motors.o(i.setDirection)
    ultrasonic                               0x000030c5   Thumb Code   124  main.o(i.ultrasonic)
    osRtxUserSVC                             0x0000324c   Data           4  rtx_lib.o(.constdata)
    osRtxConfig                              0x00003250   Data         104  rtx_lib.o(.rodata)
    os_cb_sections                           0x000032b8   Data          56  rtx_lib.o(.rodata)
    Region$$Table$$Base                      0x000032fc   Number         0  anon$$obj.o(Region$$Table)
    Region$$Table$$Limit                     0x0000331c   Number         0  anon$$obj.o(Region$$Table)
    .bss.os.msgqueue.cb$$Base                0x20000040   Number         0  rtx_lib.o(.bss.os.msgqueue.cb)
    .bss.os.msgqueue.cb$$Limit               0x20000074   Number         0  rtx_lib.o(.bss.os.msgqueue.cb)
    .bss.os.thread.cb$$Base                  0x200000c4   Number         0  rtx_lib.o(.bss.os.thread.cb)
    .bss.os.thread.cb$$Limit                 0x2000014c   Number         0  rtx_lib.o(.bss.os.thread.cb)
    counter                                  0x20000350   Data           4  main.o(.data)
    ultraFlag                                0x20000354   Data           4  main.o(.data)
    ultraSem                                 0x20000358   Data           4  main.o(.data)
    autoSem                                  0x2000035c   Data           4  main.o(.data)
    check                                    0x20000360   Data           4  main.o(.data)
    distance                                 0x20000364   Data           4  main.o(.data)
    count                                    0x20000368   Data           4  main.o(.data)
    tooClose                                 0x2000036c   Data           4  main.o(.data)
    firsttime                                0x20000370   Data           4  main.o(.data)
    data                                     0x20000374   Data           1  main.o(.data)
    flag                                     0x20000378   Data           4  main.o(.data)
    time                                     0x2000037c   Data           4  main.o(.data)
    numNotes                                 0x20000380   Data           4  main.o(.data)
    i                                        0x20000384   Data           4  main.o(.data)
    dur                                      0x20000388   Data           4  main.o(.data)
    j                                        0x2000038c   Data           4  main.o(.data)
    main_attr                                0x20000390   Data          36  main.o(.data)
    data_to_send                             0x200003b4   Data           1  uart.o(.data)
    received_data                            0x200003b5   Data           1  uart.o(.data)
    cnv1                                     0x200003b8   Data           4  motors.o(.data)
    cnv2                                     0x200003bc   Data           4  motors.o(.data)
    trimming                                 0x200003c0   Data           4  motors.o(.data)
    melody                                   0x200003c4   Data        2472  buzzer.o(.data)
    endMelody                                0x20000d6c   Data          96  buzzer.o(.data)
    wholenote                                0x20000dcc   Data           4  buzzer.o(.data)
    delay                                    0x20000dd0   Data           4  led.o(.data)
    ledcheck                                 0x20000dd4   Data           4  led.o(.data)
    SystemCoreClock                          0x20000dd8   Data           4  system_mkl25z4.o(.data)
    osRtxInfo                                0x20000ddc   Data         164  rtx_kernel.o(.data.os)
    __initial_sp                             0x20000f88   Data           0  startup_mkl25z4.o(STACK)



==============================================================================

Memory Map of the image

  Image Entry point : 0x000000d5

  Load Region LR_1 (Base: 0x00000000, Size: 0x0000519c, Max: 0xffffffff, ABSOLUTE, COMPRESSED[0x00003580])

    Execution Region ER_RO (Exec base: 0x00000000, Load base: 0x00000000, Size: 0x0000331c, Max: 0xffffffff, ABSOLUTE)

    Exec Addr    Load Addr    Size         Type   Attr      Idx    E Section Name        Object

    0x00000000   0x00000000   0x000000c0   Data   RO          440    RESET               startup_mkl25z4.o
    0x000000c0   0x000000c0   0x00000000   Code   RO          983  * .ARM.Collect$$$$00000000  mc_p.l(entry.o)
    0x000000c0   0x000000c0   0x00000004   Code   RO         1016    .ARM.Collect$$$$00000001  mc_p.l(entry2.o)
    0x000000c4   0x000000c4   0x00000004   Code   RO         1019    .ARM.Collect$$$$00000004  mc_p.l(entry5.o)
    0x000000c8   0x000000c8   0x00000000   Code   RO         1021    .ARM.Collect$$$$00000008  mc_p.l(entry7b.o)
    0x000000c8   0x000000c8   0x00000000   Code   RO         1023    .ARM.Collect$$$$0000000A  mc_p.l(entry8b.o)
    0x000000c8   0x000000c8   0x00000008   Code   RO         1024    .ARM.Collect$$$$0000000B  mc_p.l(entry9a.o)
    0x000000d0   0x000000d0   0x00000000   Code   RO         1026    .ARM.Collect$$$$0000000D  mc_p.l(entry10a.o)
    0x000000d0   0x000000d0   0x00000000   Code   RO         1028    .ARM.Collect$$$$0000000F  mc_p.l(entry11a.o)
    0x000000d0   0x000000d0   0x00000004   Code   RO         1017    .ARM.Collect$$$$00002712  mc_p.l(entry2.o)
    0x000000d4   0x000000d4   0x00000028   Code   RO          442  * .text               startup_mkl25z4.o
    0x000000fc   0x000000fc   0x000000a4   Code   RO          735    .text               RTX_CM0.lib(irq_cm0.o)
    0x000001a0   0x000001a0   0x0000002c   Code   RO          986    .text               mc_p.l(uidiv.o)
    0x000001cc   0x000001cc   0x00000028   Code   RO          988    .text               mc_p.l(idiv.o)
    0x000001f4   0x000001f4   0x00000024   Code   RO          990    .text               mc_p.l(memcpya.o)
    0x00000218   0x00000218   0x00000024   Code   RO          992    .text               mc_p.l(memseta.o)
    0x0000023c   0x0000023c   0x0000007a   Code   RO          996    .text               mf_p.l(fmul.o)
    0x000002b6   0x000002b6   0x00000002   PAD
    0x000002b8   0x000002b8   0x000000d0   Code   RO          998    .text               mf_p.l(dmul.o)
    0x00000388   0x00000388   0x00000016   Code   RO         1002    .text               mf_p.l(fflti.o)
    0x0000039e   0x0000039e   0x00000002   PAD
    0x000003a0   0x000003a0   0x00000028   Code   RO         1004    .text               mf_p.l(dflti.o)
    0x000003c8   0x000003c8   0x00000032   Code   RO         1006    .text               mf_p.l(ffixi.o)
    0x000003fa   0x000003fa   0x00000000   Code   RO         1032    .text               mc_p.l(iusefp.o)
    0x000003fa   0x000003fa   0x00000006   Code   RO          907    .text.OS_Tick_GetIRQn  RTX_CM0.lib(os_systick.o)
    0x00000400   0x00000400   0x00000010   Code   RO          441    .ARM.__at_0x400     startup_mkl25z4.o
    0x00000410   0x00000410   0x000000f0   Code   RO         1000    .text               mf_p.l(ddiv.o)
    0x00000500   0x00000500   0x00000028   Code   RO         1008    .text               mf_p.l(ffixui.o)
    0x00000528   0x00000528   0x00000048   Code   RO         1010    .text               mf_p.l(dfixi.o)
    0x00000570   0x00000570   0x00000038   Code   RO         1012    .text               mf_p.l(d2f.o)
    0x000005a8   0x000005a8   0x00000014   Code   RO         1014    .text               mf_p.l(cfcmple.o)
    0x000005bc   0x000005bc   0x00000022   Code   RO         1030    .text               mc_p.l(llushr.o)
    0x000005de   0x000005de   0x00000082   Code   RO         1033    .text               mf_p.l(fepilogue.o)
    0x00000660   0x00000660   0x000000be   Code   RO         1035    .text               mf_p.l(depilogue.o)
    0x0000071e   0x0000071e   0x00000002   PAD
    0x00000720   0x00000720   0x00000024   Code   RO         1039    .text               mc_p.l(init.o)
    0x00000744   0x00000744   0x00000020   Code   RO         1041    .text               mc_p.l(llshl.o)
    0x00000764   0x00000764   0x00000056   Code   RO         1051    .text               mc_p.l(__dczerorl2.o)
    0x000007ba   0x000007ba   0x0000004c   Code   RO          967    .text.MessageQueueGet  RTX_CM0.lib(rtx_msgqueue.o)
    0x00000806   0x00000806   0x00000062   Code   RO          961    .text.MessageQueuePut  RTX_CM0.lib(rtx_msgqueue.o)
    0x00000868   0x00000868   0x0000001e   Code   RO          959    .text.MessageQueueRemove  RTX_CM0.lib(rtx_msgqueue.o)
    0x00000886   0x00000886   0x00000002   PAD
    0x00000888   0x00000888   0x0000000c   Code   RO          905    .text.OS_Tick_AcknowledgeIRQ  RTX_CM0.lib(os_systick.o)
    0x00000894   0x00000894   0x0000002c   Code   RO          901    .text.OS_Tick_Enable  RTX_CM0.lib(os_systick.o)
    0x000008c0   0x000008c0   0x0000004c   Code   RO          899    .text.OS_Tick_Setup  RTX_CM0.lib(os_systick.o)
    0x0000090c   0x0000090c   0x00000024   Code   RO          714    .text.SemaphoreTokenDecrement  RTX_CM0.lib(rtx_semaphore.o)
    0x00000930   0x00000930   0x00000026   Code   RO          720    .text.SemaphoreTokenIncrement  RTX_CM0.lib(rtx_semaphore.o)
    0x00000956   0x00000956   0x0000004e   Code   RO          626    .text.ThreadFlagsCheck  RTX_CM0.lib(rtx_thread.o)
    0x000009a4   0x000009a4   0x0000004c   Code   RO          756    .text.TimerInsert   RTX_CM0.lib(rtx_timer.o)
    0x000009f0   0x000009f0   0x00000028   Code   RO          679    .text.osDelay       RTX_CM0.lib(rtx_delay.o)
    0x00000a18   0x00000a18   0x00000028   Code   RO          483    .text.osKernelInitialize  RTX_CM0.lib(rtx_kernel.o)
    0x00000a40   0x00000a40   0x00000024   Code   RO          493    .text.osKernelStart  RTX_CM0.lib(rtx_kernel.o)
    0x00000a64   0x00000a64   0x00000074   Code   RO          933    .text.osMessageQueueGet  RTX_CM0.lib(rtx_msgqueue.o)
    0x00000ad8   0x00000ad8   0x00000024   Code   RO          927    .text.osMessageQueueNew  RTX_CM0.lib(rtx_msgqueue.o)
    0x00000afc   0x00000afc   0x00000078   Code   RO          931    .text.osMessageQueuePut  RTX_CM0.lib(rtx_msgqueue.o)
    0x00000b74   0x00000b74   0x00000002   Code   RO          481    .text.osRtxKernelPreInit  RTX_CM0.lib(rtx_kernel.o)
    0x00000b76   0x00000b76   0x0000007c   Code   RO          818    .text.osRtxMemoryAlloc  RTX_CM0.lib(rtx_memory.o)
    0x00000bf2   0x00000bf2   0x0000004e   Code   RO          820    .text.osRtxMemoryFree  RTX_CM0.lib(rtx_memory.o)
    0x00000c40   0x00000c40   0x00000032   Code   RO          816    .text.osRtxMemoryInit  RTX_CM0.lib(rtx_memory.o)
    0x00000c72   0x00000c72   0x0000002e   Code   RO          833    .text.osRtxMemoryPoolAlloc  RTX_CM0.lib(rtx_mempool.o)
    0x00000ca0   0x00000ca0   0x0000003a   Code   RO          835    .text.osRtxMemoryPoolFree  RTX_CM0.lib(rtx_mempool.o)
    0x00000cda   0x00000cda   0x0000003e   Code   RO          831    .text.osRtxMemoryPoolInit  RTX_CM0.lib(rtx_mempool.o)
    0x00000d18   0x00000d18   0x000000bc   Code   RO          957    .text.osRtxMessageQueuePostProcess  RTX_CM0.lib(rtx_msgqueue.o)
    0x00000dd4   0x00000dd4   0x00000044   Code   RO          781    .text.osRtxMutexOwnerRelease  RTX_CM0.lib(rtx_mutex.o)
    0x00000e18   0x00000e18   0x00000080   Code   RO          886    .text.osRtxPendSV_Handler  RTX_CM0.lib(rtx_system.o)
    0x00000e98   0x00000e98   0x0000006c   Code   RO          888    .text.osRtxPostProcess  RTX_CM0.lib(rtx_system.o)
    0x00000f04   0x00000f04   0x00000024   Code   RO          712    .text.osRtxSemaphorePostProcess  RTX_CM0.lib(rtx_semaphore.o)
    0x00000f28   0x00000f28   0x00000038   Code   RO          566    .text.osRtxThreadBlock  RTX_CM0.lib(rtx_thread.o)
    0x00000f60   0x00000f60   0x00000080   Code   RO          574    .text.osRtxThreadDelayInsert  RTX_CM0.lib(rtx_thread.o)
    0x00000fe0   0x00000fe0   0x00000044   Code   RO          570    .text.osRtxThreadDelayRemove  RTX_CM0.lib(rtx_thread.o)
    0x00001024   0x00001024   0x00000038   Code   RO          556    .text.osRtxThreadDelayTick  RTX_CM0.lib(rtx_thread.o)
    0x0000105c   0x0000105c   0x00000050   Code   RO          564    .text.osRtxThreadDispatch  RTX_CM0.lib(rtx_thread.o)
    0x000010ac   0x000010ac   0x00000054   Code   RO          650    .text.osRtxThreadFree  RTX_CM0.lib(rtx_thread.o)
    0x00001100   0x00001100   0x00000014   Code   RO          548    .text.osRtxThreadListGet  RTX_CM0.lib(rtx_thread.o)
    0x00001114   0x00001114   0x0000002c   Code   RO          546    .text.osRtxThreadListPut  RTX_CM0.lib(rtx_thread.o)
    0x00001140   0x00001140   0x00000018   Code   RO          552    .text.osRtxThreadListRemove  RTX_CM0.lib(rtx_thread.o)
    0x00001158   0x00001158   0x00000026   Code   RO          624    .text.osRtxThreadPostProcess  RTX_CM0.lib(rtx_thread.o)
    0x0000117e   0x0000117e   0x00000002   PAD
    0x00001180   0x00001180   0x00000018   Code   RO          554    .text.osRtxThreadReadyPut  RTX_CM0.lib(rtx_thread.o)
    0x00001198   0x00001198   0x00000006   Code   RO          558    .text.osRtxThreadRegPtr  RTX_CM0.lib(rtx_thread.o)
    0x0000119e   0x0000119e   0x00000002   PAD
    0x000011a0   0x000011a0   0x0000002c   Code   RO          562    .text.osRtxThreadStackCheck  RTX_CM0.lib(rtx_thread.o)
    0x000011cc   0x000011cc   0x00000040   Code   RO          576    .text.osRtxThreadStartup  RTX_CM0.lib(rtx_thread.o)
    0x0000120c   0x0000120c   0x00000014   Code   RO          560    .text.osRtxThreadSwitch  RTX_CM0.lib(rtx_thread.o)
    0x00001220   0x00001220   0x0000003c   Code   RO          572    .text.osRtxThreadWaitEnter  RTX_CM0.lib(rtx_thread.o)
    0x0000125c   0x0000125c   0x00000022   Code   RO          568    .text.osRtxThreadWaitExit  RTX_CM0.lib(rtx_thread.o)
    0x0000127e   0x0000127e   0x00000002   PAD
    0x00001280   0x00001280   0x00000074   Code   RO          884    .text.osRtxTick_Handler  RTX_CM0.lib(rtx_system.o)
    0x000012f4   0x000012f4   0x0000003c   Code   RO          740    .text.osRtxTimerThread  RTX_CM0.lib(rtx_timer.o)
    0x00001330   0x00001330   0x00000060   Code   RO          742    .text.osRtxTimerTick  RTX_CM0.lib(rtx_timer.o)
    0x00001390   0x00001390   0x00000044   Code   RO          700    .text.osSemaphoreAcquire  RTX_CM0.lib(rtx_semaphore.o)
    0x000013d4   0x000013d4   0x00000024   Code   RO          696    .text.osSemaphoreNew  RTX_CM0.lib(rtx_semaphore.o)
    0x000013f8   0x000013f8   0x0000004c   Code   RO          702    .text.osSemaphoreRelease  RTX_CM0.lib(rtx_semaphore.o)
    0x00001444   0x00001444   0x0000000c   Code   RO          608    .text.osThreadExit  RTX_CM0.lib(rtx_thread.o)
    0x00001450   0x00001450   0x00000024   Code   RO          580    .text.osThreadNew   RTX_CM0.lib(rtx_thread.o)
    0x00001474   0x00001474   0x00000012   Code   RO          683    .text.svcRtxDelay   RTX_CM0.lib(rtx_delay.o)
    0x00001486   0x00001486   0x00000002   PAD
    0x00001488   0x00001488   0x00000148   Code   RO          521    .text.svcRtxKernelInitialize  RTX_CM0.lib(rtx_kernel.o)
    0x000015d0   0x000015d0   0x00000084   Code   RO          523    .text.svcRtxKernelStart  RTX_CM0.lib(rtx_kernel.o)
    0x00001654   0x00001654   0x000000e8   Code   RO          969    .text.svcRtxMessageQueueGet  RTX_CM0.lib(rtx_msgqueue.o)
    0x0000173c   0x0000173c   0x000001e4   Code   RO          955    .text.svcRtxMessageQueueNew  RTX_CM0.lib(rtx_msgqueue.o)
    0x00001920   0x00001920   0x000000bc   Code   RO          965    .text.svcRtxMessageQueuePut  RTX_CM0.lib(rtx_msgqueue.o)
    0x000019dc   0x000019dc   0x0000004c   Code   RO          718    .text.svcRtxSemaphoreAcquire  RTX_CM0.lib(rtx_semaphore.o)
    0x00001a28   0x00001a28   0x00000088   Code   RO          710    .text.svcRtxSemaphoreNew  RTX_CM0.lib(rtx_semaphore.o)
    0x00001ab0   0x00001ab0   0x00000038   Code   RO          722    .text.svcRtxSemaphoreRelease  RTX_CM0.lib(rtx_semaphore.o)
    0x00001ae8   0x00001ae8   0x0000006c   Code   RO          654    .text.svcRtxThreadExit  RTX_CM0.lib(rtx_thread.o)
    0x00001b54   0x00001b54   0x000001ec   Code   RO          578    .text.svcRtxThreadNew  RTX_CM0.lib(rtx_thread.o)
    0x00001d40   0x00001d40   0x0000011c   Code   RO          316    i.InitGPIOGreenLED  led.o
    0x00001e5c   0x00001e5c   0x0000005c   Code   RO          317    i.InitGPIORedLED    led.o
    0x00001eb8   0x00001eb8   0x0000001c   Code   RO            3    i.PIT_IRQHandler    main.o
    0x00001ed4   0x00001ed4   0x0000006c   Code   RO            4    i.PORTD_IRQHandler  main.o
    0x00001f40   0x00001f40   0x00000190   Code   RO          450    i.SystemCoreClockUpdate  system_mkl25z4.o
    0x000020d0   0x000020d0   0x00000138   Code   RO          451    i.SystemInit        system_mkl25z4.o
    0x00002208   0x00002208   0x00000038   Code   RO          160    i.UART2_IRQHandler  uart.o
    0x00002240   0x00002240   0x0000002e   Code   RO         1037    i.__ARM_clz         mf_p.l(depilogue.o)
    0x0000226e   0x0000226e   0x0000001c   Code   RO          239    i.__ARM_common_switch8  motors.o
    0x0000228a   0x0000228a   0x00000002   PAD
    0x0000228c   0x0000228c   0x00000018   Code   RO            5    i.__NVIC_ClearPendingIRQ  main.o
    0x000022a4   0x000022a4   0x00000020   Code   RO            6    i.__NVIC_EnableIRQ  main.o
    0x000022c4   0x000022c4   0x00000078   Code   RO            7    i.__NVIC_SetPriority  main.o
    0x0000233c   0x0000233c   0x00000078   Code   RO          161    i.__NVIC_SetPriority  uart.o
    0x000023b4   0x000023b4   0x0000000e   Code   RO         1045    i.__scatterload_copy  mc_p.l(handlers.o)
    0x000023c2   0x000023c2   0x00000002   Code   RO         1046    i.__scatterload_null  mc_p.l(handlers.o)
    0x000023c4   0x000023c4   0x0000000e   Code   RO         1047    i.__scatterload_zeroinit  mc_p.l(handlers.o)
    0x000023d2   0x000023d2   0x00000002   PAD
    0x000023d4   0x000023d4   0x00000034   Code   RO            8    i.app_main          main.o
    0x00002408   0x00002408   0x000000e4   Code   RO            9    i.autonomous_thread  main.o
    0x000024ec   0x000024ec   0x000000c4   Code   RO           10    i.buzzer_thread     main.o
    0x000025b0   0x000025b0   0x0000001c   Code   RO          247    i.calc_cnv          pwm.o
    0x000025cc   0x000025cc   0x0000001e   Code   RO          248    i.calc_mod          pwm.o
    0x000025ea   0x000025ea   0x00000012   Code   RO          267    i.getNumNotes       buzzer.o
    0x000025fc   0x000025fc   0x000000c0   Code   RO          268    i.initBuzzer        buzzer.o
    0x000026bc   0x000026bc   0x000001bc   Code   RO          204    i.initMotors        motors.o
    0x00002878   0x00002878   0x00000054   Code   RO           11    i.initPIT           main.o
    0x000028cc   0x000028cc   0x000000e0   Code   RO          162    i.initUART          uart.o
    0x000029ac   0x000029ac   0x00000090   Code   RO           12    i.initUltrasound    main.o
    0x00002a3c   0x00002a3c   0x0000001c   Code   RO           13    i.led_green_thread  main.o
    0x00002a58   0x00002a58   0x00000018   Code   RO           14    i.led_red_thread    main.o
    0x00002a70   0x00002a70   0x000000ac   Code   RO           15    i.main              main.o
    0x00002b1c   0x00002b1c   0x00000020   Code   RO          410    i.osRtxErrorNotify  rtx_config.o
    0x00002b3c   0x00002b3c   0x00000004   Code   RO          411    i.osRtxIdleThread   rtx_config.o
    0x00002b40   0x00002b40   0x000000b0   Code   RO          269    i.playEndNote       buzzer.o
    0x00002bf0   0x00002bf0   0x000000a8   Code   RO          319    i.playGreenLedSeq   led.o
    0x00002c98   0x00002c98   0x000000b0   Code   RO          270    i.playNote          buzzer.o
    0x00002d48   0x00002d48   0x00000054   Code   RO          320    i.playRedLedSeq     led.o
    0x00002d9c   0x00002d9c   0x0000000c   Code   RO          163    i.returnData        uart.o
    0x00002da8   0x00002da8   0x00000028   Code   RO          321    i.returnDelay       led.o
    0x00002dd0   0x00002dd0   0x00000070   Code   RO           16    i.runCommand        main.o
    0x00002e40   0x00002e40   0x00000284   Code   RO          206    i.setDirection      motors.o
    0x000030c4   0x000030c4   0x000000a0   Code   RO           17    i.ultrasonic        main.o
    0x00003164   0x00003164   0x00000048   Data   RO           18    .constdata          main.o
    0x000031ac   0x000031ac   0x00000040   Data   RO          322    .constdata          led.o
    0x000031ec   0x000031ec   0x00000064   Data   RO          380    .constdata          rtx_lib.o
    0x00003250   0x00003250   0x000000a0   Data   RO          382    .rodata             rtx_lib.o
    0x000032f0   0x000032f0   0x0000000b   Data   RO          535    .rodata.str1.4      RTX_CM0.lib(rtx_kernel.o)
    0x000032fb   0x000032fb   0x00000001   PAD
    0x000032fc   0x000032fc   0x00000020   Data   RO         1043    Region$$Table       anon$$obj.o


    Execution Region ER_RW (Exec base: 0x1ffff000, Load base: 0x0000331c, Size: 0x00001e80, Max: 0xffffffff, ABSOLUTE, COMPRESSED[0x00000264])

    Exec Addr    Load Addr    Size         Type   Attr      Idx    E Section Name        Object

    0x1ffff000   COMPRESSED   0x00001040   Data   RW          375    .bss.os             rtx_lib.o
    0x20000040   COMPRESSED   0x00000034   Data   RW          376    .bss.os.msgqueue.cb  rtx_lib.o
    0x20000074   COMPRESSED   0x00000050   Data   RW          377    .bss.os.msgqueue.mem  rtx_lib.o
    0x200000c4   COMPRESSED   0x00000088   Data   RW          378    .bss.os.thread.cb   rtx_lib.o
    0x2000014c   COMPRESSED   0x00000004   PAD
    0x20000150   COMPRESSED   0x00000200   Data   RW          379    .bss.os.thread.stack  rtx_lib.o
    0x20000350   COMPRESSED   0x00000064   Data   RW           19    .data               main.o
    0x200003b4   COMPRESSED   0x00000002   Data   RW          164    .data               uart.o
    0x200003b6   COMPRESSED   0x00000002   PAD
    0x200003b8   COMPRESSED   0x0000000c   Data   RW          207    .data               motors.o
    0x200003c4   COMPRESSED   0x00000a0c   Data   RW          271    .data               buzzer.o
    0x20000dd0   COMPRESSED   0x00000008   Data   RW          323    .data               led.o
    0x20000dd8   COMPRESSED   0x00000004   Data   RW          452    .data               system_mkl25z4.o
    0x20000ddc   COMPRESSED   0x000000a4   Data   RW          536    .data.os            RTX_CM0.lib(rtx_kernel.o)


    Execution Region ER_ZI (Exec base: 0x20000e80, Load base: 0x00003580, Size: 0x00000108, Max: 0xffffffff, ABSOLUTE)

    Exec Addr    Load Addr    Size         Type   Attr      Idx    E Section Name        Object

    0x20000e80        -       0x00000001   Zero   RW          917    .bss.PendST         RTX_CM0.lib(os_systick.o)
    0x20000e81   0x00003580   0x00000007   PAD
    0x20000e88        -       0x00000100   Zero   RW          438    STACK               startup_mkl25z4.o


==============================================================================

Image component sizes


      Code (inc. data)   RO Data    RW Data    ZI Data      Debug   Object Name

       562         62          0       2572          0       4321   buzzer.o
       668         58         64          8          0       2649   led.o
      1512        238         72        100          0     235486   main.o
      1116         62          0         12          0       1537   motors.o
        58          0          0          0          0       1106   pwm.o
        36          8          0          0          0        957   rtx_config.o
         0          0        260       4940          0       9178   rtx_lib.o
        56         30        192          0        256        860   startup_mkl25z4.o
       712         84          0          4          0       1639   system_mkl25z4.o
       412         52          0          2          0      10652   uart.o

    ----------------------------------------------------------------------
      5134        594        620       7644        256     268385   Object Totals
         0          0         32          0          0          0   (incl. Generated)
         2          0          0          6          0          0   (incl. Padding)

    ----------------------------------------------------------------------

      Code (inc. data)   RO Data    RW Data    ZI Data      Debug   Library Member Name

       164          8          0          0          0        496   irq_cm0.o
       138         32          0          0          1       2766   os_systick.o
        58          4          0          0          0       2753   rtx_delay.o
       538         36         11        164          0      16105   rtx_kernel.o
       252          0          0          0          0       2564   rtx_memory.o
       166          0          0          0          0      14282   rtx_mempool.o
      1568         44          0          0          0      17889   rtx_msgqueue.o
        68          0          0          0          0       9201   rtx_mutex.o
       558         28          0          0          0      10054   rtx_semaphore.o
       352         26          0          0          0       4635   rtx_system.o
      1576         96          0          0          0      30867   rtx_thread.o
       232         20          0          0          0      10018   rtx_timer.o
        86          0          0          0          0          0   __dczerorl2.o
         0          0          0          0          0          0   entry.o
         0          0          0          0          0          0   entry10a.o
         0          0          0          0          0          0   entry11a.o
         8          4          0          0          0          0   entry2.o
         4          0          0          0          0          0   entry5.o
         0          0          0          0          0          0   entry7b.o
         0          0          0          0          0          0   entry8b.o
         8          4          0          0          0          0   entry9a.o
        30          0          0          0          0          0   handlers.o
        40          0          0          0          0         72   idiv.o
        36          8          0          0          0         68   init.o
         0          0          0          0          0          0   iusefp.o
        32          0          0          0          0         68   llshl.o
        34          0          0          0          0         68   llushr.o
        36          0          0          0          0         60   memcpya.o
        36          0          0          0          0        100   memseta.o
        44          0          0          0          0         72   uidiv.o
        20          0          0          0          0         68   cfcmple.o
        56          0          0          0          0         68   d2f.o
       240          6          0          0          0         84   ddiv.o
       236          0          0          0          0        216   depilogue.o
        72         10          0          0          0         72   dfixi.o
        40          6          0          0          0         68   dflti.o
       208          6          0          0          0         88   dmul.o
       130          0          0          0          0        144   fepilogue.o
        50          0          0          0          0         60   ffixi.o
        40          0          0          0          0         60   ffixui.o
        22          0          0          0          0         68   fflti.o
       122          0          0          0          0         72   fmul.o

    ----------------------------------------------------------------------
      7318        338         12        164          8     123206   Library Totals
        18          0          1          0          7          0   (incl. Padding)

    ----------------------------------------------------------------------

      Code (inc. data)   RO Data    RW Data    ZI Data      Debug   Library Name

      5670        294         11        164          1     121630   RTX_CM0.lib
       394         16          0          0          0        508   mc_p.l
      1236         28          0          0          0       1068   mf_p.l

    ----------------------------------------------------------------------
      7318        338         12        164          8     123206   Library Totals

    ----------------------------------------------------------------------

==============================================================================


      Code (inc. data)   RO Data    RW Data    ZI Data      Debug   

     12452        932        632       7808        264     389351   Grand Totals
     12452        932        632        612        264     389351   ELF Image Totals (compressed)
     12452        932        632        612          0          0   ROM Totals

==============================================================================

    Total RO  Size (Code + RO Data)                13084 (  12.78kB)
    Total RW  Size (RW Data + ZI Data)              8072 (   7.88kB)
    Total ROM Size (Code + RO Data + RW Data)      13696 (  13.38kB)

==============================================================================

