Component: ARM Compiler 5.06 update 6 (build 750) Tool: armlink [4d35ed]

==============================================================================

Section Cross References

    pwm.o(i.calc_cnv) refers to fflti.o(.text) for __aeabi_i2f
    pwm.o(i.calc_cnv) refers to fmul.o(.text) for __aeabi_fmul
    pwm.o(i.calc_cnv) refers to ffixi.o(.text) for __aeabi_f2iz
    pwm.o(i.calc_mod) refers to idiv.o(.text) for __aeabi_idivmod
    pwm.o(i.initPWM) refers to pwm.o(i.calc_mod) for calc_mod
    pwm.o(i.initPWM) refers to pwm.o(i.calc_cnv) for calc_cnv
    pwm.o(i.main) refers to memcpya.o(.text) for __aeabi_memcpy4
    pwm.o(i.main) refers to system_mkl25z4.o(i.SystemCoreClockUpdate) for SystemCoreClockUpdate
    pwm.o(i.main) refers to pwm.o(i.initPWM) for initPWM
    pwm.o(i.main) refers to idiv.o(.text) for __aeabi_idivmod
    pwm.o(i.main) refers to pwm.o(i.note_to_freq) for note_to_freq
    pwm.o(i.main) refers to pwm.o(i.calc_mod) for calc_mod
    pwm.o(i.main) refers to pwm.o(i.calc_cnv) for calc_cnv
    pwm.o(i.main) refers to pwm.o(i.delay) for delay
    pwm.o(i.main) refers to pwm.o(.constdata) for .constdata
    pwm.o(i.note_to_freq) refers to pwm.o(i.__ARM_common_switch8) for __ARM_common_switch8
    startup_mkl25z4.o(RESET) refers to startup_mkl25z4.o(STACK) for __initial_sp
    startup_mkl25z4.o(RESET) refers to startup_mkl25z4.o(.text) for Reset_Handler
    startup_mkl25z4.o(.text) refers to system_mkl25z4.o(i.SystemInit) for SystemInit
    startup_mkl25z4.o(.text) refers to entry.o(.ARM.Collect$$$$00000000) for __main
    system_mkl25z4.o(i.SystemCoreClockUpdate) refers to uidiv.o(.text) for __aeabi_uidivmod
    system_mkl25z4.o(i.SystemCoreClockUpdate) refers to pwm.o(i.__ARM_common_switch8) for __ARM_common_switch8
    system_mkl25z4.o(i.SystemCoreClockUpdate) refers to system_mkl25z4.o(.data) for SystemCoreClock
    entry.o(.ARM.Collect$$$$00000000) refers (Special) to entry10a.o(.ARM.Collect$$$$0000000D) for __rt_final_cpp
    entry.o(.ARM.Collect$$$$00000000) refers (Special) to entry11a.o(.ARM.Collect$$$$0000000F) for __rt_final_exit
    entry.o(.ARM.Collect$$$$00000000) refers (Special) to entry7b.o(.ARM.Collect$$$$00000008) for _main_clock
    entry.o(.ARM.Collect$$$$00000000) refers (Special) to entry8b.o(.ARM.Collect$$$$0000000A) for _main_cpp_init
    entry.o(.ARM.Collect$$$$00000000) refers (Special) to entry9a.o(.ARM.Collect$$$$0000000B) for _main_init
    entry.o(.ARM.Collect$$$$00000000) refers (Special) to entry5.o(.ARM.Collect$$$$00000004) for _main_scatterload
    entry.o(.ARM.Collect$$$$00000000) refers (Special) to entry2.o(.ARM.Collect$$$$00000001) for _main_stk
    idiv.o(.text) refers to uidiv.o(.text) for __aeabi_uidivmod
    fmul.o(.text) refers (Special) to iusefp.o(.text) for __I$use$fp
    fflti.o(.text) refers (Special) to iusefp.o(.text) for __I$use$fp
    fflti.o(.text) refers to fepilogue.o(.text) for _float_epilogue
    ffixi.o(.text) refers (Special) to iusefp.o(.text) for __I$use$fp
    entry2.o(.ARM.Collect$$$$00000001) refers to entry2.o(.ARM.Collect$$$$00002712) for __lit__00000000
    entry2.o(.ARM.Collect$$$$00002712) refers to startup_mkl25z4.o(STACK) for __initial_sp
    entry2.o(__vectab_stack_and_reset_area) refers to startup_mkl25z4.o(STACK) for __initial_sp
    entry2.o(__vectab_stack_and_reset_area) refers to entry.o(.ARM.Collect$$$$00000000) for __main
    entry5.o(.ARM.Collect$$$$00000004) refers to init.o(.text) for __scatterload
    entry9a.o(.ARM.Collect$$$$0000000B) refers to pwm.o(i.main) for main
    entry9b.o(.ARM.Collect$$$$0000000C) refers to pwm.o(i.main) for main
    init.o(.text) refers to entry5.o(.ARM.Collect$$$$00000004) for __main_after_scatterload


==============================================================================

Removing Unused input sections from the image.

    Removing pwm.o(.rev16_text), (4 bytes).
    Removing pwm.o(.revsh_text), (4 bytes).
    Removing startup_mkl25z4.o(HEAP), (0 bytes).
    Removing system_mkl25z4.o(.rev16_text), (4 bytes).
    Removing system_mkl25z4.o(.revsh_text), (4 bytes).

5 unused section(s) (total 16 bytes) removed from the image.

==============================================================================

Image Symbol Table

    Local Symbols

    Symbol Name                              Value     Ov Type        Size  Object(Section)

    RESET                                    0x00000000   Section      192  startup_mkl25z4.o(RESET)
    ../clib/microlib/division.c              0x00000000   Number         0  uidiv.o ABSOLUTE
    ../clib/microlib/division.c              0x00000000   Number         0  idiv.o ABSOLUTE
    ../clib/microlib/init/entry.s            0x00000000   Number         0  entry8b.o ABSOLUTE
    ../clib/microlib/init/entry.s            0x00000000   Number         0  entry5.o ABSOLUTE
    ../clib/microlib/init/entry.s            0x00000000   Number         0  entry.o ABSOLUTE
    ../clib/microlib/init/entry.s            0x00000000   Number         0  entry7a.o ABSOLUTE
    ../clib/microlib/init/entry.s            0x00000000   Number         0  entry11b.o ABSOLUTE
    ../clib/microlib/init/entry.s            0x00000000   Number         0  entry7b.o ABSOLUTE
    ../clib/microlib/init/entry.s            0x00000000   Number         0  entry11a.o ABSOLUTE
    ../clib/microlib/init/entry.s            0x00000000   Number         0  entry10b.o ABSOLUTE
    ../clib/microlib/init/entry.s            0x00000000   Number         0  entry8a.o ABSOLUTE
    ../clib/microlib/init/entry.s            0x00000000   Number         0  entry10a.o ABSOLUTE
    ../clib/microlib/init/entry.s            0x00000000   Number         0  entry9b.o ABSOLUTE
    ../clib/microlib/init/entry.s            0x00000000   Number         0  entry9a.o ABSOLUTE
    ../clib/microlib/init/entry.s            0x00000000   Number         0  entry2.o ABSOLUTE
    ../clib/microlib/string/memcpy.c         0x00000000   Number         0  memcpya.o ABSOLUTE
    ../clib/microlib/string/memcpy.c         0x00000000   Number         0  memcpyb.o ABSOLUTE
    ../clib/microlib/stubs.s                 0x00000000   Number         0  iusefp.o ABSOLUTE
    ../fplib/microlib/fpepilogue.c           0x00000000   Number         0  fepilogue.o ABSOLUTE
    ../fplib/microlib/fpfix.c                0x00000000   Number         0  ffixi.o ABSOLUTE
    ../fplib/microlib/fpflt.c                0x00000000   Number         0  fflti.o ABSOLUTE
    ../fplib/microlib/fpmul.c                0x00000000   Number         0  fmul.o ABSOLUTE
    RTE\Device\MKL25Z128xxx4\startup_MKL25Z4.s 0x00000000   Number         0  startup_mkl25z4.o ABSOLUTE
    RTE\Device\MKL25Z128xxx4\system_MKL25Z4.c 0x00000000   Number         0  system_mkl25z4.o ABSOLUTE
    RTE\\Device\\MKL25Z128xxx4\\system_MKL25Z4.c 0x00000000   Number         0  system_mkl25z4.o ABSOLUTE
    dc.s                                     0x00000000   Number         0  dc.o ABSOLUTE
    handlers.s                               0x00000000   Number         0  handlers.o ABSOLUTE
    init.s                                   0x00000000   Number         0  init.o ABSOLUTE
    pwm.c                                    0x00000000   Number         0  pwm.o ABSOLUTE
    pwm.c                                    0x00000000   Number         0  pwm.o ABSOLUTE
    .ARM.Collect$$$$00000000                 0x000000c0   Section        0  entry.o(.ARM.Collect$$$$00000000)
    .ARM.Collect$$$$00000001                 0x000000c0   Section        4  entry2.o(.ARM.Collect$$$$00000001)
    .ARM.Collect$$$$00000004                 0x000000c4   Section        4  entry5.o(.ARM.Collect$$$$00000004)
    .ARM.Collect$$$$00000008                 0x000000c8   Section        0  entry7b.o(.ARM.Collect$$$$00000008)
    .ARM.Collect$$$$0000000A                 0x000000c8   Section        0  entry8b.o(.ARM.Collect$$$$0000000A)
    .ARM.Collect$$$$0000000B                 0x000000c8   Section        8  entry9a.o(.ARM.Collect$$$$0000000B)
    .ARM.Collect$$$$0000000D                 0x000000d0   Section        0  entry10a.o(.ARM.Collect$$$$0000000D)
    .ARM.Collect$$$$0000000F                 0x000000d0   Section        0  entry11a.o(.ARM.Collect$$$$0000000F)
    .ARM.Collect$$$$00002712                 0x000000d0   Section        4  entry2.o(.ARM.Collect$$$$00002712)
    __lit__00000000                          0x000000d0   Data           4  entry2.o(.ARM.Collect$$$$00002712)
    .text                                    0x000000d4   Section       40  startup_mkl25z4.o(.text)
    .text                                    0x000000fc   Section        0  uidiv.o(.text)
    .text                                    0x00000128   Section        0  idiv.o(.text)
    .text                                    0x00000150   Section        0  memcpya.o(.text)
    .text                                    0x00000174   Section        0  fmul.o(.text)
    .text                                    0x000001ee   Section        0  fflti.o(.text)
    .text                                    0x00000204   Section        0  ffixi.o(.text)
    .text                                    0x00000236   Section        0  iusefp.o(.text)
    .text                                    0x00000236   Section        0  fepilogue.o(.text)
    .text                                    0x000002b8   Section       36  init.o(.text)
    i.__ARM_common_switch8                   0x000002dc   Section        0  pwm.o(i.__ARM_common_switch8)
    i.__scatterload_copy                     0x000002f8   Section       14  handlers.o(i.__scatterload_copy)
    i.__scatterload_null                     0x00000306   Section        2  handlers.o(i.__scatterload_null)
    i.__scatterload_zeroinit                 0x00000308   Section       14  handlers.o(i.__scatterload_zeroinit)
    i.calc_cnv                               0x00000316   Section        0  pwm.o(i.calc_cnv)
    i.calc_mod                               0x00000332   Section        0  pwm.o(i.calc_mod)
    i.delay                                  0x00000350   Section        0  pwm.o(i.delay)
    delay                                    0x00000351   Thumb Code    20  pwm.o(i.delay)
    i.main                                   0x00000364   Section        0  pwm.o(i.main)
    .constdata                               0x000003c8   Section       52  pwm.o(.constdata)
    .ARM.__at_0x400                          0x00000400   Section       16  startup_mkl25z4.o(.ARM.__at_0x400)
    i.SystemCoreClockUpdate                  0x00000410   Section        0  system_mkl25z4.o(i.SystemCoreClockUpdate)
    i.SystemInit                             0x000005a0   Section        0  system_mkl25z4.o(i.SystemInit)
    i.initPWM                                0x000006d8   Section        0  pwm.o(i.initPWM)
    i.note_to_freq                           0x00000794   Section        0  pwm.o(i.note_to_freq)
    .data                                    0x1ffff000   Section        4  system_mkl25z4.o(.data)
    STACK                                    0x1ffff008   Section      256  startup_mkl25z4.o(STACK)

    Global Symbols

    Symbol Name                              Value     Ov Type        Size  Object(Section)

    BuildAttributes$$THM_ISAv3M$S$PE$A:L22$X:L11$S22$IEEE1$IW$USESV6$~STKCKD$USESV7$~SHL$OTIME$ROPI$EBA8$MICROLIB$REQ8$PRES8$EABIv2 0x00000000   Number         0  anon$$obj.o ABSOLUTE
    __ARM_use_no_argv                        0x00000000   Number         0  pwm.o ABSOLUTE
    __Vectors                                0x00000000   Data           4  startup_mkl25z4.o(RESET)
    __cpp_initialize__aeabi_                  - Undefined Weak Reference
    __cxa_finalize                            - Undefined Weak Reference
    __decompress                              - Undefined Weak Reference
    _clock_init                               - Undefined Weak Reference
    _microlib_exit                            - Undefined Weak Reference
    __Vectors_End                            0x000000c0   Data           0  startup_mkl25z4.o(RESET)
    __Vectors_Size                           0x000000c0   Number         0  startup_mkl25z4.o ABSOLUTE
    __main                                   0x000000c1   Thumb Code     0  entry.o(.ARM.Collect$$$$00000000)
    _main_stk                                0x000000c1   Thumb Code     0  entry2.o(.ARM.Collect$$$$00000001)
    _main_scatterload                        0x000000c5   Thumb Code     0  entry5.o(.ARM.Collect$$$$00000004)
    __main_after_scatterload                 0x000000c9   Thumb Code     0  entry5.o(.ARM.Collect$$$$00000004)
    _main_clock                              0x000000c9   Thumb Code     0  entry7b.o(.ARM.Collect$$$$00000008)
    _main_cpp_init                           0x000000c9   Thumb Code     0  entry8b.o(.ARM.Collect$$$$0000000A)
    _main_init                               0x000000c9   Thumb Code     0  entry9a.o(.ARM.Collect$$$$0000000B)
    __rt_final_cpp                           0x000000d1   Thumb Code     0  entry10a.o(.ARM.Collect$$$$0000000D)
    __rt_final_exit                          0x000000d1   Thumb Code     0  entry11a.o(.ARM.Collect$$$$0000000F)
    Reset_Handler                            0x000000d5   Thumb Code    12  startup_mkl25z4.o(.text)
    NMI_Handler                              0x000000e1   Thumb Code     2  startup_mkl25z4.o(.text)
    HardFault_Handler                        0x000000e3   Thumb Code     2  startup_mkl25z4.o(.text)
    SVC_Handler                              0x000000e5   Thumb Code     2  startup_mkl25z4.o(.text)
    PendSV_Handler                           0x000000e7   Thumb Code     2  startup_mkl25z4.o(.text)
    SysTick_Handler                          0x000000e9   Thumb Code     2  startup_mkl25z4.o(.text)
    ADC0_IRQHandler                          0x000000eb   Thumb Code     0  startup_mkl25z4.o(.text)
    CMP0_IRQHandler                          0x000000eb   Thumb Code     0  startup_mkl25z4.o(.text)
    DAC0_IRQHandler                          0x000000eb   Thumb Code     0  startup_mkl25z4.o(.text)
    DMA0_IRQHandler                          0x000000eb   Thumb Code     0  startup_mkl25z4.o(.text)
    DMA1_IRQHandler                          0x000000eb   Thumb Code     0  startup_mkl25z4.o(.text)
    DMA2_IRQHandler                          0x000000eb   Thumb Code     0  startup_mkl25z4.o(.text)
    DMA3_IRQHandler                          0x000000eb   Thumb Code     0  startup_mkl25z4.o(.text)
    DefaultISR                               0x000000eb   Thumb Code     0  startup_mkl25z4.o(.text)
    FTFA_IRQHandler                          0x000000eb   Thumb Code     0  startup_mkl25z4.o(.text)
    I2C0_IRQHandler                          0x000000eb   Thumb Code     0  startup_mkl25z4.o(.text)
    I2C1_IRQHandler                          0x000000eb   Thumb Code     0  startup_mkl25z4.o(.text)
    LLWU_IRQHandler                          0x000000eb   Thumb Code     0  startup_mkl25z4.o(.text)
    LPTMR0_IRQHandler                        0x000000eb   Thumb Code     0  startup_mkl25z4.o(.text)
    LVD_LVW_IRQHandler                       0x000000eb   Thumb Code     0  startup_mkl25z4.o(.text)
    MCG_IRQHandler                           0x000000eb   Thumb Code     0  startup_mkl25z4.o(.text)
    PIT_IRQHandler                           0x000000eb   Thumb Code     0  startup_mkl25z4.o(.text)
    PORTA_IRQHandler                         0x000000eb   Thumb Code     0  startup_mkl25z4.o(.text)
    PORTD_IRQHandler                         0x000000eb   Thumb Code     0  startup_mkl25z4.o(.text)
    RTC_IRQHandler                           0x000000eb   Thumb Code     0  startup_mkl25z4.o(.text)
    RTC_Seconds_IRQHandler                   0x000000eb   Thumb Code     0  startup_mkl25z4.o(.text)
    Reserved20_IRQHandler                    0x000000eb   Thumb Code     0  startup_mkl25z4.o(.text)
    Reserved39_IRQHandler                    0x000000eb   Thumb Code     0  startup_mkl25z4.o(.text)
    Reserved45_IRQHandler                    0x000000eb   Thumb Code     0  startup_mkl25z4.o(.text)
    SPI0_IRQHandler                          0x000000eb   Thumb Code     0  startup_mkl25z4.o(.text)
    SPI1_IRQHandler                          0x000000eb   Thumb Code     0  startup_mkl25z4.o(.text)
    TPM0_IRQHandler                          0x000000eb   Thumb Code     0  startup_mkl25z4.o(.text)
    TPM1_IRQHandler                          0x000000eb   Thumb Code     0  startup_mkl25z4.o(.text)
    TPM2_IRQHandler                          0x000000eb   Thumb Code     0  startup_mkl25z4.o(.text)
    TSI0_IRQHandler                          0x000000eb   Thumb Code     0  startup_mkl25z4.o(.text)
    UART0_IRQHandler                         0x000000eb   Thumb Code     0  startup_mkl25z4.o(.text)
    UART1_IRQHandler                         0x000000eb   Thumb Code     0  startup_mkl25z4.o(.text)
    UART2_IRQHandler                         0x000000eb   Thumb Code     0  startup_mkl25z4.o(.text)
    USB0_IRQHandler                          0x000000eb   Thumb Code     0  startup_mkl25z4.o(.text)
    __aeabi_uidiv                            0x000000fd   Thumb Code     0  uidiv.o(.text)
    __aeabi_uidivmod                         0x000000fd   Thumb Code    44  uidiv.o(.text)
    __aeabi_idiv                             0x00000129   Thumb Code     0  idiv.o(.text)
    __aeabi_idivmod                          0x00000129   Thumb Code    40  idiv.o(.text)
    __aeabi_memcpy                           0x00000151   Thumb Code    36  memcpya.o(.text)
    __aeabi_memcpy4                          0x00000151   Thumb Code     0  memcpya.o(.text)
    __aeabi_memcpy8                          0x00000151   Thumb Code     0  memcpya.o(.text)
    __aeabi_fmul                             0x00000175   Thumb Code   122  fmul.o(.text)
    __aeabi_i2f                              0x000001ef   Thumb Code    22  fflti.o(.text)
    __aeabi_f2iz                             0x00000205   Thumb Code    50  ffixi.o(.text)
    __I$use$fp                               0x00000237   Thumb Code     0  iusefp.o(.text)
    _float_round                             0x00000237   Thumb Code    16  fepilogue.o(.text)
    _float_epilogue                          0x00000247   Thumb Code   114  fepilogue.o(.text)
    __scatterload                            0x000002b9   Thumb Code    28  init.o(.text)
    __scatterload_rt2                        0x000002b9   Thumb Code     0  init.o(.text)
    __ARM_common_switch8                     0x000002dd   Thumb Code    28  pwm.o(i.__ARM_common_switch8)
    __scatterload_copy                       0x000002f9   Thumb Code    14  handlers.o(i.__scatterload_copy)
    __scatterload_null                       0x00000307   Thumb Code     2  handlers.o(i.__scatterload_null)
    __scatterload_zeroinit                   0x00000309   Thumb Code    14  handlers.o(i.__scatterload_zeroinit)
    calc_cnv                                 0x00000317   Thumb Code    28  pwm.o(i.calc_cnv)
    calc_mod                                 0x00000333   Thumb Code    30  pwm.o(i.calc_mod)
    main                                     0x00000365   Thumb Code    84  pwm.o(i.main)
    SystemCoreClockUpdate                    0x00000411   Thumb Code   372  system_mkl25z4.o(i.SystemCoreClockUpdate)
    SystemInit                               0x000005a1   Thumb Code   266  system_mkl25z4.o(i.SystemInit)
    initPWM                                  0x000006d9   Thumb Code   170  pwm.o(i.initPWM)
    note_to_freq                             0x00000795   Thumb Code    70  pwm.o(i.note_to_freq)
    Region$$Table$$Base                      0x000007dc   Number         0  anon$$obj.o(Region$$Table)
    Region$$Table$$Limit                     0x000007fc   Number         0  anon$$obj.o(Region$$Table)
    SystemCoreClock                          0x1ffff000   Data           4  system_mkl25z4.o(.data)
    __initial_sp                             0x1ffff108   Data           0  startup_mkl25z4.o(STACK)



==============================================================================

Memory Map of the image

  Image Entry point : 0x000000d5

  Load Region LR_1 (Base: 0x00000000, Size: 0x00000800, Max: 0xffffffff, ABSOLUTE)

    Execution Region ER_RO (Exec base: 0x00000000, Load base: 0x00000000, Size: 0x000007fc, Max: 0xffffffff, ABSOLUTE)

    Exec Addr    Load Addr    Size         Type   Attr      Idx    E Section Name        Object

    0x00000000   0x00000000   0x000000c0   Data   RO           80    RESET               startup_mkl25z4.o
    0x000000c0   0x000000c0   0x00000000   Code   RO          120  * .ARM.Collect$$$$00000000  mc_p.l(entry.o)
    0x000000c0   0x000000c0   0x00000004   Code   RO          137    .ARM.Collect$$$$00000001  mc_p.l(entry2.o)
    0x000000c4   0x000000c4   0x00000004   Code   RO          140    .ARM.Collect$$$$00000004  mc_p.l(entry5.o)
    0x000000c8   0x000000c8   0x00000000   Code   RO          142    .ARM.Collect$$$$00000008  mc_p.l(entry7b.o)
    0x000000c8   0x000000c8   0x00000000   Code   RO          144    .ARM.Collect$$$$0000000A  mc_p.l(entry8b.o)
    0x000000c8   0x000000c8   0x00000008   Code   RO          145    .ARM.Collect$$$$0000000B  mc_p.l(entry9a.o)
    0x000000d0   0x000000d0   0x00000000   Code   RO          147    .ARM.Collect$$$$0000000D  mc_p.l(entry10a.o)
    0x000000d0   0x000000d0   0x00000000   Code   RO          149    .ARM.Collect$$$$0000000F  mc_p.l(entry11a.o)
    0x000000d0   0x000000d0   0x00000004   Code   RO          138    .ARM.Collect$$$$00002712  mc_p.l(entry2.o)
    0x000000d4   0x000000d4   0x00000028   Code   RO           82  * .text               startup_mkl25z4.o
    0x000000fc   0x000000fc   0x0000002c   Code   RO          123    .text               mc_p.l(uidiv.o)
    0x00000128   0x00000128   0x00000028   Code   RO          125    .text               mc_p.l(idiv.o)
    0x00000150   0x00000150   0x00000024   Code   RO          127    .text               mc_p.l(memcpya.o)
    0x00000174   0x00000174   0x0000007a   Code   RO          131    .text               mf_p.l(fmul.o)
    0x000001ee   0x000001ee   0x00000016   Code   RO          133    .text               mf_p.l(fflti.o)
    0x00000204   0x00000204   0x00000032   Code   RO          135    .text               mf_p.l(ffixi.o)
    0x00000236   0x00000236   0x00000000   Code   RO          151    .text               mc_p.l(iusefp.o)
    0x00000236   0x00000236   0x00000082   Code   RO          152    .text               mf_p.l(fepilogue.o)
    0x000002b8   0x000002b8   0x00000024   Code   RO          154    .text               mc_p.l(init.o)
    0x000002dc   0x000002dc   0x0000001c   Code   RO           49    i.__ARM_common_switch8  pwm.o
    0x000002f8   0x000002f8   0x0000000e   Code   RO          158    i.__scatterload_copy  mc_p.l(handlers.o)
    0x00000306   0x00000306   0x00000002   Code   RO          159    i.__scatterload_null  mc_p.l(handlers.o)
    0x00000308   0x00000308   0x0000000e   Code   RO          160    i.__scatterload_zeroinit  mc_p.l(handlers.o)
    0x00000316   0x00000316   0x0000001c   Code   RO            3    i.calc_cnv          pwm.o
    0x00000332   0x00000332   0x0000001e   Code   RO            4    i.calc_mod          pwm.o
    0x00000350   0x00000350   0x00000014   Code   RO            5    i.delay             pwm.o
    0x00000364   0x00000364   0x00000064   Code   RO            7    i.main              pwm.o
    0x000003c8   0x000003c8   0x00000034   Data   RO            9    .constdata          pwm.o
    0x000003fc   0x000003fc   0x00000004   PAD
    0x00000400   0x00000400   0x00000010   Code   RO           81    .ARM.__at_0x400     startup_mkl25z4.o
    0x00000410   0x00000410   0x00000190   Code   RO           90    i.SystemCoreClockUpdate  system_mkl25z4.o
    0x000005a0   0x000005a0   0x00000138   Code   RO           91    i.SystemInit        system_mkl25z4.o
    0x000006d8   0x000006d8   0x000000bc   Code   RO            6    i.initPWM           pwm.o
    0x00000794   0x00000794   0x00000046   Code   RO            8    i.note_to_freq      pwm.o
    0x000007da   0x000007da   0x00000002   PAD
    0x000007dc   0x000007dc   0x00000020   Data   RO          156    Region$$Table       anon$$obj.o


    Execution Region ER_RW (Exec base: 0x1ffff000, Load base: 0x000007fc, Size: 0x00000004, Max: 0xffffffff, ABSOLUTE)

    Exec Addr    Load Addr    Size         Type   Attr      Idx    E Section Name        Object

    0x1ffff000   0x000007fc   0x00000004   Data   RW           92    .data               system_mkl25z4.o


    Execution Region ER_ZI (Exec base: 0x1ffff004, Load base: 0x00000800, Size: 0x00000104, Max: 0xffffffff, ABSOLUTE)

    Exec Addr    Load Addr    Size         Type   Attr      Idx    E Section Name        Object

    0x1ffff004   0x00000800   0x00000004   PAD
    0x1ffff008        -       0x00000100   Zero   RW           78    STACK               startup_mkl25z4.o


==============================================================================

Image component sizes


      Code (inc. data)   RO Data    RW Data    ZI Data      Debug   Object Name

       464         44         52          0          0       7934   pwm.o
        56         30        192          0        256        836   startup_mkl25z4.o
       712         84          0          4          0       1603   system_mkl25z4.o

    ----------------------------------------------------------------------
      1234        158        280          4        260      10373   Object Totals
         0          0         32          0          0          0   (incl. Generated)
         2          0          4          0          4          0   (incl. Padding)

    ----------------------------------------------------------------------

      Code (inc. data)   RO Data    RW Data    ZI Data      Debug   Library Member Name

         0          0          0          0          0          0   entry.o
         0          0          0          0          0          0   entry10a.o
         0          0          0          0          0          0   entry11a.o
         8          4          0          0          0          0   entry2.o
         4          0          0          0          0          0   entry5.o
         0          0          0          0          0          0   entry7b.o
         0          0          0          0          0          0   entry8b.o
         8          4          0          0          0          0   entry9a.o
        30          0          0          0          0          0   handlers.o
        40          0          0          0          0         72   idiv.o
        36          8          0          0          0         68   init.o
         0          0          0          0          0          0   iusefp.o
        36          0          0          0          0         60   memcpya.o
        44          0          0          0          0         72   uidiv.o
       130          0          0          0          0        144   fepilogue.o
        50          0          0          0          0         60   ffixi.o
        22          0          0          0          0         68   fflti.o
       122          0          0          0          0         72   fmul.o

    ----------------------------------------------------------------------
       530         16          0          0          0        616   Library Totals
         0          0          0          0          0          0   (incl. Padding)

    ----------------------------------------------------------------------

      Code (inc. data)   RO Data    RW Data    ZI Data      Debug   Library Name

       206         16          0          0          0        272   mc_p.l
       324          0          0          0          0        344   mf_p.l

    ----------------------------------------------------------------------
       530         16          0          0          0        616   Library Totals

    ----------------------------------------------------------------------

==============================================================================


      Code (inc. data)   RO Data    RW Data    ZI Data      Debug   

      1764        174        280          4        260      10613   Grand Totals
      1764        174        280          4        260      10613   ELF Image Totals
      1764        174        280          4          0          0   ROM Totals

==============================================================================

    Total RO  Size (Code + RO Data)                 2044 (   2.00kB)
    Total RW  Size (RW Data + ZI Data)               264 (   0.26kB)
    Total ROM Size (Code + RO Data + RW Data)       2048 (   2.00kB)

==============================================================================

